Archive member included to satisfy reference by file (symbol)

c:/program files/atmel/studio/7.0/toolchain/avr8/avr8-gnu-toolchain/bin/../lib/gcc/avr/5.4.0/../../../../avr/lib/avr5\libm.a(addsf3.o)
                              Wheel.o (__subsf3)
c:/program files/atmel/studio/7.0/toolchain/avr8/avr8-gnu-toolchain/bin/../lib/gcc/avr/5.4.0/../../../../avr/lib/avr5\libm.a(addsf3x.o)
                              c:/program files/atmel/studio/7.0/toolchain/avr8/avr8-gnu-toolchain/bin/../lib/gcc/avr/5.4.0/../../../../avr/lib/avr5\libm.a(addsf3.o) (__addsf3x)
c:/program files/atmel/studio/7.0/toolchain/avr8/avr8-gnu-toolchain/bin/../lib/gcc/avr/5.4.0/../../../../avr/lib/avr5\libm.a(fixsfsi.o)
                              LCDn5110.o (__fixsfsi)
c:/program files/atmel/studio/7.0/toolchain/avr8/avr8-gnu-toolchain/bin/../lib/gcc/avr/5.4.0/../../../../avr/lib/avr5\libm.a(fixunssfsi.o)
                              c:/program files/atmel/studio/7.0/toolchain/avr8/avr8-gnu-toolchain/bin/../lib/gcc/avr/5.4.0/../../../../avr/lib/avr5\libm.a(fixsfsi.o) (__fixunssfsi)
c:/program files/atmel/studio/7.0/toolchain/avr8/avr8-gnu-toolchain/bin/../lib/gcc/avr/5.4.0/../../../../avr/lib/avr5\libm.a(floatsisf.o)
                              SensorsWheels.o (__floatunsisf)
c:/program files/atmel/studio/7.0/toolchain/avr8/avr8-gnu-toolchain/bin/../lib/gcc/avr/5.4.0/../../../../avr/lib/avr5\libm.a(fp_inf.o)
                              c:/program files/atmel/studio/7.0/toolchain/avr8/avr8-gnu-toolchain/bin/../lib/gcc/avr/5.4.0/../../../../avr/lib/avr5\libm.a(addsf3x.o) (__fp_inf)
c:/program files/atmel/studio/7.0/toolchain/avr8/avr8-gnu-toolchain/bin/../lib/gcc/avr/5.4.0/../../../../avr/lib/avr5\libm.a(fp_nan.o)
                              c:/program files/atmel/studio/7.0/toolchain/avr8/avr8-gnu-toolchain/bin/../lib/gcc/avr/5.4.0/../../../../avr/lib/avr5\libm.a(addsf3x.o) (__fp_nan)
c:/program files/atmel/studio/7.0/toolchain/avr8/avr8-gnu-toolchain/bin/../lib/gcc/avr/5.4.0/../../../../avr/lib/avr5\libm.a(fp_pscA.o)
                              c:/program files/atmel/studio/7.0/toolchain/avr8/avr8-gnu-toolchain/bin/../lib/gcc/avr/5.4.0/../../../../avr/lib/avr5\libm.a(addsf3x.o) (__fp_pscA)
c:/program files/atmel/studio/7.0/toolchain/avr8/avr8-gnu-toolchain/bin/../lib/gcc/avr/5.4.0/../../../../avr/lib/avr5\libm.a(fp_pscB.o)
                              c:/program files/atmel/studio/7.0/toolchain/avr8/avr8-gnu-toolchain/bin/../lib/gcc/avr/5.4.0/../../../../avr/lib/avr5\libm.a(addsf3x.o) (__fp_pscB)
c:/program files/atmel/studio/7.0/toolchain/avr8/avr8-gnu-toolchain/bin/../lib/gcc/avr/5.4.0/../../../../avr/lib/avr5\libm.a(fp_round.o)
                              c:/program files/atmel/studio/7.0/toolchain/avr8/avr8-gnu-toolchain/bin/../lib/gcc/avr/5.4.0/../../../../avr/lib/avr5\libm.a(addsf3.o) (__fp_round)
c:/program files/atmel/studio/7.0/toolchain/avr8/avr8-gnu-toolchain/bin/../lib/gcc/avr/5.4.0/../../../../avr/lib/avr5\libm.a(fp_split3.o)
                              c:/program files/atmel/studio/7.0/toolchain/avr8/avr8-gnu-toolchain/bin/../lib/gcc/avr/5.4.0/../../../../avr/lib/avr5\libm.a(addsf3x.o) (__fp_split3)
c:/program files/atmel/studio/7.0/toolchain/avr8/avr8-gnu-toolchain/bin/../lib/gcc/avr/5.4.0/../../../../avr/lib/avr5\libm.a(fp_zero.o)
                              c:/program files/atmel/studio/7.0/toolchain/avr8/avr8-gnu-toolchain/bin/../lib/gcc/avr/5.4.0/../../../../avr/lib/avr5\libm.a(addsf3x.o) (__fp_zero)
c:/program files/atmel/studio/7.0/toolchain/avr8/avr8-gnu-toolchain/bin/../lib/gcc/avr/5.4.0/../../../../avr/lib/avr5\libm.a(mulsf3.o)
                              LCDn5110.o (__mulsf3)
c:/program files/atmel/studio/7.0/toolchain/avr8/avr8-gnu-toolchain/bin/../lib/gcc/avr/5.4.0/../../../../avr/lib/avr5\libm.a(mulsf3x.o)
                              c:/program files/atmel/studio/7.0/toolchain/avr8/avr8-gnu-toolchain/bin/../lib/gcc/avr/5.4.0/../../../../avr/lib/avr5\libm.a(mulsf3.o) (__mulsf3x)
c:/program files/atmel/studio/7.0/toolchain/avr8/avr8-gnu-toolchain/bin/../lib/gcc/avr/5.4.0/avr5\libgcc.a(_divmodhi4.o)
                              LCDn5110.o (__divmodhi4)
c:/program files/atmel/studio/7.0/toolchain/avr8/avr8-gnu-toolchain/bin/../lib/gcc/avr/5.4.0/avr5\libgcc.a(_exit.o)
                              C:/Program Files/Atmel/Studio/7.0/Packs/atmel/ATmega_DFP/1.2.209/gcc/dev/atmega328/avr5/crtatmega328.o (exit)
c:/program files/atmel/studio/7.0/toolchain/avr8/avr8-gnu-toolchain/bin/../lib/gcc/avr/5.4.0/avr5\libgcc.a(_clear_bss.o)
                              LCDn5110.o (__do_clear_bss)
c:/program files/atmel/studio/7.0/toolchain/avr8/avr8-gnu-toolchain/bin/../lib/gcc/avr/5.4.0/avr5\libgcc.a(_ctors.o)
                              main.o (__do_global_ctors)
c:/program files/atmel/studio/7.0/toolchain/avr8/avr8-gnu-toolchain/bin/../lib/gcc/avr/5.4.0/avr5\libgcc.a(_udivmodhi4.o)
                              c:/program files/atmel/studio/7.0/toolchain/avr8/avr8-gnu-toolchain/bin/../lib/gcc/avr/5.4.0/avr5\libgcc.a(_divmodhi4.o) (__udivmodhi4)
c:/program files/atmel/studio/7.0/toolchain/avr8/avr8-gnu-toolchain/bin/../lib/gcc/avr/5.4.0/avr5\libgcc.a(_tablejump2.o)
                              c:/program files/atmel/studio/7.0/toolchain/avr8/avr8-gnu-toolchain/bin/../lib/gcc/avr/5.4.0/avr5\libgcc.a(_ctors.o) (__tablejump2__)

Discarded input sections

 .data          0x00000000        0x0 C:/Program Files/Atmel/Studio/7.0/Packs/atmel/ATmega_DFP/1.2.209/gcc/dev/atmega328/avr5/crtatmega328.o
 .bss           0x00000000        0x0 C:/Program Files/Atmel/Studio/7.0/Packs/atmel/ATmega_DFP/1.2.209/gcc/dev/atmega328/avr5/crtatmega328.o
 .text          0x00000000        0x0 Activity.o
 .data          0x00000000        0x0 Activity.o
 .bss           0x00000000        0x0 Activity.o
 .text          0x00000000        0x0 Button.o
 .data          0x00000000        0x0 Button.o
 .bss           0x00000000        0x0 Button.o
 .text          0x00000000        0x0 Carrage.o
 .data          0x00000000        0x0 Carrage.o
 .bss           0x00000000        0x0 Carrage.o
 .text          0x00000000        0x0 LCDn5110.o
 .data          0x00000000        0x0 LCDn5110.o
 .bss           0x00000000        0x0 LCDn5110.o
 .text._Z4gpowii
                0x00000000       0x2e LCDn5110.o
 .text._Z11LcdContrasth
                0x00000000       0x22 LCDn5110.o
 .text._Z10Lcd_printshh11LcdFontSizePKh
                0x00000000       0x3c LCDn5110.o
 .text._Z9Lcd_pixelhh12LcdPixelMode
                0x00000000       0xb0 LCDn5110.o
 .text          0x00000000        0x0 main.o
 .data          0x00000000        0x0 main.o
 .bss           0x00000000        0x0 main.o
 .text._Z14test_out_timer6Button6Output
                0x00000000       0x4a main.o
 .text._Z12test_Out_Set6Button6Output
                0x00000000       0x52 main.o
 .text._Z10test_panel5Panel6Output
                0x00000000       0x9c main.o
 .text._Z8test_LCDv
                0x00000000       0x2a main.o
 .text._Z14test_LCD_clear5Panel
                0x00000000       0x7e main.o
 .text._Z13test_LCD_weelv
                0x00000000      0x192 main.o
 .text._Z15test_cars_wheel7Carrage
                0x00000000        0xe main.o
 .text          0x00000000        0x0 Main_Screen.o
 .data          0x00000000        0x0 Main_Screen.o
 .bss           0x00000000        0x0 Main_Screen.o
 .text._ZN11Main_Screen4InitEv
                0x00000000        0x2 Main_Screen.o
 .text          0x00000000        0x0 Output.o
 .data          0x00000000        0x0 Output.o
 .bss           0x00000000        0x0 Output.o
 .text._ZN6Output3SetEb
                0x00000000       0xdc Output.o
 .text._ZN6Output9SetOnTimeEbi
                0x00000000       0x48 Output.o
 .text          0x00000000        0x0 Panel.o
 .data          0x00000000        0x0 Panel.o
 .bss           0x00000000        0x0 Panel.o
 .text          0x00000000        0x0 SensorsWheels.o
 .data          0x00000000        0x0 SensorsWheels.o
 .bss           0x00000000        0x0 SensorsWheels.o
 .text          0x00000000        0x0 Support.o
 .data          0x00000000        0x0 Support.o
 .bss           0x00000000        0x0 Support.o
 .text._ZN7Support4DownEibbbb
                0x00000000       0x78 Support.o
 .text._ZN7Support2UpEibbbb
                0x00000000       0x76 Support.o
 .text          0x00000000        0x0 Wheel.o
 .data          0x00000000        0x0 Wheel.o
 .bss           0x00000000        0x0 Wheel.o
 .text._ZN5Wheel9set_hightEv
                0x00000000        0x2 Wheel.o
 .text._ZN5Wheel8PrintLCDEv
                0x00000000        0x2 Wheel.o
 .text          0x00000000        0x0 c:/program files/atmel/studio/7.0/toolchain/avr8/avr8-gnu-toolchain/bin/../lib/gcc/avr/5.4.0/../../../../avr/lib/avr5\libm.a(addsf3.o)
 .data          0x00000000        0x0 c:/program files/atmel/studio/7.0/toolchain/avr8/avr8-gnu-toolchain/bin/../lib/gcc/avr/5.4.0/../../../../avr/lib/avr5\libm.a(addsf3.o)
 .bss           0x00000000        0x0 c:/program files/atmel/studio/7.0/toolchain/avr8/avr8-gnu-toolchain/bin/../lib/gcc/avr/5.4.0/../../../../avr/lib/avr5\libm.a(addsf3.o)
 .text          0x00000000        0x0 c:/program files/atmel/studio/7.0/toolchain/avr8/avr8-gnu-toolchain/bin/../lib/gcc/avr/5.4.0/../../../../avr/lib/avr5\libm.a(addsf3x.o)
 .data          0x00000000        0x0 c:/program files/atmel/studio/7.0/toolchain/avr8/avr8-gnu-toolchain/bin/../lib/gcc/avr/5.4.0/../../../../avr/lib/avr5\libm.a(addsf3x.o)
 .bss           0x00000000        0x0 c:/program files/atmel/studio/7.0/toolchain/avr8/avr8-gnu-toolchain/bin/../lib/gcc/avr/5.4.0/../../../../avr/lib/avr5\libm.a(addsf3x.o)
 .text          0x00000000        0x0 c:/program files/atmel/studio/7.0/toolchain/avr8/avr8-gnu-toolchain/bin/../lib/gcc/avr/5.4.0/../../../../avr/lib/avr5\libm.a(fixsfsi.o)
 .data          0x00000000        0x0 c:/program files/atmel/studio/7.0/toolchain/avr8/avr8-gnu-toolchain/bin/../lib/gcc/avr/5.4.0/../../../../avr/lib/avr5\libm.a(fixsfsi.o)
 .bss           0x00000000        0x0 c:/program files/atmel/studio/7.0/toolchain/avr8/avr8-gnu-toolchain/bin/../lib/gcc/avr/5.4.0/../../../../avr/lib/avr5\libm.a(fixsfsi.o)
 .text          0x00000000        0x0 c:/program files/atmel/studio/7.0/toolchain/avr8/avr8-gnu-toolchain/bin/../lib/gcc/avr/5.4.0/../../../../avr/lib/avr5\libm.a(fixunssfsi.o)
 .data          0x00000000        0x0 c:/program files/atmel/studio/7.0/toolchain/avr8/avr8-gnu-toolchain/bin/../lib/gcc/avr/5.4.0/../../../../avr/lib/avr5\libm.a(fixunssfsi.o)
 .bss           0x00000000        0x0 c:/program files/atmel/studio/7.0/toolchain/avr8/avr8-gnu-toolchain/bin/../lib/gcc/avr/5.4.0/../../../../avr/lib/avr5\libm.a(fixunssfsi.o)
 .text          0x00000000        0x0 c:/program files/atmel/studio/7.0/toolchain/avr8/avr8-gnu-toolchain/bin/../lib/gcc/avr/5.4.0/../../../../avr/lib/avr5\libm.a(floatsisf.o)
 .data          0x00000000        0x0 c:/program files/atmel/studio/7.0/toolchain/avr8/avr8-gnu-toolchain/bin/../lib/gcc/avr/5.4.0/../../../../avr/lib/avr5\libm.a(floatsisf.o)
 .bss           0x00000000        0x0 c:/program files/atmel/studio/7.0/toolchain/avr8/avr8-gnu-toolchain/bin/../lib/gcc/avr/5.4.0/../../../../avr/lib/avr5\libm.a(floatsisf.o)
 .text          0x00000000        0x0 c:/program files/atmel/studio/7.0/toolchain/avr8/avr8-gnu-toolchain/bin/../lib/gcc/avr/5.4.0/../../../../avr/lib/avr5\libm.a(fp_inf.o)
 .data          0x00000000        0x0 c:/program files/atmel/studio/7.0/toolchain/avr8/avr8-gnu-toolchain/bin/../lib/gcc/avr/5.4.0/../../../../avr/lib/avr5\libm.a(fp_inf.o)
 .bss           0x00000000        0x0 c:/program files/atmel/studio/7.0/toolchain/avr8/avr8-gnu-toolchain/bin/../lib/gcc/avr/5.4.0/../../../../avr/lib/avr5\libm.a(fp_inf.o)
 .text          0x00000000        0x0 c:/program files/atmel/studio/7.0/toolchain/avr8/avr8-gnu-toolchain/bin/../lib/gcc/avr/5.4.0/../../../../avr/lib/avr5\libm.a(fp_nan.o)
 .data          0x00000000        0x0 c:/program files/atmel/studio/7.0/toolchain/avr8/avr8-gnu-toolchain/bin/../lib/gcc/avr/5.4.0/../../../../avr/lib/avr5\libm.a(fp_nan.o)
 .bss           0x00000000        0x0 c:/program files/atmel/studio/7.0/toolchain/avr8/avr8-gnu-toolchain/bin/../lib/gcc/avr/5.4.0/../../../../avr/lib/avr5\libm.a(fp_nan.o)
 .text          0x00000000        0x0 c:/program files/atmel/studio/7.0/toolchain/avr8/avr8-gnu-toolchain/bin/../lib/gcc/avr/5.4.0/../../../../avr/lib/avr5\libm.a(fp_pscA.o)
 .data          0x00000000        0x0 c:/program files/atmel/studio/7.0/toolchain/avr8/avr8-gnu-toolchain/bin/../lib/gcc/avr/5.4.0/../../../../avr/lib/avr5\libm.a(fp_pscA.o)
 .bss           0x00000000        0x0 c:/program files/atmel/studio/7.0/toolchain/avr8/avr8-gnu-toolchain/bin/../lib/gcc/avr/5.4.0/../../../../avr/lib/avr5\libm.a(fp_pscA.o)
 .text          0x00000000        0x0 c:/program files/atmel/studio/7.0/toolchain/avr8/avr8-gnu-toolchain/bin/../lib/gcc/avr/5.4.0/../../../../avr/lib/avr5\libm.a(fp_pscB.o)
 .data          0x00000000        0x0 c:/program files/atmel/studio/7.0/toolchain/avr8/avr8-gnu-toolchain/bin/../lib/gcc/avr/5.4.0/../../../../avr/lib/avr5\libm.a(fp_pscB.o)
 .bss           0x00000000        0x0 c:/program files/atmel/studio/7.0/toolchain/avr8/avr8-gnu-toolchain/bin/../lib/gcc/avr/5.4.0/../../../../avr/lib/avr5\libm.a(fp_pscB.o)
 .text          0x00000000        0x0 c:/program files/atmel/studio/7.0/toolchain/avr8/avr8-gnu-toolchain/bin/../lib/gcc/avr/5.4.0/../../../../avr/lib/avr5\libm.a(fp_round.o)
 .data          0x00000000        0x0 c:/program files/atmel/studio/7.0/toolchain/avr8/avr8-gnu-toolchain/bin/../lib/gcc/avr/5.4.0/../../../../avr/lib/avr5\libm.a(fp_round.o)
 .bss           0x00000000        0x0 c:/program files/atmel/studio/7.0/toolchain/avr8/avr8-gnu-toolchain/bin/../lib/gcc/avr/5.4.0/../../../../avr/lib/avr5\libm.a(fp_round.o)
 .text          0x00000000        0x0 c:/program files/atmel/studio/7.0/toolchain/avr8/avr8-gnu-toolchain/bin/../lib/gcc/avr/5.4.0/../../../../avr/lib/avr5\libm.a(fp_split3.o)
 .data          0x00000000        0x0 c:/program files/atmel/studio/7.0/toolchain/avr8/avr8-gnu-toolchain/bin/../lib/gcc/avr/5.4.0/../../../../avr/lib/avr5\libm.a(fp_split3.o)
 .bss           0x00000000        0x0 c:/program files/atmel/studio/7.0/toolchain/avr8/avr8-gnu-toolchain/bin/../lib/gcc/avr/5.4.0/../../../../avr/lib/avr5\libm.a(fp_split3.o)
 .text          0x00000000        0x0 c:/program files/atmel/studio/7.0/toolchain/avr8/avr8-gnu-toolchain/bin/../lib/gcc/avr/5.4.0/../../../../avr/lib/avr5\libm.a(fp_zero.o)
 .data          0x00000000        0x0 c:/program files/atmel/studio/7.0/toolchain/avr8/avr8-gnu-toolchain/bin/../lib/gcc/avr/5.4.0/../../../../avr/lib/avr5\libm.a(fp_zero.o)
 .bss           0x00000000        0x0 c:/program files/atmel/studio/7.0/toolchain/avr8/avr8-gnu-toolchain/bin/../lib/gcc/avr/5.4.0/../../../../avr/lib/avr5\libm.a(fp_zero.o)
 .text          0x00000000        0x0 c:/program files/atmel/studio/7.0/toolchain/avr8/avr8-gnu-toolchain/bin/../lib/gcc/avr/5.4.0/../../../../avr/lib/avr5\libm.a(mulsf3.o)
 .data          0x00000000        0x0 c:/program files/atmel/studio/7.0/toolchain/avr8/avr8-gnu-toolchain/bin/../lib/gcc/avr/5.4.0/../../../../avr/lib/avr5\libm.a(mulsf3.o)
 .bss           0x00000000        0x0 c:/program files/atmel/studio/7.0/toolchain/avr8/avr8-gnu-toolchain/bin/../lib/gcc/avr/5.4.0/../../../../avr/lib/avr5\libm.a(mulsf3.o)
 .text          0x00000000        0x0 c:/program files/atmel/studio/7.0/toolchain/avr8/avr8-gnu-toolchain/bin/../lib/gcc/avr/5.4.0/../../../../avr/lib/avr5\libm.a(mulsf3x.o)
 .data          0x00000000        0x0 c:/program files/atmel/studio/7.0/toolchain/avr8/avr8-gnu-toolchain/bin/../lib/gcc/avr/5.4.0/../../../../avr/lib/avr5\libm.a(mulsf3x.o)
 .bss           0x00000000        0x0 c:/program files/atmel/studio/7.0/toolchain/avr8/avr8-gnu-toolchain/bin/../lib/gcc/avr/5.4.0/../../../../avr/lib/avr5\libm.a(mulsf3x.o)
 .text          0x00000000        0x0 c:/program files/atmel/studio/7.0/toolchain/avr8/avr8-gnu-toolchain/bin/../lib/gcc/avr/5.4.0/avr5\libgcc.a(_divmodhi4.o)
 .data          0x00000000        0x0 c:/program files/atmel/studio/7.0/toolchain/avr8/avr8-gnu-toolchain/bin/../lib/gcc/avr/5.4.0/avr5\libgcc.a(_divmodhi4.o)
 .bss           0x00000000        0x0 c:/program files/atmel/studio/7.0/toolchain/avr8/avr8-gnu-toolchain/bin/../lib/gcc/avr/5.4.0/avr5\libgcc.a(_divmodhi4.o)
 .text.libgcc.mul
                0x00000000        0x0 c:/program files/atmel/studio/7.0/toolchain/avr8/avr8-gnu-toolchain/bin/../lib/gcc/avr/5.4.0/avr5\libgcc.a(_divmodhi4.o)
 .text.libgcc   0x00000000        0x0 c:/program files/atmel/studio/7.0/toolchain/avr8/avr8-gnu-toolchain/bin/../lib/gcc/avr/5.4.0/avr5\libgcc.a(_divmodhi4.o)
 .text.libgcc.prologue
                0x00000000        0x0 c:/program files/atmel/studio/7.0/toolchain/avr8/avr8-gnu-toolchain/bin/../lib/gcc/avr/5.4.0/avr5\libgcc.a(_divmodhi4.o)
 .text.libgcc.builtins
                0x00000000        0x0 c:/program files/atmel/studio/7.0/toolchain/avr8/avr8-gnu-toolchain/bin/../lib/gcc/avr/5.4.0/avr5\libgcc.a(_divmodhi4.o)
 .text.libgcc.fmul
                0x00000000        0x0 c:/program files/atmel/studio/7.0/toolchain/avr8/avr8-gnu-toolchain/bin/../lib/gcc/avr/5.4.0/avr5\libgcc.a(_divmodhi4.o)
 .text.libgcc.fixed
                0x00000000        0x0 c:/program files/atmel/studio/7.0/toolchain/avr8/avr8-gnu-toolchain/bin/../lib/gcc/avr/5.4.0/avr5\libgcc.a(_divmodhi4.o)
 .text          0x00000000        0x0 c:/program files/atmel/studio/7.0/toolchain/avr8/avr8-gnu-toolchain/bin/../lib/gcc/avr/5.4.0/avr5\libgcc.a(_exit.o)
 .data          0x00000000        0x0 c:/program files/atmel/studio/7.0/toolchain/avr8/avr8-gnu-toolchain/bin/../lib/gcc/avr/5.4.0/avr5\libgcc.a(_exit.o)
 .bss           0x00000000        0x0 c:/program files/atmel/studio/7.0/toolchain/avr8/avr8-gnu-toolchain/bin/../lib/gcc/avr/5.4.0/avr5\libgcc.a(_exit.o)
 .text.libgcc.mul
                0x00000000        0x0 c:/program files/atmel/studio/7.0/toolchain/avr8/avr8-gnu-toolchain/bin/../lib/gcc/avr/5.4.0/avr5\libgcc.a(_exit.o)
 .text.libgcc.div
                0x00000000        0x0 c:/program files/atmel/studio/7.0/toolchain/avr8/avr8-gnu-toolchain/bin/../lib/gcc/avr/5.4.0/avr5\libgcc.a(_exit.o)
 .text.libgcc   0x00000000        0x0 c:/program files/atmel/studio/7.0/toolchain/avr8/avr8-gnu-toolchain/bin/../lib/gcc/avr/5.4.0/avr5\libgcc.a(_exit.o)
 .text.libgcc.prologue
                0x00000000        0x0 c:/program files/atmel/studio/7.0/toolchain/avr8/avr8-gnu-toolchain/bin/../lib/gcc/avr/5.4.0/avr5\libgcc.a(_exit.o)
 .text.libgcc.builtins
                0x00000000        0x0 c:/program files/atmel/studio/7.0/toolchain/avr8/avr8-gnu-toolchain/bin/../lib/gcc/avr/5.4.0/avr5\libgcc.a(_exit.o)
 .text.libgcc.fmul
                0x00000000        0x0 c:/program files/atmel/studio/7.0/toolchain/avr8/avr8-gnu-toolchain/bin/../lib/gcc/avr/5.4.0/avr5\libgcc.a(_exit.o)
 .text.libgcc.fixed
                0x00000000        0x0 c:/program files/atmel/studio/7.0/toolchain/avr8/avr8-gnu-toolchain/bin/../lib/gcc/avr/5.4.0/avr5\libgcc.a(_exit.o)
 .text          0x00000000        0x0 c:/program files/atmel/studio/7.0/toolchain/avr8/avr8-gnu-toolchain/bin/../lib/gcc/avr/5.4.0/avr5\libgcc.a(_clear_bss.o)
 .data          0x00000000        0x0 c:/program files/atmel/studio/7.0/toolchain/avr8/avr8-gnu-toolchain/bin/../lib/gcc/avr/5.4.0/avr5\libgcc.a(_clear_bss.o)
 .bss           0x00000000        0x0 c:/program files/atmel/studio/7.0/toolchain/avr8/avr8-gnu-toolchain/bin/../lib/gcc/avr/5.4.0/avr5\libgcc.a(_clear_bss.o)
 .text.libgcc.mul
                0x00000000        0x0 c:/program files/atmel/studio/7.0/toolchain/avr8/avr8-gnu-toolchain/bin/../lib/gcc/avr/5.4.0/avr5\libgcc.a(_clear_bss.o)
 .text.libgcc.div
                0x00000000        0x0 c:/program files/atmel/studio/7.0/toolchain/avr8/avr8-gnu-toolchain/bin/../lib/gcc/avr/5.4.0/avr5\libgcc.a(_clear_bss.o)
 .text.libgcc   0x00000000        0x0 c:/program files/atmel/studio/7.0/toolchain/avr8/avr8-gnu-toolchain/bin/../lib/gcc/avr/5.4.0/avr5\libgcc.a(_clear_bss.o)
 .text.libgcc.prologue
                0x00000000        0x0 c:/program files/atmel/studio/7.0/toolchain/avr8/avr8-gnu-toolchain/bin/../lib/gcc/avr/5.4.0/avr5\libgcc.a(_clear_bss.o)
 .text.libgcc.builtins
                0x00000000        0x0 c:/program files/atmel/studio/7.0/toolchain/avr8/avr8-gnu-toolchain/bin/../lib/gcc/avr/5.4.0/avr5\libgcc.a(_clear_bss.o)
 .text.libgcc.fmul
                0x00000000        0x0 c:/program files/atmel/studio/7.0/toolchain/avr8/avr8-gnu-toolchain/bin/../lib/gcc/avr/5.4.0/avr5\libgcc.a(_clear_bss.o)
 .text.libgcc.fixed
                0x00000000        0x0 c:/program files/atmel/studio/7.0/toolchain/avr8/avr8-gnu-toolchain/bin/../lib/gcc/avr/5.4.0/avr5\libgcc.a(_clear_bss.o)
 .text          0x00000000        0x0 c:/program files/atmel/studio/7.0/toolchain/avr8/avr8-gnu-toolchain/bin/../lib/gcc/avr/5.4.0/avr5\libgcc.a(_ctors.o)
 .data          0x00000000        0x0 c:/program files/atmel/studio/7.0/toolchain/avr8/avr8-gnu-toolchain/bin/../lib/gcc/avr/5.4.0/avr5\libgcc.a(_ctors.o)
 .bss           0x00000000        0x0 c:/program files/atmel/studio/7.0/toolchain/avr8/avr8-gnu-toolchain/bin/../lib/gcc/avr/5.4.0/avr5\libgcc.a(_ctors.o)
 .text.libgcc.mul
                0x00000000        0x0 c:/program files/atmel/studio/7.0/toolchain/avr8/avr8-gnu-toolchain/bin/../lib/gcc/avr/5.4.0/avr5\libgcc.a(_ctors.o)
 .text.libgcc.div
                0x00000000        0x0 c:/program files/atmel/studio/7.0/toolchain/avr8/avr8-gnu-toolchain/bin/../lib/gcc/avr/5.4.0/avr5\libgcc.a(_ctors.o)
 .text.libgcc   0x00000000        0x0 c:/program files/atmel/studio/7.0/toolchain/avr8/avr8-gnu-toolchain/bin/../lib/gcc/avr/5.4.0/avr5\libgcc.a(_ctors.o)
 .text.libgcc.prologue
                0x00000000        0x0 c:/program files/atmel/studio/7.0/toolchain/avr8/avr8-gnu-toolchain/bin/../lib/gcc/avr/5.4.0/avr5\libgcc.a(_ctors.o)
 .text.libgcc.builtins
                0x00000000        0x0 c:/program files/atmel/studio/7.0/toolchain/avr8/avr8-gnu-toolchain/bin/../lib/gcc/avr/5.4.0/avr5\libgcc.a(_ctors.o)
 .text.libgcc.fmul
                0x00000000        0x0 c:/program files/atmel/studio/7.0/toolchain/avr8/avr8-gnu-toolchain/bin/../lib/gcc/avr/5.4.0/avr5\libgcc.a(_ctors.o)
 .text.libgcc.fixed
                0x00000000        0x0 c:/program files/atmel/studio/7.0/toolchain/avr8/avr8-gnu-toolchain/bin/../lib/gcc/avr/5.4.0/avr5\libgcc.a(_ctors.o)
 .text          0x00000000        0x0 c:/program files/atmel/studio/7.0/toolchain/avr8/avr8-gnu-toolchain/bin/../lib/gcc/avr/5.4.0/avr5\libgcc.a(_udivmodhi4.o)
 .data          0x00000000        0x0 c:/program files/atmel/studio/7.0/toolchain/avr8/avr8-gnu-toolchain/bin/../lib/gcc/avr/5.4.0/avr5\libgcc.a(_udivmodhi4.o)
 .bss           0x00000000        0x0 c:/program files/atmel/studio/7.0/toolchain/avr8/avr8-gnu-toolchain/bin/../lib/gcc/avr/5.4.0/avr5\libgcc.a(_udivmodhi4.o)
 .text.libgcc.mul
                0x00000000        0x0 c:/program files/atmel/studio/7.0/toolchain/avr8/avr8-gnu-toolchain/bin/../lib/gcc/avr/5.4.0/avr5\libgcc.a(_udivmodhi4.o)
 .text.libgcc   0x00000000        0x0 c:/program files/atmel/studio/7.0/toolchain/avr8/avr8-gnu-toolchain/bin/../lib/gcc/avr/5.4.0/avr5\libgcc.a(_udivmodhi4.o)
 .text.libgcc.prologue
                0x00000000        0x0 c:/program files/atmel/studio/7.0/toolchain/avr8/avr8-gnu-toolchain/bin/../lib/gcc/avr/5.4.0/avr5\libgcc.a(_udivmodhi4.o)
 .text.libgcc.builtins
                0x00000000        0x0 c:/program files/atmel/studio/7.0/toolchain/avr8/avr8-gnu-toolchain/bin/../lib/gcc/avr/5.4.0/avr5\libgcc.a(_udivmodhi4.o)
 .text.libgcc.fmul
                0x00000000        0x0 c:/program files/atmel/studio/7.0/toolchain/avr8/avr8-gnu-toolchain/bin/../lib/gcc/avr/5.4.0/avr5\libgcc.a(_udivmodhi4.o)
 .text.libgcc.fixed
                0x00000000        0x0 c:/program files/atmel/studio/7.0/toolchain/avr8/avr8-gnu-toolchain/bin/../lib/gcc/avr/5.4.0/avr5\libgcc.a(_udivmodhi4.o)
 .text          0x00000000        0x0 c:/program files/atmel/studio/7.0/toolchain/avr8/avr8-gnu-toolchain/bin/../lib/gcc/avr/5.4.0/avr5\libgcc.a(_tablejump2.o)
 .data          0x00000000        0x0 c:/program files/atmel/studio/7.0/toolchain/avr8/avr8-gnu-toolchain/bin/../lib/gcc/avr/5.4.0/avr5\libgcc.a(_tablejump2.o)
 .bss           0x00000000        0x0 c:/program files/atmel/studio/7.0/toolchain/avr8/avr8-gnu-toolchain/bin/../lib/gcc/avr/5.4.0/avr5\libgcc.a(_tablejump2.o)
 .text.libgcc.mul
                0x00000000        0x0 c:/program files/atmel/studio/7.0/toolchain/avr8/avr8-gnu-toolchain/bin/../lib/gcc/avr/5.4.0/avr5\libgcc.a(_tablejump2.o)
 .text.libgcc.div
                0x00000000        0x0 c:/program files/atmel/studio/7.0/toolchain/avr8/avr8-gnu-toolchain/bin/../lib/gcc/avr/5.4.0/avr5\libgcc.a(_tablejump2.o)
 .text.libgcc.prologue
                0x00000000        0x0 c:/program files/atmel/studio/7.0/toolchain/avr8/avr8-gnu-toolchain/bin/../lib/gcc/avr/5.4.0/avr5\libgcc.a(_tablejump2.o)
 .text.libgcc.builtins
                0x00000000        0x0 c:/program files/atmel/studio/7.0/toolchain/avr8/avr8-gnu-toolchain/bin/../lib/gcc/avr/5.4.0/avr5\libgcc.a(_tablejump2.o)
 .text.libgcc.fmul
                0x00000000        0x0 c:/program files/atmel/studio/7.0/toolchain/avr8/avr8-gnu-toolchain/bin/../lib/gcc/avr/5.4.0/avr5\libgcc.a(_tablejump2.o)
 .text.libgcc.fixed
                0x00000000        0x0 c:/program files/atmel/studio/7.0/toolchain/avr8/avr8-gnu-toolchain/bin/../lib/gcc/avr/5.4.0/avr5\libgcc.a(_tablejump2.o)

Memory Configuration

Name             Origin             Length             Attributes
text             0x00000000         0x00020000         xr
data             0x00800060         0x0000ffa0         rw !x
eeprom           0x00810000         0x00010000         rw !x
fuse             0x00820000         0x00000003         rw !x
lock             0x00830000         0x00000400         rw !x
signature        0x00840000         0x00000400         rw !x
user_signatures  0x00850000         0x00000400         rw !x
*default*        0x00000000         0xffffffff

Linker script and memory map

Address of section .data set to 0x800100
LOAD C:/Program Files/Atmel/Studio/7.0/Packs/atmel/ATmega_DFP/1.2.209/gcc/dev/atmega328/avr5/crtatmega328.o
LOAD Activity.o
LOAD Button.o
LOAD Carrage.o
LOAD LCDn5110.o
LOAD main.o
LOAD Main_Screen.o
LOAD Output.o
LOAD Panel.o
LOAD SensorsWheels.o
LOAD Support.o
LOAD Wheel.o
START GROUP
LOAD c:/program files/atmel/studio/7.0/toolchain/avr8/avr8-gnu-toolchain/bin/../lib/gcc/avr/5.4.0/../../../../avr/lib/avr5\libm.a
END GROUP
LOAD c:/program files/atmel/studio/7.0/toolchain/avr8/avr8-gnu-toolchain/bin/../lib/gcc/avr/5.4.0/avr5\libgcc.a
LOAD c:/program files/atmel/studio/7.0/toolchain/avr8/avr8-gnu-toolchain/bin/../lib/gcc/avr/5.4.0/../../../../avr/lib/avr5\libm.a
START GROUP
LOAD c:/program files/atmel/studio/7.0/toolchain/avr8/avr8-gnu-toolchain/bin/../lib/gcc/avr/5.4.0/avr5\libgcc.a
LOAD c:/program files/atmel/studio/7.0/toolchain/avr8/avr8-gnu-toolchain/bin/../lib/gcc/avr/5.4.0/../../../../avr/lib/avr5\libm.a
LOAD c:/program files/atmel/studio/7.0/toolchain/avr8/avr8-gnu-toolchain/bin/../lib/gcc/avr/5.4.0/../../../../avr/lib/avr5\libc.a
LOAD C:/Program Files/Atmel/Studio/7.0/Packs/atmel/ATmega_DFP/1.2.209/gcc/dev/atmega328/avr5\libatmega328.a
END GROUP
                0x00020000                __TEXT_REGION_LENGTH__ = DEFINED (__TEXT_REGION_LENGTH__)?__TEXT_REGION_LENGTH__:0x20000
                0x0000ffa0                __DATA_REGION_LENGTH__ = DEFINED (__DATA_REGION_LENGTH__)?__DATA_REGION_LENGTH__:0xffa0
                0x00010000                __EEPROM_REGION_LENGTH__ = DEFINED (__EEPROM_REGION_LENGTH__)?__EEPROM_REGION_LENGTH__:0x10000
                [0x00000003]                __FUSE_REGION_LENGTH__ = DEFINED (__FUSE_REGION_LENGTH__)?__FUSE_REGION_LENGTH__:0x400
                0x00000400                __LOCK_REGION_LENGTH__ = DEFINED (__LOCK_REGION_LENGTH__)?__LOCK_REGION_LENGTH__:0x400
                0x00000400                __SIGNATURE_REGION_LENGTH__ = DEFINED (__SIGNATURE_REGION_LENGTH__)?__SIGNATURE_REGION_LENGTH__:0x400
                0x00000400                __USER_SIGNATURE_REGION_LENGTH__ = DEFINED (__USER_SIGNATURE_REGION_LENGTH__)?__USER_SIGNATURE_REGION_LENGTH__:0x400

.hash
 *(.hash)

.dynsym
 *(.dynsym)

.dynstr
 *(.dynstr)

.gnu.version
 *(.gnu.version)

.gnu.version_d
 *(.gnu.version_d)

.gnu.version_r
 *(.gnu.version_r)

.rel.init
 *(.rel.init)

.rela.init
 *(.rela.init)

.rel.text
 *(.rel.text)
 *(.rel.text.*)
 *(.rel.gnu.linkonce.t*)

.rela.text
 *(.rela.text)
 *(.rela.text.*)
 *(.rela.gnu.linkonce.t*)

.rel.fini
 *(.rel.fini)

.rela.fini
 *(.rela.fini)

.rel.rodata
 *(.rel.rodata)
 *(.rel.rodata.*)
 *(.rel.gnu.linkonce.r*)

.rela.rodata
 *(.rela.rodata)
 *(.rela.rodata.*)
 *(.rela.gnu.linkonce.r*)

.rel.data
 *(.rel.data)
 *(.rel.data.*)
 *(.rel.gnu.linkonce.d*)

.rela.data
 *(.rela.data)
 *(.rela.data.*)
 *(.rela.gnu.linkonce.d*)

.rel.ctors
 *(.rel.ctors)

.rela.ctors
 *(.rela.ctors)

.rel.dtors
 *(.rel.dtors)

.rela.dtors
 *(.rela.dtors)

.rel.got
 *(.rel.got)

.rela.got
 *(.rela.got)

.rel.bss
 *(.rel.bss)

.rela.bss
 *(.rela.bss)

.rel.plt
 *(.rel.plt)

.rela.plt
 *(.rela.plt)

.text           0x00000000     0x2714
 *(.vectors)
 .vectors       0x00000000       0x68 C:/Program Files/Atmel/Studio/7.0/Packs/atmel/ATmega_DFP/1.2.209/gcc/dev/atmega328/avr5/crtatmega328.o
                0x00000000                __vector_default
                0x00000000                __vectors
 *(.vectors)
 *(.progmem.gcc*)
                0x00000068                . = ALIGN (0x2)
                0x00000068                __trampolines_start = .
 *(.trampolines)
 .trampolines   0x00000068        0x0 linker stubs
 *(.trampolines*)
                0x00000068                __trampolines_end = .
 *libprintf_flt.a:*(.progmem.data)
 *libc.a:*(.progmem.data)
 *(.progmem*)
 .progmem.data._ZL10StepLevels
                0x00000068      0x1e0 LCDn5110.o
 .progmem.data._ZL10FontLookup
                0x00000248      0x486 LCDn5110.o
                0x000006ce                . = ALIGN (0x2)
 *(.jumptables)
 *(.jumptables*)
 *(.lowtext)
 *(.lowtext*)
                0x000006ce                __ctors_start = .
 *(.ctors)
 .ctors         0x000006ce        0x2 main.o
                0x000006d0                __ctors_end = .
                0x000006d0                __dtors_start = .
 *(.dtors)
                0x000006d0                __dtors_end = .
 SORT(*)(.ctors)
 SORT(*)(.dtors)
 *(.init0)
 .init0         0x000006d0        0x0 C:/Program Files/Atmel/Studio/7.0/Packs/atmel/ATmega_DFP/1.2.209/gcc/dev/atmega328/avr5/crtatmega328.o
                0x000006d0                __init
 *(.init0)
 *(.init1)
 *(.init1)
 *(.init2)
 .init2         0x000006d0        0xc C:/Program Files/Atmel/Studio/7.0/Packs/atmel/ATmega_DFP/1.2.209/gcc/dev/atmega328/avr5/crtatmega328.o
 *(.init2)
 *(.init3)
 *(.init3)
 *(.init4)
 .init4         0x000006dc       0x10 c:/program files/atmel/studio/7.0/toolchain/avr8/avr8-gnu-toolchain/bin/../lib/gcc/avr/5.4.0/avr5\libgcc.a(_clear_bss.o)
                0x000006dc                __do_clear_bss
 *(.init4)
 *(.init5)
 *(.init5)
 *(.init6)
 .init6         0x000006ec       0x16 c:/program files/atmel/studio/7.0/toolchain/avr8/avr8-gnu-toolchain/bin/../lib/gcc/avr/5.4.0/avr5\libgcc.a(_ctors.o)
                0x000006ec                __do_global_ctors
 *(.init6)
 *(.init7)
 *(.init7)
 *(.init8)
 *(.init8)
 *(.init9)
 .init9         0x00000702        0x8 C:/Program Files/Atmel/Studio/7.0/Packs/atmel/ATmega_DFP/1.2.209/gcc/dev/atmega328/avr5/crtatmega328.o
 *(.init9)
 *(.text)
 .text          0x0000070a        0x4 C:/Program Files/Atmel/Studio/7.0/Packs/atmel/ATmega_DFP/1.2.209/gcc/dev/atmega328/avr5/crtatmega328.o
                0x0000070a                __vector_22
                0x0000070a                __vector_1
                0x0000070a                __vector_24
                0x0000070a                __vector_12
                0x0000070a                __bad_interrupt
                0x0000070a                __vector_6
                0x0000070a                __vector_3
                0x0000070a                __vector_23
                0x0000070a                __vector_25
                0x0000070a                __vector_11
                0x0000070a                __vector_13
                0x0000070a                __vector_17
                0x0000070a                __vector_19
                0x0000070a                __vector_7
                0x0000070a                __vector_5
                0x0000070a                __vector_4
                0x0000070a                __vector_9
                0x0000070a                __vector_2
                0x0000070a                __vector_21
                0x0000070a                __vector_15
                0x0000070a                __vector_8
                0x0000070a                __vector_14
                0x0000070a                __vector_10
                0x0000070a                __vector_16
                0x0000070a                __vector_18
                0x0000070a                __vector_20
                0x0000070e                . = ALIGN (0x2)
 *(.text.*)
 .text._ZN8ActivityC2Ev
                0x0000070e        0x2 Activity.o
                0x0000070e                _ZN8ActivityC2Ev
                0x0000070e                _ZN8ActivityC1Ev
 .text._ZN8Activity4InitEv
                0x00000710      0x272 Activity.o
                0x00000710                _ZN8Activity4InitEv
 .text._ZN8Activity11SelectWheelER7Carrage
                0x00000982       0x4a Activity.o
                0x00000982                _ZN8Activity11SelectWheelER7Carrage
 .text._ZN8Activity16Main_Screen_MoveE5PanelR7Carrage
                0x000009cc       0xf8 Activity.o
                0x000009cc                _ZN8Activity16Main_Screen_MoveE5PanelR7Carrage
 .text._ZN8Activity17Adjusting_CarrageE5PanelR7Carrage
                0x00000ac4      0x152 Activity.o
                0x00000ac4                _ZN8Activity17Adjusting_CarrageE5PanelR7Carrage
 .text._ZN8Activity13Cursor_ActionE5PanelR7Carrage
                0x00000c16       0xda Activity.o
                0x00000c16                _ZN8Activity13Cursor_ActionE5PanelR7Carrage
 .text._ZN8Activity12get_val_stepEv
                0x00000cf0       0x22 Activity.o
                0x00000cf0                _ZN8Activity12get_val_stepEv
 .text._ZN6ButtonC2Ev
                0x00000d12        0x2 Button.o
                0x00000d12                _ZN6ButtonC2Ev
                0x00000d12                _ZN6ButtonC1Ev
 .text._ZN6Button4InitEci
                0x00000d14       0x74 Button.o
                0x00000d14                _ZN6Button4InitEci
 .text._ZN6Button7PressedEi
                0x00000d88       0xb4 Button.o
                0x00000d88                _ZN6Button7PressedEi
 .text._ZN7CarrageC2Ev
                0x00000e3c       0x32 Carrage.o
                0x00000e3c                _ZN7CarrageC2Ev
                0x00000e3c                _ZN7CarrageC1Ev
 .text._ZN7Carrage4InitE5WheelS0_S0_S0_
                0x00000e6e       0x5e Carrage.o
                0x00000e6e                _ZN7Carrage4InitE5WheelS0_S0_S0_
 .text._ZN7Carrage12beforeAdjastEv
                0x00000ecc       0x28 Carrage.o
                0x00000ecc                _ZN7Carrage12beforeAdjastEv
 .text._ZN7Carrage9AjustmentEv
                0x00000ef4      0x14c Carrage.o
                0x00000ef4                _ZN7Carrage9AjustmentEv
 .text._ZN7Carrage2UpEf
                0x00001040       0x4e Carrage.o
                0x00001040                _ZN7Carrage2UpEf
 .text._ZN7Carrage4DownEf
                0x0000108e       0x4e Carrage.o
                0x0000108e                _ZN7Carrage4DownEf
 .text._ZL7LcdSendh10LcdCmdData
                0x000010dc       0x18 LCDn5110.o
 .text._Z5gftoafi
                0x000010f4      0x11a LCDn5110.o
                0x000010f4                _Z5gftoafi
 .text._Z8Lcd_initv
                0x0000120e       0x44 LCDn5110.o
                0x0000120e                _Z8Lcd_initv
 .text._Z9Lcd_clearv
                0x00001252       0x2a LCDn5110.o
                0x00001252                _Z9Lcd_clearv
 .text._Z10Lcd_updatev
                0x0000127c       0xcc LCDn5110.o
                0x0000127c                _Z10Lcd_updatev
 .text._Z9LcdGotoXYhh
                0x00001348       0x36 LCDn5110.o
                0x00001348                _Z9LcdGotoXYhh
 .text._Z11LcdChr_fullh
                0x0000137e       0x46 LCDn5110.o
                0x0000137e                _Z11LcdChr_fullh
 .text._Z12LcdStepLevelh
                0x000013c4       0x4c LCDn5110.o
                0x000013c4                _Z12LcdStepLevelh
 .text._Z6LcdChr11LcdFontSizeh
                0x00001410      0x1ce LCDn5110.o
                0x00001410                _Z6LcdChr11LcdFontSizeh
 .text._Z9Lcd_printhh11LcdFontSizePh
                0x000015de       0x42 LCDn5110.o
                0x000015de                _Z9Lcd_printhh11LcdFontSizePh
 .text._Z10Lcd_printfhh11LcdFontSizefi
                0x00001620       0x3a LCDn5110.o
                0x00001620                _Z10Lcd_printfhh11LcdFontSizefi
 .text._Z14Initialisationv
                0x0000165a      0x1a6 main.o
                0x0000165a                _Z14Initialisationv
 .text.main     0x00001800      0x11a main.o
                0x00001800                main
 .text._GLOBAL__sub_I__Z14test_out_timer6Button6Output
                0x0000191a       0x72 main.o
 .text._ZN11Main_ScreenC2Ev
                0x0000198c        0x2 Main_Screen.o
                0x0000198c                _ZN11Main_ScreenC2Ev
                0x0000198c                _ZN11Main_ScreenC1Ev
 .text._ZN11Main_Screen9Draw_menuEv
                0x0000198e       0x1e Main_Screen.o
                0x0000198e                _ZN11Main_Screen9Draw_menuEv
 .text._ZN11Main_Screen10Draw_WheelE5Wheel
                0x000019ac      0x1e2 Main_Screen.o
                0x000019ac                _ZN11Main_Screen10Draw_WheelE5Wheel
 .text._ZN11Main_Screen12Draw_CarrageE7Carrage
                0x00001b8e       0xd8 Main_Screen.o
                0x00001b8e                _ZN11Main_Screen12Draw_CarrageE7Carrage
 .text._ZN11Main_Screen23Draw_adjustment_carrageEi
                0x00001c66       0x7a Main_Screen.o
                0x00001c66                _ZN11Main_Screen23Draw_adjustment_carrageEi
 .text._ZN11Main_Screen11Draw_CursorE8Activity
                0x00001ce0       0xd2 Main_Screen.o
                0x00001ce0                _ZN11Main_Screen11Draw_CursorE8Activity
 .text._ZN11Main_Screen16Print_Step_ValueE8Activity
                0x00001db2       0x5a Main_Screen.o
                0x00001db2                _ZN11Main_Screen16Print_Step_ValueE8Activity
 .text._ZN11Main_Screen6RenderE8Activity7Carrage
                0x00001e0c       0xd8 Main_Screen.o
                0x00001e0c                _ZN11Main_Screen6RenderE8Activity7Carrage
 .text._ZN6OutputC2Ev
                0x00001ee4        0x2 Output.o
                0x00001ee4                _ZN6OutputC2Ev
                0x00001ee4                _ZN6OutputC1Ev
 .text._ZN6Output4InitEci
                0x00001ee6       0x56 Output.o
                0x00001ee6                _ZN6Output4InitEci
 .text._ZN5PanelC2Ev
                0x00001f3c       0x30 Panel.o
                0x00001f3c                _ZN5PanelC2Ev
                0x00001f3c                _ZN5PanelC1Ev
 .text._ZN5Panel4InitE6ButtonS0_S0_S0_S0_
                0x00001f6c       0x54 Panel.o
                0x00001f6c                _ZN5Panel4InitE6ButtonS0_S0_S0_S0_
 .text._ZN5Panel7PressedEi
                0x00001fc0       0x78 Panel.o
                0x00001fc0                _ZN5Panel7PressedEi
 .text._ZN13SensorsWheelsC2Ev
                0x00002038        0x2 SensorsWheels.o
                0x00002038                _ZN13SensorsWheelsC1Ev
                0x00002038                _ZN13SensorsWheelsC2Ev
 .text._ZN13SensorsWheels4InitEv
                0x0000203a       0x16 SensorsWheels.o
                0x0000203a                _ZN13SensorsWheels4InitEv
 .text._ZN13SensorsWheels9getParamsEi
                0x00002050       0x8e SensorsWheels.o
                0x00002050                _ZN13SensorsWheels9getParamsEi
 .text._ZL8send_i2ch
                0x000020de       0x2c Support.o
 .text._ZL9write_i2chh
                0x0000210a       0x44 Support.o
 .text._ZN7SupportC2Ev
                0x0000214e        0x2 Support.o
                0x0000214e                _ZN7SupportC2Ev
                0x0000214e                _ZN7SupportC1Ev
 .text._ZN7Support4InitEv
                0x00002150        0xa Support.o
                0x00002150                _ZN7Support4InitEv
 .text._ZN7Support6AdjastEiiiii
                0x0000215a       0xa6 Support.o
                0x0000215a                _ZN7Support6AdjastEiiiii
 .text._ZN5WheelC2Ev
                0x00002200        0x8 Wheel.o
                0x00002200                _ZN5WheelC2Ev
                0x00002200                _ZN5WheelC1Ev
 .text._ZN5Wheel4InitEi
                0x00002208       0x30 Wheel.o
                0x00002208                _ZN5Wheel4InitEi
 .text._ZN5Wheel9get_hightEv
                0x00002238       0x1e Wheel.o
                0x00002238                _ZN5Wheel9get_hightEv
 .text._ZN5Wheel12initialHightEv
                0x00002256       0x20 Wheel.o
                0x00002256                _ZN5Wheel12initialHightEv
 .text._ZN5Wheel13takeDerectionEv
                0x00002276       0x8e Wheel.o
                0x00002276                _ZN5Wheel13takeDerectionEv
 .text._ZN5Wheel6SelectEv
                0x00002304        0xc Wheel.o
                0x00002304                _ZN5Wheel6SelectEv
 .text._ZN5Wheel2UpEf
                0x00002310       0x34 Wheel.o
                0x00002310                _ZN5Wheel2UpEf
 .text._ZN5Wheel4DownEf
                0x00002344       0x34 Wheel.o
                0x00002344                _ZN5Wheel4DownEf
 .text.avr-libc.fplib
                0x00002378        0xe c:/program files/atmel/studio/7.0/toolchain/avr8/avr8-gnu-toolchain/bin/../lib/gcc/avr/5.4.0/../../../../avr/lib/avr5\libm.a(addsf3.o)
                0x00002378                __subsf3
                0x0000237a                __addsf3
 .text.avr-libc.fplib
                0x00002386       0xcc c:/program files/atmel/studio/7.0/toolchain/avr8/avr8-gnu-toolchain/bin/../lib/gcc/avr/5.4.0/../../../../avr/lib/avr5\libm.a(addsf3x.o)
                0x000023a8                __addsf3x
 .text.avr-libc.fplib
                0x00002452        0xe c:/program files/atmel/studio/7.0/toolchain/avr8/avr8-gnu-toolchain/bin/../lib/gcc/avr/5.4.0/../../../../avr/lib/avr5\libm.a(fixsfsi.o)
                0x00002452                __fixsfsi
 .text.avr-libc.fplib
                0x00002460       0x5e c:/program files/atmel/studio/7.0/toolchain/avr8/avr8-gnu-toolchain/bin/../lib/gcc/avr/5.4.0/../../../../avr/lib/avr5\libm.a(fixunssfsi.o)
                0x00002460                __fixunssfsi
 .text.avr-libc.fplib
                0x000024be       0x7a c:/program files/atmel/studio/7.0/toolchain/avr8/avr8-gnu-toolchain/bin/../lib/gcc/avr/5.4.0/../../../../avr/lib/avr5\libm.a(floatsisf.o)
                0x000024be                __floatunsisf
                0x000024c2                __floatsisf
 .text.avr-libc.fplib
                0x00002538        0xc c:/program files/atmel/studio/7.0/toolchain/avr8/avr8-gnu-toolchain/bin/../lib/gcc/avr/5.4.0/../../../../avr/lib/avr5\libm.a(fp_inf.o)
                0x00002538                __fp_inf
 .text.avr-libc.fplib
                0x00002544        0x6 c:/program files/atmel/studio/7.0/toolchain/avr8/avr8-gnu-toolchain/bin/../lib/gcc/avr/5.4.0/../../../../avr/lib/avr5\libm.a(fp_nan.o)
                0x00002544                __fp_nan
 .text.avr-libc.fplib
                0x0000254a        0xe c:/program files/atmel/studio/7.0/toolchain/avr8/avr8-gnu-toolchain/bin/../lib/gcc/avr/5.4.0/../../../../avr/lib/avr5\libm.a(fp_pscA.o)
                0x0000254a                __fp_pscA
 .text.avr-libc.fplib
                0x00002558        0xe c:/program files/atmel/studio/7.0/toolchain/avr8/avr8-gnu-toolchain/bin/../lib/gcc/avr/5.4.0/../../../../avr/lib/avr5\libm.a(fp_pscB.o)
                0x00002558                __fp_pscB
 .text.avr-libc.fplib
                0x00002566       0x22 c:/program files/atmel/studio/7.0/toolchain/avr8/avr8-gnu-toolchain/bin/../lib/gcc/avr/5.4.0/../../../../avr/lib/avr5\libm.a(fp_round.o)
                0x00002566                __fp_round
 .text.avr-libc.fplib
                0x00002588       0x44 c:/program files/atmel/studio/7.0/toolchain/avr8/avr8-gnu-toolchain/bin/../lib/gcc/avr/5.4.0/../../../../avr/lib/avr5\libm.a(fp_split3.o)
                0x00002588                __fp_split3
                0x00002598                __fp_splitA
 .text.avr-libc.fplib
                0x000025cc        0xe c:/program files/atmel/studio/7.0/toolchain/avr8/avr8-gnu-toolchain/bin/../lib/gcc/avr/5.4.0/../../../../avr/lib/avr5\libm.a(fp_zero.o)
                0x000025cc                __fp_zero
                0x000025ce                __fp_szero
 .text.avr-libc.fplib
                0x000025da        0x8 c:/program files/atmel/studio/7.0/toolchain/avr8/avr8-gnu-toolchain/bin/../lib/gcc/avr/5.4.0/../../../../avr/lib/avr5\libm.a(mulsf3.o)
                0x000025da                __mulsf3
 .text.avr-libc.fplib
                0x000025e2       0xd2 c:/program files/atmel/studio/7.0/toolchain/avr8/avr8-gnu-toolchain/bin/../lib/gcc/avr/5.4.0/../../../../avr/lib/avr5\libm.a(mulsf3x.o)
                0x00002600                __mulsf3x
                0x00002606                __mulsf3_pse
 .text.libgcc.div
                0x000026b4       0x28 c:/program files/atmel/studio/7.0/toolchain/avr8/avr8-gnu-toolchain/bin/../lib/gcc/avr/5.4.0/avr5\libgcc.a(_divmodhi4.o)
                0x000026b4                _div
                0x000026b4                __divmodhi4
 .text.libgcc.div
                0x000026dc       0x28 c:/program files/atmel/studio/7.0/toolchain/avr8/avr8-gnu-toolchain/bin/../lib/gcc/avr/5.4.0/avr5\libgcc.a(_udivmodhi4.o)
                0x000026dc                __udivmodhi4
 .text.libgcc   0x00002704        0xc c:/program files/atmel/studio/7.0/toolchain/avr8/avr8-gnu-toolchain/bin/../lib/gcc/avr/5.4.0/avr5\libgcc.a(_tablejump2.o)
                0x00002704                __tablejump2__
                0x00002710                . = ALIGN (0x2)
 *(.fini9)
 .fini9         0x00002710        0x0 c:/program files/atmel/studio/7.0/toolchain/avr8/avr8-gnu-toolchain/bin/../lib/gcc/avr/5.4.0/avr5\libgcc.a(_exit.o)
                0x00002710                _exit
                0x00002710                exit
 *(.fini9)
 *(.fini8)
 *(.fini8)
 *(.fini7)
 *(.fini7)
 *(.fini6)
 *(.fini6)
 *(.fini5)
 *(.fini5)
 *(.fini4)
 *(.fini4)
 *(.fini3)
 *(.fini3)
 *(.fini2)
 *(.fini2)
 *(.fini1)
 *(.fini1)
 *(.fini0)
 .fini0         0x00002710        0x4 c:/program files/atmel/studio/7.0/toolchain/avr8/avr8-gnu-toolchain/bin/../lib/gcc/avr/5.4.0/avr5\libgcc.a(_exit.o)
 *(.fini0)
                0x00002714                _etext = .

.data           0x00800100        0x0 load address 0x00002714
                [!provide]                PROVIDE (__data_start, .)
 *(.data)
 *(.data*)
 *(.gnu.linkonce.d*)
 *(.rodata)
 *(.rodata*)
 *(.gnu.linkonce.r*)
                0x00800100                . = ALIGN (0x2)
                0x00800100                _edata = .
                [!provide]                PROVIDE (__data_end, .)

.bss            0x00800100      0x37e
                0x00800100                PROVIDE (__bss_start, .)
 *(.bss)
 *(.bss*)
 .bss._ZZ5gftoafiE3buf
                0x00800100       0x10 LCDn5110.o
 .bss._ZL11LcdCacheIdx
                0x00800110        0x2 LCDn5110.o
 .bss._ZL11HiWaterMark
                0x00800112        0x2 LCDn5110.o
 .bss._ZL11LoWaterMark
                0x00800114        0x2 LCDn5110.o
 .bss._ZL8LcdCache
                0x00800116      0x1f8 LCDn5110.o
 .bss.activity  0x0080030e       0x9e main.o
                0x0080030e                activity
 .bss.mainScreen
                0x008003ac        0x1 main.o
                0x008003ac                mainScreen
 .bss.suppot_1  0x008003ad        0x3 main.o
                0x008003ad                suppot_1
 .bss.panel     0x008003b0        0xf main.o
                0x008003b0                panel
 .bss.carrage   0x008003bf       0x60 main.o
                0x008003bf                carrage
 .bss.wheel_lr  0x0080041f       0x14 main.o
                0x0080041f                wheel_lr
 .bss.wheel_rr  0x00800433       0x14 main.o
                0x00800433                wheel_rr
 .bss.wheel_rf  0x00800447       0x14 main.o
                0x00800447                wheel_rf
 .bss.wheel_lf  0x0080045b       0x14 main.o
                0x0080045b                wheel_lf
 .bss.rightButton
                0x0080046f        0x3 main.o
                0x0080046f                rightButton
 .bss.leftButton
                0x00800472        0x3 main.o
                0x00800472                leftButton
 .bss.downButton
                0x00800475        0x3 main.o
                0x00800475                downButton
 .bss.upButton  0x00800478        0x3 main.o
                0x00800478                upButton
 .bss.okButton  0x0080047b        0x3 main.o
                0x0080047b                okButton
 *(COMMON)
                0x0080047e                PROVIDE (__bss_end, .)
                0x00002714                __data_load_start = LOADADDR (.data)
                0x00002714                __data_load_end = (__data_load_start + SIZEOF (.data))

.noinit         0x0080047e        0x0
                [!provide]                PROVIDE (__noinit_start, .)
 *(.noinit*)
                [!provide]                PROVIDE (__noinit_end, .)
                0x0080047e                _end = .
                [!provide]                PROVIDE (__heap_start, .)

.eeprom         0x00810000        0x0
 *(.eeprom*)
                0x00810000                __eeprom_end = .

.fuse
 *(.fuse)
 *(.lfuse)
 *(.hfuse)
 *(.efuse)

.lock
 *(.lock*)

.signature
 *(.signature*)

.user_signatures
 *(.user_signatures*)

.stab
 *(.stab)

.stabstr
 *(.stabstr)

.stab.excl
 *(.stab.excl)

.stab.exclstr
 *(.stab.exclstr)

.stab.index
 *(.stab.index)

.stab.indexstr
 *(.stab.indexstr)

.comment        0x00000000       0x30
 *(.comment)
 .comment       0x00000000       0x30 Activity.o
                                 0x31 (size before relaxing)
 .comment       0x00000030       0x31 Button.o
 .comment       0x00000030       0x31 Carrage.o
 .comment       0x00000030       0x31 LCDn5110.o
 .comment       0x00000030       0x31 main.o
 .comment       0x00000030       0x31 Main_Screen.o
 .comment       0x00000030       0x31 Output.o
 .comment       0x00000030       0x31 Panel.o
 .comment       0x00000030       0x31 SensorsWheels.o
 .comment       0x00000030       0x31 Support.o
 .comment       0x00000030       0x31 Wheel.o

.note.gnu.avr.deviceinfo
                0x00000000       0x3c
 .note.gnu.avr.deviceinfo
                0x00000000       0x3c C:/Program Files/Atmel/Studio/7.0/Packs/atmel/ATmega_DFP/1.2.209/gcc/dev/atmega328/avr5/crtatmega328.o

.note.gnu.build-id
 *(.note.gnu.build-id)

.debug
 *(.debug)

.line
 *(.line)

.debug_srcinfo
 *(.debug_srcinfo)

.debug_sfnames
 *(.debug_sfnames)

.debug_aranges  0x00000000      0x370
 *(.debug_aranges)
 .debug_aranges
                0x00000000       0x50 Activity.o
 .debug_aranges
                0x00000050       0x30 Button.o
 .debug_aranges
                0x00000080       0x48 Carrage.o
 .debug_aranges
                0x000000c8       0x90 LCDn5110.o
 .debug_aranges
                0x00000158       0x68 main.o
 .debug_aranges
                0x000001c0       0x60 Main_Screen.o
 .debug_aranges
                0x00000220       0x38 Output.o
 .debug_aranges
                0x00000258       0x30 Panel.o
 .debug_aranges
                0x00000288       0x30 SensorsWheels.o
 .debug_aranges
                0x000002b8       0x50 Support.o
 .debug_aranges
                0x00000308       0x68 Wheel.o

.debug_pubnames
 *(.debug_pubnames)

.debug_info     0x00000000     0x7343
 *(.debug_info .gnu.linkonce.wi.*)
 .debug_info    0x00000000      0x5f4 C:/Program Files/Atmel/Studio/7.0/Packs/atmel/ATmega_DFP/1.2.209/gcc/dev/atmega328/avr5/crtatmega328.o
 .debug_info    0x000005f4      0xbd0 Activity.o
 .debug_info    0x000011c4      0x1e8 Button.o
 .debug_info    0x000013ac      0x99d Carrage.o
 .debug_info    0x00001d49      0xa15 LCDn5110.o
 .debug_info    0x0000275e     0x1edd main.o
 .debug_info    0x0000463b     0x18b7 Main_Screen.o
 .debug_info    0x00005ef2      0x323 Output.o
 .debug_info    0x00006215      0x3f9 Panel.o
 .debug_info    0x0000660e      0x1a6 SensorsWheels.o
 .debug_info    0x000067b4      0x651 Support.o
 .debug_info    0x00006e05      0x53e Wheel.o

.debug_abbrev   0x00000000     0x1d5b
 *(.debug_abbrev)
 .debug_abbrev  0x00000000      0x5a2 C:/Program Files/Atmel/Studio/7.0/Packs/atmel/ATmega_DFP/1.2.209/gcc/dev/atmega328/avr5/crtatmega328.o
 .debug_abbrev  0x000005a2      0x22d Activity.o
 .debug_abbrev  0x000007cf      0x147 Button.o
 .debug_abbrev  0x00000916      0x1f9 Carrage.o
 .debug_abbrev  0x00000b0f      0x2dc LCDn5110.o
 .debug_abbrev  0x00000deb      0x361 main.o
 .debug_abbrev  0x0000114c      0x2f9 Main_Screen.o
 .debug_abbrev  0x00001445      0x217 Output.o
 .debug_abbrev  0x0000165c      0x189 Panel.o
 .debug_abbrev  0x000017e5      0x12d SensorsWheels.o
 .debug_abbrev  0x00001912      0x287 Support.o
 .debug_abbrev  0x00001b99      0x1c2 Wheel.o

.debug_line     0x00000000     0x1d6b
 *(.debug_line .debug_line.* .debug_line_end)
 .debug_line    0x00000000      0x133 C:/Program Files/Atmel/Studio/7.0/Packs/atmel/ATmega_DFP/1.2.209/gcc/dev/atmega328/avr5/crtatmega328.o
 .debug_line    0x00000133      0x34d Activity.o
 .debug_line    0x00000480       0xf9 Button.o
 .debug_line    0x00000579      0x1c8 Carrage.o
 .debug_line    0x00000741      0x5b6 LCDn5110.o
 .debug_line    0x00000cf7      0x500 main.o
 .debug_line    0x000011f7      0x37d Main_Screen.o
 .debug_line    0x00001574      0x1bf Output.o
 .debug_line    0x00001733       0xeb Panel.o
 .debug_line    0x0000181e       0xdd SensorsWheels.o
 .debug_line    0x000018fb      0x2ea Support.o
 .debug_line    0x00001be5      0x186 Wheel.o

.debug_frame    0x00000000      0xaf8
 *(.debug_frame)
 .debug_frame   0x00000000      0x16c Activity.o
 .debug_frame   0x0000016c       0x44 Button.o
 .debug_frame   0x000001b0      0x13c Carrage.o
 .debug_frame   0x000002ec      0x1b0 LCDn5110.o
 .debug_frame   0x0000049c      0x1b0 main.o
 .debug_frame   0x0000064c      0x140 Main_Screen.o
 .debug_frame   0x0000078c       0x70 Output.o
 .debug_frame   0x000007fc       0x9c Panel.o
 .debug_frame   0x00000898       0x44 SensorsWheels.o
 .debug_frame   0x000008dc       0xfc Support.o
 .debug_frame   0x000009d8      0x120 Wheel.o

.debug_str      0x00000000     0x132c
 *(.debug_str)
 .debug_str     0x00000000      0x208 C:/Program Files/Atmel/Studio/7.0/Packs/atmel/ATmega_DFP/1.2.209/gcc/dev/atmega328/avr5/crtatmega328.o
 .debug_str     0x00000208      0x72a Activity.o
                                0x7e6 (size before relaxing)
 .debug_str     0x00000932       0x31 Button.o
                                0x219 (size before relaxing)
 .debug_str     0x00000963       0x4c Carrage.o
                                0x514 (size before relaxing)
 .debug_str     0x000009af      0x2de LCDn5110.o
                                0x4a8 (size before relaxing)
 .debug_str     0x00000c8d      0x47f main.o
                                0xc95 (size before relaxing)
 .debug_str     0x0000110c       0x6b Main_Screen.o
                                0xa8c (size before relaxing)
 .debug_str     0x00001177       0x65 Output.o
                                0x273 (size before relaxing)
 .debug_str     0x000011dc       0x44 Panel.o
                                0x251 (size before relaxing)
 .debug_str     0x00001220       0x3b SensorsWheels.o
                                0x242 (size before relaxing)
 .debug_str     0x0000125b       0xb4 Support.o
                                0x321 (size before relaxing)
 .debug_str     0x0000130f       0x1d Wheel.o
                                0x394 (size before relaxing)

.debug_loc      0x00000000     0x33cf
 *(.debug_loc)
 .debug_loc     0x00000000      0x542 Activity.o
 .debug_loc     0x00000542      0x12b Button.o
 .debug_loc     0x0000066d      0x444 Carrage.o
 .debug_loc     0x00000ab1      0xd96 LCDn5110.o
 .debug_loc     0x00001847      0x422 main.o
 .debug_loc     0x00001c69      0x5db Main_Screen.o
 .debug_loc     0x00002244      0x326 Output.o
 .debug_loc     0x0000256a      0x236 Panel.o
 .debug_loc     0x000027a0       0xa3 SensorsWheels.o
 .debug_loc     0x00002843      0x7a6 Support.o
 .debug_loc     0x00002fe9      0x3e6 Wheel.o

.debug_macinfo
 *(.debug_macinfo)

.debug_weaknames
 *(.debug_weaknames)

.debug_funcnames
 *(.debug_funcnames)

.debug_typenames
 *(.debug_typenames)

.debug_varnames
 *(.debug_varnames)

.debug_pubtypes
 *(.debug_pubtypes)

.debug_ranges   0x00000000      0x2c0
 *(.debug_ranges)
 .debug_ranges  0x00000000       0x40 Activity.o
 .debug_ranges  0x00000040       0x20 Button.o
 .debug_ranges  0x00000060       0x38 Carrage.o
 .debug_ranges  0x00000098       0x80 LCDn5110.o
 .debug_ranges  0x00000118       0x58 main.o
 .debug_ranges  0x00000170       0x50 Main_Screen.o
 .debug_ranges  0x000001c0       0x28 Output.o
 .debug_ranges  0x000001e8       0x20 Panel.o
 .debug_ranges  0x00000208       0x20 SensorsWheels.o
 .debug_ranges  0x00000228       0x40 Support.o
 .debug_ranges  0x00000268       0x58 Wheel.o

.debug_macro
 *(.debug_macro)
OUTPUT(CarSupport.elf elf32-avr)
LOAD linker stubs
