Archive member included to satisfy reference by file (symbol)

c:/program files/atmel/studio/7.0/toolchain/avr8/avr8-gnu-toolchain/bin/../lib/gcc/avr/5.4.0/../../../../avr/lib/avr5\libm.a(addsf3.o)
                              Activity.o (__subsf3)
c:/program files/atmel/studio/7.0/toolchain/avr8/avr8-gnu-toolchain/bin/../lib/gcc/avr/5.4.0/../../../../avr/lib/avr5\libm.a(addsf3x.o)
                              c:/program files/atmel/studio/7.0/toolchain/avr8/avr8-gnu-toolchain/bin/../lib/gcc/avr/5.4.0/../../../../avr/lib/avr5\libm.a(addsf3.o) (__addsf3x)
c:/program files/atmel/studio/7.0/toolchain/avr8/avr8-gnu-toolchain/bin/../lib/gcc/avr/5.4.0/../../../../avr/lib/avr5\libm.a(cmpsf2.o)
                              Wheel.o (__eqsf2)
c:/program files/atmel/studio/7.0/toolchain/avr8/avr8-gnu-toolchain/bin/../lib/gcc/avr/5.4.0/../../../../avr/lib/avr5\libm.a(divsf3.o)
                              Screen.o (__divsf3)
c:/program files/atmel/studio/7.0/toolchain/avr8/avr8-gnu-toolchain/bin/../lib/gcc/avr/5.4.0/../../../../avr/lib/avr5\libm.a(divsf3x.o)
                              c:/program files/atmel/studio/7.0/toolchain/avr8/avr8-gnu-toolchain/bin/../lib/gcc/avr/5.4.0/../../../../avr/lib/avr5\libm.a(divsf3.o) (__divsf3x)
c:/program files/atmel/studio/7.0/toolchain/avr8/avr8-gnu-toolchain/bin/../lib/gcc/avr/5.4.0/../../../../avr/lib/avr5\libm.a(fixsfsi.o)
                              Carrage.o (__fixsfsi)
c:/program files/atmel/studio/7.0/toolchain/avr8/avr8-gnu-toolchain/bin/../lib/gcc/avr/5.4.0/../../../../avr/lib/avr5\libm.a(fixunssfsi.o)
                              c:/program files/atmel/studio/7.0/toolchain/avr8/avr8-gnu-toolchain/bin/../lib/gcc/avr/5.4.0/../../../../avr/lib/avr5\libm.a(fixsfsi.o) (__fixunssfsi)
c:/program files/atmel/studio/7.0/toolchain/avr8/avr8-gnu-toolchain/bin/../lib/gcc/avr/5.4.0/../../../../avr/lib/avr5\libm.a(floatsisf.o)
                              SensorsWheels.o (__floatunsisf)
c:/program files/atmel/studio/7.0/toolchain/avr8/avr8-gnu-toolchain/bin/../lib/gcc/avr/5.4.0/../../../../avr/lib/avr5\libm.a(fp_cmp.o)
                              c:/program files/atmel/studio/7.0/toolchain/avr8/avr8-gnu-toolchain/bin/../lib/gcc/avr/5.4.0/../../../../avr/lib/avr5\libm.a(cmpsf2.o) (__fp_cmp)
c:/program files/atmel/studio/7.0/toolchain/avr8/avr8-gnu-toolchain/bin/../lib/gcc/avr/5.4.0/../../../../avr/lib/avr5\libm.a(fp_inf.o)
                              c:/program files/atmel/studio/7.0/toolchain/avr8/avr8-gnu-toolchain/bin/../lib/gcc/avr/5.4.0/../../../../avr/lib/avr5\libm.a(addsf3x.o) (__fp_inf)
c:/program files/atmel/studio/7.0/toolchain/avr8/avr8-gnu-toolchain/bin/../lib/gcc/avr/5.4.0/../../../../avr/lib/avr5\libm.a(fp_nan.o)
                              c:/program files/atmel/studio/7.0/toolchain/avr8/avr8-gnu-toolchain/bin/../lib/gcc/avr/5.4.0/../../../../avr/lib/avr5\libm.a(addsf3x.o) (__fp_nan)
c:/program files/atmel/studio/7.0/toolchain/avr8/avr8-gnu-toolchain/bin/../lib/gcc/avr/5.4.0/../../../../avr/lib/avr5\libm.a(fp_pscA.o)
                              c:/program files/atmel/studio/7.0/toolchain/avr8/avr8-gnu-toolchain/bin/../lib/gcc/avr/5.4.0/../../../../avr/lib/avr5\libm.a(addsf3x.o) (__fp_pscA)
c:/program files/atmel/studio/7.0/toolchain/avr8/avr8-gnu-toolchain/bin/../lib/gcc/avr/5.4.0/../../../../avr/lib/avr5\libm.a(fp_pscB.o)
                              c:/program files/atmel/studio/7.0/toolchain/avr8/avr8-gnu-toolchain/bin/../lib/gcc/avr/5.4.0/../../../../avr/lib/avr5\libm.a(addsf3x.o) (__fp_pscB)
c:/program files/atmel/studio/7.0/toolchain/avr8/avr8-gnu-toolchain/bin/../lib/gcc/avr/5.4.0/../../../../avr/lib/avr5\libm.a(fp_round.o)
                              c:/program files/atmel/studio/7.0/toolchain/avr8/avr8-gnu-toolchain/bin/../lib/gcc/avr/5.4.0/../../../../avr/lib/avr5\libm.a(addsf3.o) (__fp_round)
c:/program files/atmel/studio/7.0/toolchain/avr8/avr8-gnu-toolchain/bin/../lib/gcc/avr/5.4.0/../../../../avr/lib/avr5\libm.a(fp_split3.o)
                              c:/program files/atmel/studio/7.0/toolchain/avr8/avr8-gnu-toolchain/bin/../lib/gcc/avr/5.4.0/../../../../avr/lib/avr5\libm.a(addsf3x.o) (__fp_split3)
c:/program files/atmel/studio/7.0/toolchain/avr8/avr8-gnu-toolchain/bin/../lib/gcc/avr/5.4.0/../../../../avr/lib/avr5\libm.a(fp_zero.o)
                              c:/program files/atmel/studio/7.0/toolchain/avr8/avr8-gnu-toolchain/bin/../lib/gcc/avr/5.4.0/../../../../avr/lib/avr5\libm.a(addsf3x.o) (__fp_zero)
c:/program files/atmel/studio/7.0/toolchain/avr8/avr8-gnu-toolchain/bin/../lib/gcc/avr/5.4.0/../../../../avr/lib/avr5\libm.a(gesf2.o)
                              Activity.o (__gesf2)
c:/program files/atmel/studio/7.0/toolchain/avr8/avr8-gnu-toolchain/bin/../lib/gcc/avr/5.4.0/../../../../avr/lib/avr5\libm.a(mulsf3.o)
                              Carrage.o (__mulsf3)
c:/program files/atmel/studio/7.0/toolchain/avr8/avr8-gnu-toolchain/bin/../lib/gcc/avr/5.4.0/../../../../avr/lib/avr5\libm.a(mulsf3x.o)
                              c:/program files/atmel/studio/7.0/toolchain/avr8/avr8-gnu-toolchain/bin/../lib/gcc/avr/5.4.0/../../../../avr/lib/avr5\libm.a(mulsf3.o) (__mulsf3x)
c:/program files/atmel/studio/7.0/toolchain/avr8/avr8-gnu-toolchain/bin/../lib/gcc/avr/5.4.0/avr5\libgcc.a(_divmodhi4.o)
                              LCDn5110.o (__divmodhi4)
c:/program files/atmel/studio/7.0/toolchain/avr8/avr8-gnu-toolchain/bin/../lib/gcc/avr/5.4.0/avr5\libgcc.a(_exit.o)
                              C:/Program Files/Atmel/Studio/7.0/Packs/atmel/ATmega_DFP/1.2.209/gcc/dev/atmega328/avr5/crtatmega328.o (exit)
c:/program files/atmel/studio/7.0/toolchain/avr8/avr8-gnu-toolchain/bin/../lib/gcc/avr/5.4.0/avr5\libgcc.a(_tablejump2.o)
                              Activity.o (__tablejump2__)
c:/program files/atmel/studio/7.0/toolchain/avr8/avr8-gnu-toolchain/bin/../lib/gcc/avr/5.4.0/avr5\libgcc.a(_copy_data.o)
                              Screen.o (__do_copy_data)
c:/program files/atmel/studio/7.0/toolchain/avr8/avr8-gnu-toolchain/bin/../lib/gcc/avr/5.4.0/avr5\libgcc.a(_clear_bss.o)
                              LCDn5110.o (__do_clear_bss)
c:/program files/atmel/studio/7.0/toolchain/avr8/avr8-gnu-toolchain/bin/../lib/gcc/avr/5.4.0/avr5\libgcc.a(_ctors.o)
                              main.o (__do_global_ctors)
c:/program files/atmel/studio/7.0/toolchain/avr8/avr8-gnu-toolchain/bin/../lib/gcc/avr/5.4.0/avr5\libgcc.a(_udivmodhi4.o)
                              c:/program files/atmel/studio/7.0/toolchain/avr8/avr8-gnu-toolchain/bin/../lib/gcc/avr/5.4.0/avr5\libgcc.a(_divmodhi4.o) (__udivmodhi4)
C:/Program Files/Atmel/Studio/7.0/Packs/atmel/ATmega_DFP/1.2.209/gcc/dev/atmega328/avr5\libatmega328.a(eerd_byte.o)
                              main.o (eeprom_read_byte)
C:/Program Files/Atmel/Studio/7.0/Packs/atmel/ATmega_DFP/1.2.209/gcc/dev/atmega328/avr5\libatmega328.a(eerd_dword.o)
                              main.o (eeprom_read_float)
C:/Program Files/Atmel/Studio/7.0/Packs/atmel/ATmega_DFP/1.2.209/gcc/dev/atmega328/avr5\libatmega328.a(eewr_byte.o)
                              main.o (eeprom_write_byte)
C:/Program Files/Atmel/Studio/7.0/Packs/atmel/ATmega_DFP/1.2.209/gcc/dev/atmega328/avr5\libatmega328.a(eewr_dword.o)
                              main.o (eeprom_write_float)
C:/Program Files/Atmel/Studio/7.0/Packs/atmel/ATmega_DFP/1.2.209/gcc/dev/atmega328/avr5\libatmega328.a(eewr_word.o)
                              C:/Program Files/Atmel/Studio/7.0/Packs/atmel/ATmega_DFP/1.2.209/gcc/dev/atmega328/avr5\libatmega328.a(eewr_dword.o) (eeprom_write_word)
C:/Program Files/Atmel/Studio/7.0/Packs/atmel/ATmega_DFP/1.2.209/gcc/dev/atmega328/avr5\libatmega328.a(eerd_block.o)
                              C:/Program Files/Atmel/Studio/7.0/Packs/atmel/ATmega_DFP/1.2.209/gcc/dev/atmega328/avr5\libatmega328.a(eerd_dword.o) (eeprom_read_blraw)

Discarded input sections

 .data          0x00000000        0x0 C:/Program Files/Atmel/Studio/7.0/Packs/atmel/ATmega_DFP/1.2.209/gcc/dev/atmega328/avr5/crtatmega328.o
 .bss           0x00000000        0x0 C:/Program Files/Atmel/Studio/7.0/Packs/atmel/ATmega_DFP/1.2.209/gcc/dev/atmega328/avr5/crtatmega328.o
 .text          0x00000000        0x0 Activity.o
 .data          0x00000000        0x0 Activity.o
 .bss           0x00000000        0x0 Activity.o
 .text._ZN8Activity14SelectAllWheelER7Carrage
                0x00000000        0x8 Activity.o
 .text          0x00000000        0x0 Button.o
 .data          0x00000000        0x0 Button.o
 .bss           0x00000000        0x0 Button.o
 .text          0x00000000        0x0 Carrage.o
 .data          0x00000000        0x0 Carrage.o
 .bss           0x00000000        0x0 Carrage.o
 .text._ZN7Carrage13IfForseAdjastEv
                0x00000000        0x2 Carrage.o
 .text._ZN7Carrage16DiSelectAllWheelEv
                0x00000000       0x14 Carrage.o
 .text          0x00000000        0x0 LCDn5110.o
 .data          0x00000000        0x0 LCDn5110.o
 .bss           0x00000000        0x0 LCDn5110.o
 .text._Z4gpowii
                0x00000000       0x2e LCDn5110.o
 .text._Z11LcdContrasth
                0x00000000       0x22 LCDn5110.o
 .text._Z10Lcd_printshh11LcdFontSizePKh
                0x00000000       0x3c LCDn5110.o
 .text._Z9Lcd_pixelhh12LcdPixelMode
                0x00000000       0xb0 LCDn5110.o
 .text          0x00000000        0x0 main.o
 .data          0x00000000        0x0 main.o
 .bss           0x00000000        0x0 main.o
 .text._Z14test_out_timer6Button6Output
                0x00000000       0x64 main.o
 .text._Z12test_Out_Set6Button6Output
                0x00000000       0x6c main.o
 .text._Z10test_panel5Panel6Output
                0x00000000       0x46 main.o
 .text._Z8test_LCDv
                0x00000000       0x2a main.o
 .text._Z14test_LCD_clear5Panel
                0x00000000       0x28 main.o
 .text._Z13test_LCD_weelv
                0x00000000      0x192 main.o
 .text._Z15test_cars_wheel7Carrage
                0x00000000        0xe main.o
 .text          0x00000000        0x0 Screen.o
 .data          0x00000000        0x0 Screen.o
 .bss           0x00000000        0x0 Screen.o
 .text._ZN6Screen4InitEv
                0x00000000        0x2 Screen.o
 .text          0x00000000        0x0 Panel.o
 .data          0x00000000        0x0 Panel.o
 .bss           0x00000000        0x0 Panel.o
 .text          0x00000000        0x0 SensorsWheels.o
 .data          0x00000000        0x0 SensorsWheels.o
 .bss           0x00000000        0x0 SensorsWheels.o
 .text          0x00000000        0x0 Support.o
 .data          0x00000000        0x0 Support.o
 .bss           0x00000000        0x0 Support.o
 .text._ZN7Support4DownEibbbb
                0x00000000       0x78 Support.o
 .text._ZN7Support2UpEibbbb
                0x00000000       0x76 Support.o
 .text          0x00000000        0x0 Wheel.o
 .data          0x00000000        0x0 Wheel.o
 .bss           0x00000000        0x0 Wheel.o
 .text          0x00000000        0x0 c:/program files/atmel/studio/7.0/toolchain/avr8/avr8-gnu-toolchain/bin/../lib/gcc/avr/5.4.0/../../../../avr/lib/avr5\libm.a(addsf3.o)
 .data          0x00000000        0x0 c:/program files/atmel/studio/7.0/toolchain/avr8/avr8-gnu-toolchain/bin/../lib/gcc/avr/5.4.0/../../../../avr/lib/avr5\libm.a(addsf3.o)
 .bss           0x00000000        0x0 c:/program files/atmel/studio/7.0/toolchain/avr8/avr8-gnu-toolchain/bin/../lib/gcc/avr/5.4.0/../../../../avr/lib/avr5\libm.a(addsf3.o)
 .text          0x00000000        0x0 c:/program files/atmel/studio/7.0/toolchain/avr8/avr8-gnu-toolchain/bin/../lib/gcc/avr/5.4.0/../../../../avr/lib/avr5\libm.a(addsf3x.o)
 .data          0x00000000        0x0 c:/program files/atmel/studio/7.0/toolchain/avr8/avr8-gnu-toolchain/bin/../lib/gcc/avr/5.4.0/../../../../avr/lib/avr5\libm.a(addsf3x.o)
 .bss           0x00000000        0x0 c:/program files/atmel/studio/7.0/toolchain/avr8/avr8-gnu-toolchain/bin/../lib/gcc/avr/5.4.0/../../../../avr/lib/avr5\libm.a(addsf3x.o)
 .text          0x00000000        0x0 c:/program files/atmel/studio/7.0/toolchain/avr8/avr8-gnu-toolchain/bin/../lib/gcc/avr/5.4.0/../../../../avr/lib/avr5\libm.a(cmpsf2.o)
 .data          0x00000000        0x0 c:/program files/atmel/studio/7.0/toolchain/avr8/avr8-gnu-toolchain/bin/../lib/gcc/avr/5.4.0/../../../../avr/lib/avr5\libm.a(cmpsf2.o)
 .bss           0x00000000        0x0 c:/program files/atmel/studio/7.0/toolchain/avr8/avr8-gnu-toolchain/bin/../lib/gcc/avr/5.4.0/../../../../avr/lib/avr5\libm.a(cmpsf2.o)
 .text          0x00000000        0x0 c:/program files/atmel/studio/7.0/toolchain/avr8/avr8-gnu-toolchain/bin/../lib/gcc/avr/5.4.0/../../../../avr/lib/avr5\libm.a(divsf3.o)
 .data          0x00000000        0x0 c:/program files/atmel/studio/7.0/toolchain/avr8/avr8-gnu-toolchain/bin/../lib/gcc/avr/5.4.0/../../../../avr/lib/avr5\libm.a(divsf3.o)
 .bss           0x00000000        0x0 c:/program files/atmel/studio/7.0/toolchain/avr8/avr8-gnu-toolchain/bin/../lib/gcc/avr/5.4.0/../../../../avr/lib/avr5\libm.a(divsf3.o)
 .text          0x00000000        0x0 c:/program files/atmel/studio/7.0/toolchain/avr8/avr8-gnu-toolchain/bin/../lib/gcc/avr/5.4.0/../../../../avr/lib/avr5\libm.a(divsf3x.o)
 .data          0x00000000        0x0 c:/program files/atmel/studio/7.0/toolchain/avr8/avr8-gnu-toolchain/bin/../lib/gcc/avr/5.4.0/../../../../avr/lib/avr5\libm.a(divsf3x.o)
 .bss           0x00000000        0x0 c:/program files/atmel/studio/7.0/toolchain/avr8/avr8-gnu-toolchain/bin/../lib/gcc/avr/5.4.0/../../../../avr/lib/avr5\libm.a(divsf3x.o)
 .text          0x00000000        0x0 c:/program files/atmel/studio/7.0/toolchain/avr8/avr8-gnu-toolchain/bin/../lib/gcc/avr/5.4.0/../../../../avr/lib/avr5\libm.a(fixsfsi.o)
 .data          0x00000000        0x0 c:/program files/atmel/studio/7.0/toolchain/avr8/avr8-gnu-toolchain/bin/../lib/gcc/avr/5.4.0/../../../../avr/lib/avr5\libm.a(fixsfsi.o)
 .bss           0x00000000        0x0 c:/program files/atmel/studio/7.0/toolchain/avr8/avr8-gnu-toolchain/bin/../lib/gcc/avr/5.4.0/../../../../avr/lib/avr5\libm.a(fixsfsi.o)
 .text          0x00000000        0x0 c:/program files/atmel/studio/7.0/toolchain/avr8/avr8-gnu-toolchain/bin/../lib/gcc/avr/5.4.0/../../../../avr/lib/avr5\libm.a(fixunssfsi.o)
 .data          0x00000000        0x0 c:/program files/atmel/studio/7.0/toolchain/avr8/avr8-gnu-toolchain/bin/../lib/gcc/avr/5.4.0/../../../../avr/lib/avr5\libm.a(fixunssfsi.o)
 .bss           0x00000000        0x0 c:/program files/atmel/studio/7.0/toolchain/avr8/avr8-gnu-toolchain/bin/../lib/gcc/avr/5.4.0/../../../../avr/lib/avr5\libm.a(fixunssfsi.o)
 .text          0x00000000        0x0 c:/program files/atmel/studio/7.0/toolchain/avr8/avr8-gnu-toolchain/bin/../lib/gcc/avr/5.4.0/../../../../avr/lib/avr5\libm.a(floatsisf.o)
 .data          0x00000000        0x0 c:/program files/atmel/studio/7.0/toolchain/avr8/avr8-gnu-toolchain/bin/../lib/gcc/avr/5.4.0/../../../../avr/lib/avr5\libm.a(floatsisf.o)
 .bss           0x00000000        0x0 c:/program files/atmel/studio/7.0/toolchain/avr8/avr8-gnu-toolchain/bin/../lib/gcc/avr/5.4.0/../../../../avr/lib/avr5\libm.a(floatsisf.o)
 .text          0x00000000        0x0 c:/program files/atmel/studio/7.0/toolchain/avr8/avr8-gnu-toolchain/bin/../lib/gcc/avr/5.4.0/../../../../avr/lib/avr5\libm.a(fp_cmp.o)
 .data          0x00000000        0x0 c:/program files/atmel/studio/7.0/toolchain/avr8/avr8-gnu-toolchain/bin/../lib/gcc/avr/5.4.0/../../../../avr/lib/avr5\libm.a(fp_cmp.o)
 .bss           0x00000000        0x0 c:/program files/atmel/studio/7.0/toolchain/avr8/avr8-gnu-toolchain/bin/../lib/gcc/avr/5.4.0/../../../../avr/lib/avr5\libm.a(fp_cmp.o)
 .text          0x00000000        0x0 c:/program files/atmel/studio/7.0/toolchain/avr8/avr8-gnu-toolchain/bin/../lib/gcc/avr/5.4.0/../../../../avr/lib/avr5\libm.a(fp_inf.o)
 .data          0x00000000        0x0 c:/program files/atmel/studio/7.0/toolchain/avr8/avr8-gnu-toolchain/bin/../lib/gcc/avr/5.4.0/../../../../avr/lib/avr5\libm.a(fp_inf.o)
 .bss           0x00000000        0x0 c:/program files/atmel/studio/7.0/toolchain/avr8/avr8-gnu-toolchain/bin/../lib/gcc/avr/5.4.0/../../../../avr/lib/avr5\libm.a(fp_inf.o)
 .text          0x00000000        0x0 c:/program files/atmel/studio/7.0/toolchain/avr8/avr8-gnu-toolchain/bin/../lib/gcc/avr/5.4.0/../../../../avr/lib/avr5\libm.a(fp_nan.o)
 .data          0x00000000        0x0 c:/program files/atmel/studio/7.0/toolchain/avr8/avr8-gnu-toolchain/bin/../lib/gcc/avr/5.4.0/../../../../avr/lib/avr5\libm.a(fp_nan.o)
 .bss           0x00000000        0x0 c:/program files/atmel/studio/7.0/toolchain/avr8/avr8-gnu-toolchain/bin/../lib/gcc/avr/5.4.0/../../../../avr/lib/avr5\libm.a(fp_nan.o)
 .text          0x00000000        0x0 c:/program files/atmel/studio/7.0/toolchain/avr8/avr8-gnu-toolchain/bin/../lib/gcc/avr/5.4.0/../../../../avr/lib/avr5\libm.a(fp_pscA.o)
 .data          0x00000000        0x0 c:/program files/atmel/studio/7.0/toolchain/avr8/avr8-gnu-toolchain/bin/../lib/gcc/avr/5.4.0/../../../../avr/lib/avr5\libm.a(fp_pscA.o)
 .bss           0x00000000        0x0 c:/program files/atmel/studio/7.0/toolchain/avr8/avr8-gnu-toolchain/bin/../lib/gcc/avr/5.4.0/../../../../avr/lib/avr5\libm.a(fp_pscA.o)
 .text          0x00000000        0x0 c:/program files/atmel/studio/7.0/toolchain/avr8/avr8-gnu-toolchain/bin/../lib/gcc/avr/5.4.0/../../../../avr/lib/avr5\libm.a(fp_pscB.o)
 .data          0x00000000        0x0 c:/program files/atmel/studio/7.0/toolchain/avr8/avr8-gnu-toolchain/bin/../lib/gcc/avr/5.4.0/../../../../avr/lib/avr5\libm.a(fp_pscB.o)
 .bss           0x00000000        0x0 c:/program files/atmel/studio/7.0/toolchain/avr8/avr8-gnu-toolchain/bin/../lib/gcc/avr/5.4.0/../../../../avr/lib/avr5\libm.a(fp_pscB.o)
 .text          0x00000000        0x0 c:/program files/atmel/studio/7.0/toolchain/avr8/avr8-gnu-toolchain/bin/../lib/gcc/avr/5.4.0/../../../../avr/lib/avr5\libm.a(fp_round.o)
 .data          0x00000000        0x0 c:/program files/atmel/studio/7.0/toolchain/avr8/avr8-gnu-toolchain/bin/../lib/gcc/avr/5.4.0/../../../../avr/lib/avr5\libm.a(fp_round.o)
 .bss           0x00000000        0x0 c:/program files/atmel/studio/7.0/toolchain/avr8/avr8-gnu-toolchain/bin/../lib/gcc/avr/5.4.0/../../../../avr/lib/avr5\libm.a(fp_round.o)
 .text          0x00000000        0x0 c:/program files/atmel/studio/7.0/toolchain/avr8/avr8-gnu-toolchain/bin/../lib/gcc/avr/5.4.0/../../../../avr/lib/avr5\libm.a(fp_split3.o)
 .data          0x00000000        0x0 c:/program files/atmel/studio/7.0/toolchain/avr8/avr8-gnu-toolchain/bin/../lib/gcc/avr/5.4.0/../../../../avr/lib/avr5\libm.a(fp_split3.o)
 .bss           0x00000000        0x0 c:/program files/atmel/studio/7.0/toolchain/avr8/avr8-gnu-toolchain/bin/../lib/gcc/avr/5.4.0/../../../../avr/lib/avr5\libm.a(fp_split3.o)
 .text          0x00000000        0x0 c:/program files/atmel/studio/7.0/toolchain/avr8/avr8-gnu-toolchain/bin/../lib/gcc/avr/5.4.0/../../../../avr/lib/avr5\libm.a(fp_zero.o)
 .data          0x00000000        0x0 c:/program files/atmel/studio/7.0/toolchain/avr8/avr8-gnu-toolchain/bin/../lib/gcc/avr/5.4.0/../../../../avr/lib/avr5\libm.a(fp_zero.o)
 .bss           0x00000000        0x0 c:/program files/atmel/studio/7.0/toolchain/avr8/avr8-gnu-toolchain/bin/../lib/gcc/avr/5.4.0/../../../../avr/lib/avr5\libm.a(fp_zero.o)
 .text          0x00000000        0x0 c:/program files/atmel/studio/7.0/toolchain/avr8/avr8-gnu-toolchain/bin/../lib/gcc/avr/5.4.0/../../../../avr/lib/avr5\libm.a(gesf2.o)
 .data          0x00000000        0x0 c:/program files/atmel/studio/7.0/toolchain/avr8/avr8-gnu-toolchain/bin/../lib/gcc/avr/5.4.0/../../../../avr/lib/avr5\libm.a(gesf2.o)
 .bss           0x00000000        0x0 c:/program files/atmel/studio/7.0/toolchain/avr8/avr8-gnu-toolchain/bin/../lib/gcc/avr/5.4.0/../../../../avr/lib/avr5\libm.a(gesf2.o)
 .text          0x00000000        0x0 c:/program files/atmel/studio/7.0/toolchain/avr8/avr8-gnu-toolchain/bin/../lib/gcc/avr/5.4.0/../../../../avr/lib/avr5\libm.a(mulsf3.o)
 .data          0x00000000        0x0 c:/program files/atmel/studio/7.0/toolchain/avr8/avr8-gnu-toolchain/bin/../lib/gcc/avr/5.4.0/../../../../avr/lib/avr5\libm.a(mulsf3.o)
 .bss           0x00000000        0x0 c:/program files/atmel/studio/7.0/toolchain/avr8/avr8-gnu-toolchain/bin/../lib/gcc/avr/5.4.0/../../../../avr/lib/avr5\libm.a(mulsf3.o)
 .text          0x00000000        0x0 c:/program files/atmel/studio/7.0/toolchain/avr8/avr8-gnu-toolchain/bin/../lib/gcc/avr/5.4.0/../../../../avr/lib/avr5\libm.a(mulsf3x.o)
 .data          0x00000000        0x0 c:/program files/atmel/studio/7.0/toolchain/avr8/avr8-gnu-toolchain/bin/../lib/gcc/avr/5.4.0/../../../../avr/lib/avr5\libm.a(mulsf3x.o)
 .bss           0x00000000        0x0 c:/program files/atmel/studio/7.0/toolchain/avr8/avr8-gnu-toolchain/bin/../lib/gcc/avr/5.4.0/../../../../avr/lib/avr5\libm.a(mulsf3x.o)
 .text          0x00000000        0x0 c:/program files/atmel/studio/7.0/toolchain/avr8/avr8-gnu-toolchain/bin/../lib/gcc/avr/5.4.0/avr5\libgcc.a(_divmodhi4.o)
 .data          0x00000000        0x0 c:/program files/atmel/studio/7.0/toolchain/avr8/avr8-gnu-toolchain/bin/../lib/gcc/avr/5.4.0/avr5\libgcc.a(_divmodhi4.o)
 .bss           0x00000000        0x0 c:/program files/atmel/studio/7.0/toolchain/avr8/avr8-gnu-toolchain/bin/../lib/gcc/avr/5.4.0/avr5\libgcc.a(_divmodhi4.o)
 .text.libgcc.mul
                0x00000000        0x0 c:/program files/atmel/studio/7.0/toolchain/avr8/avr8-gnu-toolchain/bin/../lib/gcc/avr/5.4.0/avr5\libgcc.a(_divmodhi4.o)
 .text.libgcc   0x00000000        0x0 c:/program files/atmel/studio/7.0/toolchain/avr8/avr8-gnu-toolchain/bin/../lib/gcc/avr/5.4.0/avr5\libgcc.a(_divmodhi4.o)
 .text.libgcc.prologue
                0x00000000        0x0 c:/program files/atmel/studio/7.0/toolchain/avr8/avr8-gnu-toolchain/bin/../lib/gcc/avr/5.4.0/avr5\libgcc.a(_divmodhi4.o)
 .text.libgcc.builtins
                0x00000000        0x0 c:/program files/atmel/studio/7.0/toolchain/avr8/avr8-gnu-toolchain/bin/../lib/gcc/avr/5.4.0/avr5\libgcc.a(_divmodhi4.o)
 .text.libgcc.fmul
                0x00000000        0x0 c:/program files/atmel/studio/7.0/toolchain/avr8/avr8-gnu-toolchain/bin/../lib/gcc/avr/5.4.0/avr5\libgcc.a(_divmodhi4.o)
 .text.libgcc.fixed
                0x00000000        0x0 c:/program files/atmel/studio/7.0/toolchain/avr8/avr8-gnu-toolchain/bin/../lib/gcc/avr/5.4.0/avr5\libgcc.a(_divmodhi4.o)
 .text          0x00000000        0x0 c:/program files/atmel/studio/7.0/toolchain/avr8/avr8-gnu-toolchain/bin/../lib/gcc/avr/5.4.0/avr5\libgcc.a(_exit.o)
 .data          0x00000000        0x0 c:/program files/atmel/studio/7.0/toolchain/avr8/avr8-gnu-toolchain/bin/../lib/gcc/avr/5.4.0/avr5\libgcc.a(_exit.o)
 .bss           0x00000000        0x0 c:/program files/atmel/studio/7.0/toolchain/avr8/avr8-gnu-toolchain/bin/../lib/gcc/avr/5.4.0/avr5\libgcc.a(_exit.o)
 .text.libgcc.mul
                0x00000000        0x0 c:/program files/atmel/studio/7.0/toolchain/avr8/avr8-gnu-toolchain/bin/../lib/gcc/avr/5.4.0/avr5\libgcc.a(_exit.o)
 .text.libgcc.div
                0x00000000        0x0 c:/program files/atmel/studio/7.0/toolchain/avr8/avr8-gnu-toolchain/bin/../lib/gcc/avr/5.4.0/avr5\libgcc.a(_exit.o)
 .text.libgcc   0x00000000        0x0 c:/program files/atmel/studio/7.0/toolchain/avr8/avr8-gnu-toolchain/bin/../lib/gcc/avr/5.4.0/avr5\libgcc.a(_exit.o)
 .text.libgcc.prologue
                0x00000000        0x0 c:/program files/atmel/studio/7.0/toolchain/avr8/avr8-gnu-toolchain/bin/../lib/gcc/avr/5.4.0/avr5\libgcc.a(_exit.o)
 .text.libgcc.builtins
                0x00000000        0x0 c:/program files/atmel/studio/7.0/toolchain/avr8/avr8-gnu-toolchain/bin/../lib/gcc/avr/5.4.0/avr5\libgcc.a(_exit.o)
 .text.libgcc.fmul
                0x00000000        0x0 c:/program files/atmel/studio/7.0/toolchain/avr8/avr8-gnu-toolchain/bin/../lib/gcc/avr/5.4.0/avr5\libgcc.a(_exit.o)
 .text.libgcc.fixed
                0x00000000        0x0 c:/program files/atmel/studio/7.0/toolchain/avr8/avr8-gnu-toolchain/bin/../lib/gcc/avr/5.4.0/avr5\libgcc.a(_exit.o)
 .text          0x00000000        0x0 c:/program files/atmel/studio/7.0/toolchain/avr8/avr8-gnu-toolchain/bin/../lib/gcc/avr/5.4.0/avr5\libgcc.a(_tablejump2.o)
 .data          0x00000000        0x0 c:/program files/atmel/studio/7.0/toolchain/avr8/avr8-gnu-toolchain/bin/../lib/gcc/avr/5.4.0/avr5\libgcc.a(_tablejump2.o)
 .bss           0x00000000        0x0 c:/program files/atmel/studio/7.0/toolchain/avr8/avr8-gnu-toolchain/bin/../lib/gcc/avr/5.4.0/avr5\libgcc.a(_tablejump2.o)
 .text.libgcc.mul
                0x00000000        0x0 c:/program files/atmel/studio/7.0/toolchain/avr8/avr8-gnu-toolchain/bin/../lib/gcc/avr/5.4.0/avr5\libgcc.a(_tablejump2.o)
 .text.libgcc.div
                0x00000000        0x0 c:/program files/atmel/studio/7.0/toolchain/avr8/avr8-gnu-toolchain/bin/../lib/gcc/avr/5.4.0/avr5\libgcc.a(_tablejump2.o)
 .text.libgcc.prologue
                0x00000000        0x0 c:/program files/atmel/studio/7.0/toolchain/avr8/avr8-gnu-toolchain/bin/../lib/gcc/avr/5.4.0/avr5\libgcc.a(_tablejump2.o)
 .text.libgcc.builtins
                0x00000000        0x0 c:/program files/atmel/studio/7.0/toolchain/avr8/avr8-gnu-toolchain/bin/../lib/gcc/avr/5.4.0/avr5\libgcc.a(_tablejump2.o)
 .text.libgcc.fmul
                0x00000000        0x0 c:/program files/atmel/studio/7.0/toolchain/avr8/avr8-gnu-toolchain/bin/../lib/gcc/avr/5.4.0/avr5\libgcc.a(_tablejump2.o)
 .text.libgcc.fixed
                0x00000000        0x0 c:/program files/atmel/studio/7.0/toolchain/avr8/avr8-gnu-toolchain/bin/../lib/gcc/avr/5.4.0/avr5\libgcc.a(_tablejump2.o)
 .text          0x00000000        0x0 c:/program files/atmel/studio/7.0/toolchain/avr8/avr8-gnu-toolchain/bin/../lib/gcc/avr/5.4.0/avr5\libgcc.a(_copy_data.o)
 .data          0x00000000        0x0 c:/program files/atmel/studio/7.0/toolchain/avr8/avr8-gnu-toolchain/bin/../lib/gcc/avr/5.4.0/avr5\libgcc.a(_copy_data.o)
 .bss           0x00000000        0x0 c:/program files/atmel/studio/7.0/toolchain/avr8/avr8-gnu-toolchain/bin/../lib/gcc/avr/5.4.0/avr5\libgcc.a(_copy_data.o)
 .text.libgcc.mul
                0x00000000        0x0 c:/program files/atmel/studio/7.0/toolchain/avr8/avr8-gnu-toolchain/bin/../lib/gcc/avr/5.4.0/avr5\libgcc.a(_copy_data.o)
 .text.libgcc.div
                0x00000000        0x0 c:/program files/atmel/studio/7.0/toolchain/avr8/avr8-gnu-toolchain/bin/../lib/gcc/avr/5.4.0/avr5\libgcc.a(_copy_data.o)
 .text.libgcc   0x00000000        0x0 c:/program files/atmel/studio/7.0/toolchain/avr8/avr8-gnu-toolchain/bin/../lib/gcc/avr/5.4.0/avr5\libgcc.a(_copy_data.o)
 .text.libgcc.prologue
                0x00000000        0x0 c:/program files/atmel/studio/7.0/toolchain/avr8/avr8-gnu-toolchain/bin/../lib/gcc/avr/5.4.0/avr5\libgcc.a(_copy_data.o)
 .text.libgcc.builtins
                0x00000000        0x0 c:/program files/atmel/studio/7.0/toolchain/avr8/avr8-gnu-toolchain/bin/../lib/gcc/avr/5.4.0/avr5\libgcc.a(_copy_data.o)
 .text.libgcc.fmul
                0x00000000        0x0 c:/program files/atmel/studio/7.0/toolchain/avr8/avr8-gnu-toolchain/bin/../lib/gcc/avr/5.4.0/avr5\libgcc.a(_copy_data.o)
 .text.libgcc.fixed
                0x00000000        0x0 c:/program files/atmel/studio/7.0/toolchain/avr8/avr8-gnu-toolchain/bin/../lib/gcc/avr/5.4.0/avr5\libgcc.a(_copy_data.o)
 .text          0x00000000        0x0 c:/program files/atmel/studio/7.0/toolchain/avr8/avr8-gnu-toolchain/bin/../lib/gcc/avr/5.4.0/avr5\libgcc.a(_clear_bss.o)
 .data          0x00000000        0x0 c:/program files/atmel/studio/7.0/toolchain/avr8/avr8-gnu-toolchain/bin/../lib/gcc/avr/5.4.0/avr5\libgcc.a(_clear_bss.o)
 .bss           0x00000000        0x0 c:/program files/atmel/studio/7.0/toolchain/avr8/avr8-gnu-toolchain/bin/../lib/gcc/avr/5.4.0/avr5\libgcc.a(_clear_bss.o)
 .text.libgcc.mul
                0x00000000        0x0 c:/program files/atmel/studio/7.0/toolchain/avr8/avr8-gnu-toolchain/bin/../lib/gcc/avr/5.4.0/avr5\libgcc.a(_clear_bss.o)
 .text.libgcc.div
                0x00000000        0x0 c:/program files/atmel/studio/7.0/toolchain/avr8/avr8-gnu-toolchain/bin/../lib/gcc/avr/5.4.0/avr5\libgcc.a(_clear_bss.o)
 .text.libgcc   0x00000000        0x0 c:/program files/atmel/studio/7.0/toolchain/avr8/avr8-gnu-toolchain/bin/../lib/gcc/avr/5.4.0/avr5\libgcc.a(_clear_bss.o)
 .text.libgcc.prologue
                0x00000000        0x0 c:/program files/atmel/studio/7.0/toolchain/avr8/avr8-gnu-toolchain/bin/../lib/gcc/avr/5.4.0/avr5\libgcc.a(_clear_bss.o)
 .text.libgcc.builtins
                0x00000000        0x0 c:/program files/atmel/studio/7.0/toolchain/avr8/avr8-gnu-toolchain/bin/../lib/gcc/avr/5.4.0/avr5\libgcc.a(_clear_bss.o)
 .text.libgcc.fmul
                0x00000000        0x0 c:/program files/atmel/studio/7.0/toolchain/avr8/avr8-gnu-toolchain/bin/../lib/gcc/avr/5.4.0/avr5\libgcc.a(_clear_bss.o)
 .text.libgcc.fixed
                0x00000000        0x0 c:/program files/atmel/studio/7.0/toolchain/avr8/avr8-gnu-toolchain/bin/../lib/gcc/avr/5.4.0/avr5\libgcc.a(_clear_bss.o)
 .text          0x00000000        0x0 c:/program files/atmel/studio/7.0/toolchain/avr8/avr8-gnu-toolchain/bin/../lib/gcc/avr/5.4.0/avr5\libgcc.a(_ctors.o)
 .data          0x00000000        0x0 c:/program files/atmel/studio/7.0/toolchain/avr8/avr8-gnu-toolchain/bin/../lib/gcc/avr/5.4.0/avr5\libgcc.a(_ctors.o)
 .bss           0x00000000        0x0 c:/program files/atmel/studio/7.0/toolchain/avr8/avr8-gnu-toolchain/bin/../lib/gcc/avr/5.4.0/avr5\libgcc.a(_ctors.o)
 .text.libgcc.mul
                0x00000000        0x0 c:/program files/atmel/studio/7.0/toolchain/avr8/avr8-gnu-toolchain/bin/../lib/gcc/avr/5.4.0/avr5\libgcc.a(_ctors.o)
 .text.libgcc.div
                0x00000000        0x0 c:/program files/atmel/studio/7.0/toolchain/avr8/avr8-gnu-toolchain/bin/../lib/gcc/avr/5.4.0/avr5\libgcc.a(_ctors.o)
 .text.libgcc   0x00000000        0x0 c:/program files/atmel/studio/7.0/toolchain/avr8/avr8-gnu-toolchain/bin/../lib/gcc/avr/5.4.0/avr5\libgcc.a(_ctors.o)
 .text.libgcc.prologue
                0x00000000        0x0 c:/program files/atmel/studio/7.0/toolchain/avr8/avr8-gnu-toolchain/bin/../lib/gcc/avr/5.4.0/avr5\libgcc.a(_ctors.o)
 .text.libgcc.builtins
                0x00000000        0x0 c:/program files/atmel/studio/7.0/toolchain/avr8/avr8-gnu-toolchain/bin/../lib/gcc/avr/5.4.0/avr5\libgcc.a(_ctors.o)
 .text.libgcc.fmul
                0x00000000        0x0 c:/program files/atmel/studio/7.0/toolchain/avr8/avr8-gnu-toolchain/bin/../lib/gcc/avr/5.4.0/avr5\libgcc.a(_ctors.o)
 .text.libgcc.fixed
                0x00000000        0x0 c:/program files/atmel/studio/7.0/toolchain/avr8/avr8-gnu-toolchain/bin/../lib/gcc/avr/5.4.0/avr5\libgcc.a(_ctors.o)
 .text          0x00000000        0x0 c:/program files/atmel/studio/7.0/toolchain/avr8/avr8-gnu-toolchain/bin/../lib/gcc/avr/5.4.0/avr5\libgcc.a(_udivmodhi4.o)
 .data          0x00000000        0x0 c:/program files/atmel/studio/7.0/toolchain/avr8/avr8-gnu-toolchain/bin/../lib/gcc/avr/5.4.0/avr5\libgcc.a(_udivmodhi4.o)
 .bss           0x00000000        0x0 c:/program files/atmel/studio/7.0/toolchain/avr8/avr8-gnu-toolchain/bin/../lib/gcc/avr/5.4.0/avr5\libgcc.a(_udivmodhi4.o)
 .text.libgcc.mul
                0x00000000        0x0 c:/program files/atmel/studio/7.0/toolchain/avr8/avr8-gnu-toolchain/bin/../lib/gcc/avr/5.4.0/avr5\libgcc.a(_udivmodhi4.o)
 .text.libgcc   0x00000000        0x0 c:/program files/atmel/studio/7.0/toolchain/avr8/avr8-gnu-toolchain/bin/../lib/gcc/avr/5.4.0/avr5\libgcc.a(_udivmodhi4.o)
 .text.libgcc.prologue
                0x00000000        0x0 c:/program files/atmel/studio/7.0/toolchain/avr8/avr8-gnu-toolchain/bin/../lib/gcc/avr/5.4.0/avr5\libgcc.a(_udivmodhi4.o)
 .text.libgcc.builtins
                0x00000000        0x0 c:/program files/atmel/studio/7.0/toolchain/avr8/avr8-gnu-toolchain/bin/../lib/gcc/avr/5.4.0/avr5\libgcc.a(_udivmodhi4.o)
 .text.libgcc.fmul
                0x00000000        0x0 c:/program files/atmel/studio/7.0/toolchain/avr8/avr8-gnu-toolchain/bin/../lib/gcc/avr/5.4.0/avr5\libgcc.a(_udivmodhi4.o)
 .text.libgcc.fixed
                0x00000000        0x0 c:/program files/atmel/studio/7.0/toolchain/avr8/avr8-gnu-toolchain/bin/../lib/gcc/avr/5.4.0/avr5\libgcc.a(_udivmodhi4.o)
 .text          0x00000000        0x0 C:/Program Files/Atmel/Studio/7.0/Packs/atmel/ATmega_DFP/1.2.209/gcc/dev/atmega328/avr5\libatmega328.a(eerd_byte.o)
 .data          0x00000000        0x0 C:/Program Files/Atmel/Studio/7.0/Packs/atmel/ATmega_DFP/1.2.209/gcc/dev/atmega328/avr5\libatmega328.a(eerd_byte.o)
 .bss           0x00000000        0x0 C:/Program Files/Atmel/Studio/7.0/Packs/atmel/ATmega_DFP/1.2.209/gcc/dev/atmega328/avr5\libatmega328.a(eerd_byte.o)
 .text          0x00000000        0x0 C:/Program Files/Atmel/Studio/7.0/Packs/atmel/ATmega_DFP/1.2.209/gcc/dev/atmega328/avr5\libatmega328.a(eerd_dword.o)
 .data          0x00000000        0x0 C:/Program Files/Atmel/Studio/7.0/Packs/atmel/ATmega_DFP/1.2.209/gcc/dev/atmega328/avr5\libatmega328.a(eerd_dword.o)
 .bss           0x00000000        0x0 C:/Program Files/Atmel/Studio/7.0/Packs/atmel/ATmega_DFP/1.2.209/gcc/dev/atmega328/avr5\libatmega328.a(eerd_dword.o)
 .text          0x00000000        0x0 C:/Program Files/Atmel/Studio/7.0/Packs/atmel/ATmega_DFP/1.2.209/gcc/dev/atmega328/avr5\libatmega328.a(eewr_byte.o)
 .data          0x00000000        0x0 C:/Program Files/Atmel/Studio/7.0/Packs/atmel/ATmega_DFP/1.2.209/gcc/dev/atmega328/avr5\libatmega328.a(eewr_byte.o)
 .bss           0x00000000        0x0 C:/Program Files/Atmel/Studio/7.0/Packs/atmel/ATmega_DFP/1.2.209/gcc/dev/atmega328/avr5\libatmega328.a(eewr_byte.o)
 .text          0x00000000        0x0 C:/Program Files/Atmel/Studio/7.0/Packs/atmel/ATmega_DFP/1.2.209/gcc/dev/atmega328/avr5\libatmega328.a(eewr_dword.o)
 .data          0x00000000        0x0 C:/Program Files/Atmel/Studio/7.0/Packs/atmel/ATmega_DFP/1.2.209/gcc/dev/atmega328/avr5\libatmega328.a(eewr_dword.o)
 .bss           0x00000000        0x0 C:/Program Files/Atmel/Studio/7.0/Packs/atmel/ATmega_DFP/1.2.209/gcc/dev/atmega328/avr5\libatmega328.a(eewr_dword.o)
 .text          0x00000000        0x0 C:/Program Files/Atmel/Studio/7.0/Packs/atmel/ATmega_DFP/1.2.209/gcc/dev/atmega328/avr5\libatmega328.a(eewr_word.o)
 .data          0x00000000        0x0 C:/Program Files/Atmel/Studio/7.0/Packs/atmel/ATmega_DFP/1.2.209/gcc/dev/atmega328/avr5\libatmega328.a(eewr_word.o)
 .bss           0x00000000        0x0 C:/Program Files/Atmel/Studio/7.0/Packs/atmel/ATmega_DFP/1.2.209/gcc/dev/atmega328/avr5\libatmega328.a(eewr_word.o)
 .text          0x00000000        0x0 C:/Program Files/Atmel/Studio/7.0/Packs/atmel/ATmega_DFP/1.2.209/gcc/dev/atmega328/avr5\libatmega328.a(eerd_block.o)
 .data          0x00000000        0x0 C:/Program Files/Atmel/Studio/7.0/Packs/atmel/ATmega_DFP/1.2.209/gcc/dev/atmega328/avr5\libatmega328.a(eerd_block.o)
 .bss           0x00000000        0x0 C:/Program Files/Atmel/Studio/7.0/Packs/atmel/ATmega_DFP/1.2.209/gcc/dev/atmega328/avr5\libatmega328.a(eerd_block.o)

Memory Configuration

Name             Origin             Length             Attributes
text             0x00000000         0x00020000         xr
data             0x00800060         0x0000ffa0         rw !x
eeprom           0x00810000         0x00010000         rw !x
fuse             0x00820000         0x00000003         rw !x
lock             0x00830000         0x00000400         rw !x
signature        0x00840000         0x00000400         rw !x
user_signatures  0x00850000         0x00000400         rw !x
*default*        0x00000000         0xffffffff

Linker script and memory map

Address of section .data set to 0x800100
LOAD C:/Program Files/Atmel/Studio/7.0/Packs/atmel/ATmega_DFP/1.2.209/gcc/dev/atmega328/avr5/crtatmega328.o
LOAD Activity.o
LOAD Button.o
LOAD Carrage.o
LOAD LCDn5110.o
LOAD main.o
LOAD Screen.o
LOAD Panel.o
LOAD SensorsWheels.o
LOAD Support.o
LOAD Wheel.o
START GROUP
LOAD c:/program files/atmel/studio/7.0/toolchain/avr8/avr8-gnu-toolchain/bin/../lib/gcc/avr/5.4.0/../../../../avr/lib/avr5\libm.a
END GROUP
LOAD c:/program files/atmel/studio/7.0/toolchain/avr8/avr8-gnu-toolchain/bin/../lib/gcc/avr/5.4.0/avr5\libgcc.a
LOAD c:/program files/atmel/studio/7.0/toolchain/avr8/avr8-gnu-toolchain/bin/../lib/gcc/avr/5.4.0/../../../../avr/lib/avr5\libm.a
START GROUP
LOAD c:/program files/atmel/studio/7.0/toolchain/avr8/avr8-gnu-toolchain/bin/../lib/gcc/avr/5.4.0/avr5\libgcc.a
LOAD c:/program files/atmel/studio/7.0/toolchain/avr8/avr8-gnu-toolchain/bin/../lib/gcc/avr/5.4.0/../../../../avr/lib/avr5\libm.a
LOAD c:/program files/atmel/studio/7.0/toolchain/avr8/avr8-gnu-toolchain/bin/../lib/gcc/avr/5.4.0/../../../../avr/lib/avr5\libc.a
LOAD C:/Program Files/Atmel/Studio/7.0/Packs/atmel/ATmega_DFP/1.2.209/gcc/dev/atmega328/avr5\libatmega328.a
END GROUP
                0x00020000                __TEXT_REGION_LENGTH__ = DEFINED (__TEXT_REGION_LENGTH__)?__TEXT_REGION_LENGTH__:0x20000
                0x0000ffa0                __DATA_REGION_LENGTH__ = DEFINED (__DATA_REGION_LENGTH__)?__DATA_REGION_LENGTH__:0xffa0
                0x00010000                __EEPROM_REGION_LENGTH__ = DEFINED (__EEPROM_REGION_LENGTH__)?__EEPROM_REGION_LENGTH__:0x10000
                [0x00000003]                __FUSE_REGION_LENGTH__ = DEFINED (__FUSE_REGION_LENGTH__)?__FUSE_REGION_LENGTH__:0x400
                0x00000400                __LOCK_REGION_LENGTH__ = DEFINED (__LOCK_REGION_LENGTH__)?__LOCK_REGION_LENGTH__:0x400
                0x00000400                __SIGNATURE_REGION_LENGTH__ = DEFINED (__SIGNATURE_REGION_LENGTH__)?__SIGNATURE_REGION_LENGTH__:0x400
                0x00000400                __USER_SIGNATURE_REGION_LENGTH__ = DEFINED (__USER_SIGNATURE_REGION_LENGTH__)?__USER_SIGNATURE_REGION_LENGTH__:0x400

.hash
 *(.hash)

.dynsym
 *(.dynsym)

.dynstr
 *(.dynstr)

.gnu.version
 *(.gnu.version)

.gnu.version_d
 *(.gnu.version_d)

.gnu.version_r
 *(.gnu.version_r)

.rel.init
 *(.rel.init)

.rela.init
 *(.rela.init)

.rel.text
 *(.rel.text)
 *(.rel.text.*)
 *(.rel.gnu.linkonce.t*)

.rela.text
 *(.rela.text)
 *(.rela.text.*)
 *(.rela.gnu.linkonce.t*)

.rel.fini
 *(.rel.fini)

.rela.fini
 *(.rela.fini)

.rel.rodata
 *(.rel.rodata)
 *(.rel.rodata.*)
 *(.rel.gnu.linkonce.r*)

.rela.rodata
 *(.rela.rodata)
 *(.rela.rodata.*)
 *(.rela.gnu.linkonce.r*)

.rel.data
 *(.rel.data)
 *(.rel.data.*)
 *(.rel.gnu.linkonce.d*)

.rela.data
 *(.rela.data)
 *(.rela.data.*)
 *(.rela.gnu.linkonce.d*)

.rel.ctors
 *(.rel.ctors)

.rela.ctors
 *(.rela.ctors)

.rel.dtors
 *(.rel.dtors)

.rela.dtors
 *(.rela.dtors)

.rel.got
 *(.rel.got)

.rela.got
 *(.rela.got)

.rel.bss
 *(.rel.bss)

.rela.bss
 *(.rela.bss)

.rel.plt
 *(.rel.plt)

.rela.plt
 *(.rela.plt)

.text           0x00000000     0x4e7e
 *(.vectors)
 .vectors       0x00000000       0x68 C:/Program Files/Atmel/Studio/7.0/Packs/atmel/ATmega_DFP/1.2.209/gcc/dev/atmega328/avr5/crtatmega328.o
                0x00000000                __vector_default
                0x00000000                __vectors
 *(.vectors)
 *(.progmem.gcc*)
 .progmem.gcc_sw_table._ZN8Activity16Menu_Screen_MoveER5PanelR7Carrage
                0x00000068       0x16 Activity.o
 .progmem.gcc_sw_table._ZN8Activity13Cursor_ActionER5PanelR7Carrage
                0x0000007e       0x12 Activity.o
 .progmem.gcc_sw_table._ZN6Screen21Draw_CursorMenuScreenER8Activity
                0x00000090       0x22 Screen.o
 .progmem.gcc_sw_table._ZN6Screen21Draw_CursorMainScreenER8Activity
                0x000000b2       0x10 Screen.o
 .progmem.gcc_sw_table._ZN6Screen6RenderER8ActivityR7Carrage
                0x000000c2       0x12 Screen.o
                0x000000d4                . = ALIGN (0x2)
                0x000000d4                __trampolines_start = .
 *(.trampolines)
 .trampolines   0x000000d4        0x0 linker stubs
 *(.trampolines*)
                0x000000d4                __trampolines_end = .
 *libprintf_flt.a:*(.progmem.data)
 *libc.a:*(.progmem.data)
 *(.progmem*)
 .progmem.data._ZL5Steps
                0x000000d4       0x50 Activity.o
 .progmem.data._ZL10StepLevels
                0x00000124      0x1e0 LCDn5110.o
 .progmem.data._ZL10FontLookup
                0x00000304      0x59b LCDn5110.o
                0x000008a0                . = ALIGN (0x2)
 *fill*         0x0000089f        0x1 
 *(.jumptables)
 *(.jumptables*)
 *(.lowtext)
 *(.lowtext*)
                0x000008a0                __ctors_start = .
 *(.ctors)
 .ctors         0x000008a0        0x2 main.o
                0x000008a2                __ctors_end = .
                0x000008a2                __dtors_start = .
 *(.dtors)
                0x000008a2                __dtors_end = .
 SORT(*)(.ctors)
 SORT(*)(.dtors)
 *(.init0)
 .init0         0x000008a2        0x0 C:/Program Files/Atmel/Studio/7.0/Packs/atmel/ATmega_DFP/1.2.209/gcc/dev/atmega328/avr5/crtatmega328.o
                0x000008a2                __init
 *(.init0)
 *(.init1)
 *(.init1)
 *(.init2)
 .init2         0x000008a2        0xc C:/Program Files/Atmel/Studio/7.0/Packs/atmel/ATmega_DFP/1.2.209/gcc/dev/atmega328/avr5/crtatmega328.o
 *(.init2)
 *(.init3)
 *(.init3)
 *(.init4)
 .init4         0x000008ae       0x16 c:/program files/atmel/studio/7.0/toolchain/avr8/avr8-gnu-toolchain/bin/../lib/gcc/avr/5.4.0/avr5\libgcc.a(_copy_data.o)
                0x000008ae                __do_copy_data
 .init4         0x000008c4       0x10 c:/program files/atmel/studio/7.0/toolchain/avr8/avr8-gnu-toolchain/bin/../lib/gcc/avr/5.4.0/avr5\libgcc.a(_clear_bss.o)
                0x000008c4                __do_clear_bss
 *(.init4)
 *(.init5)
 *(.init5)
 *(.init6)
 .init6         0x000008d4       0x16 c:/program files/atmel/studio/7.0/toolchain/avr8/avr8-gnu-toolchain/bin/../lib/gcc/avr/5.4.0/avr5\libgcc.a(_ctors.o)
                0x000008d4                __do_global_ctors
 *(.init6)
 *(.init7)
 *(.init7)
 *(.init8)
 *(.init8)
 *(.init9)
 .init9         0x000008ea        0x8 C:/Program Files/Atmel/Studio/7.0/Packs/atmel/ATmega_DFP/1.2.209/gcc/dev/atmega328/avr5/crtatmega328.o
 *(.init9)
 *(.text)
 .text          0x000008f2        0x4 C:/Program Files/Atmel/Studio/7.0/Packs/atmel/ATmega_DFP/1.2.209/gcc/dev/atmega328/avr5/crtatmega328.o
                0x000008f2                __vector_22
                0x000008f2                __vector_1
                0x000008f2                __vector_24
                0x000008f2                __vector_12
                0x000008f2                __bad_interrupt
                0x000008f2                __vector_6
                0x000008f2                __vector_3
                0x000008f2                __vector_23
                0x000008f2                __vector_25
                0x000008f2                __vector_11
                0x000008f2                __vector_13
                0x000008f2                __vector_17
                0x000008f2                __vector_19
                0x000008f2                __vector_7
                0x000008f2                __vector_5
                0x000008f2                __vector_4
                0x000008f2                __vector_9
                0x000008f2                __vector_2
                0x000008f2                __vector_21
                0x000008f2                __vector_15
                0x000008f2                __vector_8
                0x000008f2                __vector_14
                0x000008f2                __vector_10
                0x000008f2                __vector_16
                0x000008f2                __vector_18
                0x000008f2                __vector_20
                0x000008f6                . = ALIGN (0x2)
 *(.text.*)
 .text._ZN8ActivityC2Ev
                0x000008f6        0xa Activity.o
                0x000008f6                _ZN8ActivityC2Ev
                0x000008f6                _ZN8ActivityC1Ev
 .text._ZN8Activity12Tunning_rateER5PanelR7Carrage
                0x00000900      0x1be Activity.o
                0x00000900                _ZN8Activity12Tunning_rateER5PanelR7Carrage
 .text._ZN8Activity10Limits_setER5PanelR7Carrage
                0x00000abe      0x2ac Activity.o
                0x00000abe                _ZN8Activity10Limits_setER5PanelR7Carrage
 .text._ZN8Activity14Malfaction_setER5PanelR7Carrage
                0x00000d6a      0x1de Activity.o
                0x00000d6a                _ZN8Activity14Malfaction_setER5PanelR7Carrage
 .text._ZN8Activity6ErrorsER5PanelR7Carrage
                0x00000f48      0x100 Activity.o
                0x00000f48                _ZN8Activity6ErrorsER5PanelR7Carrage
 .text._ZN8Activity5ErrorER5PanelR7Carrage
                0x00001048       0x2e Activity.o
                0x00001048                _ZN8Activity5ErrorER5PanelR7Carrage
 .text._ZN8Activity4InitER7Carrage
                0x00001076      0x1f4 Activity.o
                0x00001076                _ZN8Activity4InitER7Carrage
 .text._ZN8Activity11SelectWheelER7Carrage
                0x0000126a       0x7c Activity.o
                0x0000126a                _ZN8Activity11SelectWheelER7Carrage
 .text._ZN8Activity4SaveEv
                0x000012e6       0x48 Activity.o
                0x000012e6                _ZN8Activity4SaveEv
 .text._ZN8Activity12Get_val_stepEv
                0x0000132e       0x20 Activity.o
                0x0000132e                _ZN8Activity12Get_val_stepEv
 .text._ZN8Activity3SetEv
                0x0000134e       0x3e Activity.o
                0x0000134e                _ZN8Activity3SetEv
 .text._ZN8Activity16Menu_Screen_MoveER5PanelR7Carrage
                0x0000138c       0xfe Activity.o
                0x0000138c                _ZN8Activity16Menu_Screen_MoveER5PanelR7Carrage
 .text._ZN8Activity24MessageSelectMalfunctionER5Panel
                0x0000148a       0x28 Activity.o
                0x0000148a                _ZN8Activity24MessageSelectMalfunctionER5Panel
 .text._ZN8Activity21MessageGetMalfunctionER5PanelR7Carrage
                0x000014b2       0x34 Activity.o
                0x000014b2                _ZN8Activity21MessageGetMalfunctionER5PanelR7Carrage
 .text._ZN8Activity7MessageER5PanelR7Carrage
                0x000014e6       0x68 Activity.o
                0x000014e6                _ZN8Activity7MessageER5PanelR7Carrage
 .text._ZN8Activity9ForceMoveER7Carragei
                0x0000154e       0x88 Activity.o
                0x0000154e                _ZN8Activity9ForceMoveER7Carragei
 .text._ZN8Activity16Main_Screen_MoveER5PanelR7Carrage
                0x000015d6       0xb6 Activity.o
                0x000015d6                _ZN8Activity16Main_Screen_MoveER5PanelR7Carrage
 .text._ZN8Activity17Adjusting_CarrageER5PanelR7Carrage
                0x0000168c       0xe8 Activity.o
                0x0000168c                _ZN8Activity17Adjusting_CarrageER5PanelR7Carrage
 .text._ZN8Activity13Cursor_ActionER5PanelR7Carrage
                0x00001774       0x78 Activity.o
                0x00001774                _ZN8Activity13Cursor_ActionER5PanelR7Carrage
 .text._ZN8Activity15GoToSetPosiionsEv
                0x000017ec        0xc Activity.o
                0x000017ec                _ZN8Activity15GoToSetPosiionsEv
 .text._ZN6ButtonC2Ev
                0x000017f8        0x2 Button.o
                0x000017f8                _ZN6ButtonC2Ev
                0x000017f8                _ZN6ButtonC1Ev
 .text._ZN6Button4InitEci
                0x000017fa       0x7c Button.o
                0x000017fa                _ZN6Button4InitEci
 .text._ZN6Button7PressedEi
                0x00001876       0xf8 Button.o
                0x00001876                _ZN6Button7PressedEi
 .text._ZN7CarrageC2Ev
                0x0000196e       0x36 Carrage.o
                0x0000196e                _ZN7CarrageC2Ev
                0x0000196e                _ZN7CarrageC1Ev
 .text._ZN7Carrage12beforeAdjastEv
                0x000019a4       0x2c Carrage.o
                0x000019a4                _ZN7Carrage12beforeAdjastEv
 .text._ZN7Carrage7ForceUpEv
                0x000019d0       0xac Carrage.o
                0x000019d0                _ZN7Carrage7ForceUpEv
 .text._ZN7Carrage9ForceDownEv
                0x00001a7c       0xac Carrage.o
                0x00001a7c                _ZN7Carrage9ForceDownEv
 .text._ZN7Carrage20IfSelectetMalfuctionEv
                0x00001b28       0x38 Carrage.o
                0x00001b28                _ZN7Carrage20IfSelectetMalfuctionEv
 .text._ZN7Carrage9SetLimitsEv
                0x00001b60       0x7a Carrage.o
                0x00001b60                _ZN7Carrage9SetLimitsEv
 .text._ZN7Carrage19CheckLimitsSetHightEv
                0x00001bda       0x2c Carrage.o
                0x00001bda                _ZN7Carrage19CheckLimitsSetHightEv
 .text._ZN7Carrage8chechAllEv
                0x00001c06      0x136 Carrage.o
                0x00001c06                _ZN7Carrage8chechAllEv
 .text._ZN7Carrage4InitEv
                0x00001d3c       0x5a Carrage.o
                0x00001d3c                _ZN7Carrage4InitEv
 .text._ZN7Carrage7getStepEv
                0x00001d96       0xbe Carrage.o
                0x00001d96                _ZN7Carrage7getStepEv
 .text._ZN7Carrage20Fast_print_LSD_hightE5Wheel
                0x00001e54       0x94 Carrage.o
                0x00001e54                _ZN7Carrage20Fast_print_LSD_hightE5Wheel
 .text._ZN7Carrage17chechWheelsBeforeEv
                0x00001ee8      0x294 Carrage.o
                0x00001ee8                _ZN7Carrage17chechWheelsBeforeEv
 .text._ZN7Carrage9AjustmentEv
                0x0000217c      0x350 Carrage.o
                0x0000217c                _ZN7Carrage9AjustmentEv
 .text._ZN7Carrage2UpEf
                0x000024cc       0x52 Carrage.o
                0x000024cc                _ZN7Carrage2UpEf
 .text._ZN7Carrage4DownEf
                0x0000251e       0x52 Carrage.o
                0x0000251e                _ZN7Carrage4DownEf
 .text._ZN7Carrage18ControlMalfinctionEv
                0x00002570      0x112 Carrage.o
                0x00002570                _ZN7Carrage18ControlMalfinctionEv
 .text._ZN7Carrage21ResecCountMalfinctionEv
                0x00002682       0x1c Carrage.o
                0x00002682                _ZN7Carrage21ResecCountMalfinctionEv
 .text._ZN7Carrage17switch_malfactionEv
                0x0000269e       0x10 Carrage.o
                0x0000269e                _ZN7Carrage17switch_malfactionEv
 .text._ZN7Carrage11errorsResetEv
                0x000026ae       0x2a Carrage.o
                0x000026ae                _ZN7Carrage11errorsResetEv
 .text._ZN7Carrage14SelectAllWheelEv
                0x000026d8       0x44 Carrage.o
                0x000026d8                _ZN7Carrage14SelectAllWheelEv
 .text._ZN7Carrage14SwitchAllWheelEv
                0x0000271c       0x58 Carrage.o
                0x0000271c                _ZN7Carrage14SwitchAllWheelEv
 .text._ZN7Carrage11AnySelectedEv
                0x00002774       0x24 Carrage.o
                0x00002774                _ZN7Carrage11AnySelectedEv
 .text._ZL7LcdSendh10LcdCmdData
                0x00002798       0x18 LCDn5110.o
 .text._Z5gftoafi
                0x000027b0      0x11a LCDn5110.o
                0x000027b0                _Z5gftoafi
 .text._Z8Lcd_initv
                0x000028ca       0x44 LCDn5110.o
                0x000028ca                _Z8Lcd_initv
 .text._Z9Lcd_clearv
                0x0000290e       0x2a LCDn5110.o
                0x0000290e                _Z9Lcd_clearv
 .text._Z10Lcd_updatev
                0x00002938       0xcc LCDn5110.o
                0x00002938                _Z10Lcd_updatev
 .text._Z9LcdGotoXYhh
                0x00002a04       0x36 LCDn5110.o
                0x00002a04                _Z9LcdGotoXYhh
 .text._Z11LcdChr_fullh
                0x00002a3a       0x3e LCDn5110.o
                0x00002a3a                _Z11LcdChr_fullh
 .text._Z12LcdStepLevelh
                0x00002a78       0x4c LCDn5110.o
                0x00002a78                _Z12LcdStepLevelh
 .text._Z6LcdChr11LcdFontSizeh
                0x00002ac4      0x1c0 LCDn5110.o
                0x00002ac4                _Z6LcdChr11LcdFontSizeh
 .text._Z9Lcd_printhh11LcdFontSizePh
                0x00002c84       0x42 LCDn5110.o
                0x00002c84                _Z9Lcd_printhh11LcdFontSizePh
 .text._Z10Lcd_print2hh11LcdFontSizePh
                0x00002cc6       0x4c LCDn5110.o
                0x00002cc6                _Z10Lcd_print2hh11LcdFontSizePh
 .text._Z10Lcd_printfhh11LcdFontSizefi
                0x00002d12       0x3a LCDn5110.o
                0x00002d12                _Z10Lcd_printfhh11LcdFontSizefi
 .text._Z11Lcd_printf2hh11LcdFontSizefi
                0x00002d4c       0x3a LCDn5110.o
                0x00002d4c                _Z11Lcd_printf2hh11LcdFontSizefi
 .text._Z14Initialisationv
                0x00002d86      0x1ae main.o
                0x00002d86                _Z14Initialisationv
 .text._Z12SettingsSaveb
                0x00002f34       0x7a main.o
                0x00002f34                _Z12SettingsSaveb
 .text._Z25IFCarrageSaveStateToEEMEMi
                0x00002fae       0x84 main.o
                0x00002fae                _Z25IFCarrageSaveStateToEEMEMi
 .text._Z24IFCarrageSetStateToEEMEMi
                0x00003032       0xbe main.o
                0x00003032                _Z24IFCarrageSetStateToEEMEMi
 .text.main     0x000030f0       0x46 main.o
                0x000030f0                main
 .text._GLOBAL__sub_I__Z14test_out_timer6Button6Output
                0x00003136       0x22 main.o
 .text._ZN6ScreenC2Ev
                0x00003158        0x2 Screen.o
                0x00003158                _ZN6ScreenC2Ev
                0x00003158                _ZN6ScreenC1Ev
 .text._ZN6Screen14Render_tunningER8ActivityR7Carrage
                0x0000315a       0x9a Screen.o
                0x0000315a                _ZN6Screen14Render_tunningER8ActivityR7Carrage
 .text._ZN6Screen13Render_limitsER8ActivityR7Carrage
                0x000031f4       0xee Screen.o
                0x000031f4                _ZN6Screen13Render_limitsER8ActivityR7Carrage
 .text._ZN6Screen19Render_maltifactionER8ActivityR7Carrage
                0x000032e2      0x112 Screen.o
                0x000032e2                _ZN6Screen19Render_maltifactionER8ActivityR7Carrage
 .text._ZN6Screen13Render_ERRORSER8ActivityR7Carrage
                0x000033f4      0x248 Screen.o
                0x000033f4                _ZN6Screen13Render_ERRORSER8ActivityR7Carrage
 .text._ZN6Screen10PrintErrorE5Wheel
                0x0000363c       0xb2 Screen.o
                0x0000363c                _ZN6Screen10PrintErrorE5Wheel
 .text._ZN6Screen12Render_ERRORER8ActivityR7Carrage
                0x000036ee      0x15c Screen.o
                0x000036ee                _ZN6Screen12Render_ERRORER8ActivityR7Carrage
 .text._ZN6Screen10PrintTitleER8ActivityR7Carrage
                0x0000384a      0x13e Screen.o
                0x0000384a                _ZN6Screen10PrintTitleER8ActivityR7Carrage
 .text._ZN6Screen14Draw_icon_menuEv
                0x00003988       0x1e Screen.o
                0x00003988                _ZN6Screen14Draw_icon_menuEv
 .text._ZN6Screen17Draw_icon_carrageER8Activity
                0x000039a6       0x1e Screen.o
                0x000039a6                _ZN6Screen17Draw_icon_carrageER8Activity
 .text._ZN6Screen10Draw_WheelE5Wheel
                0x000039c4      0x202 Screen.o
                0x000039c4                _ZN6Screen10Draw_WheelE5Wheel
 .text._ZN6Screen12Draw_CarrageER7Carrage
                0x00003bc6       0xf4 Screen.o
                0x00003bc6                _ZN6Screen12Draw_CarrageER7Carrage
 .text._ZN6Screen23Draw_adjustment_carrageER8Activity
                0x00003cba       0x7c Screen.o
                0x00003cba                _ZN6Screen23Draw_adjustment_carrageER8Activity
 .text._ZN6Screen21Draw_CursorMenuScreenER8Activity
                0x00003d36      0x12c Screen.o
                0x00003d36                _ZN6Screen21Draw_CursorMenuScreenER8Activity
 .text._ZN6Screen11Render_menuER8ActivityR7Carrage
                0x00003e62       0x22 Screen.o
                0x00003e62                _ZN6Screen11Render_menuER8ActivityR7Carrage
 .text._ZN6Screen16Print_Step_ValueER8Activity
                0x00003e84       0x52 Screen.o
                0x00003e84                _ZN6Screen16Print_Step_ValueER8Activity
 .text._ZN6Screen21Draw_all_cursor_wheelEv
                0x00003ed6       0x3a Screen.o
                0x00003ed6                _ZN6Screen21Draw_all_cursor_wheelEv
 .text._ZN6Screen21Draw_CursorMainScreenER8Activity
                0x00003f10       0xb4 Screen.o
                0x00003f10                _ZN6Screen21Draw_CursorMainScreenER8Activity
 .text._ZN6Screen11Render_mainER8ActivityR7Carrage
                0x00003fc4       0x4c Screen.o
                0x00003fc4                _ZN6Screen11Render_mainER8ActivityR7Carrage
 .text._ZN6Screen11MessageSaveEv
                0x00004010       0x10 Screen.o
                0x00004010                _ZN6Screen11MessageSaveEv
 .text._ZN6Screen23MessageSelectMalfuctionEv
                0x00004020       0x2c Screen.o
                0x00004020                _ZN6Screen23MessageSelectMalfuctionEv
 .text._ZN6Screen20MessageGetMalfuctionEv
                0x0000404c       0x48 Screen.o
                0x0000404c                _ZN6Screen20MessageGetMalfuctionEv
 .text._ZN6Screen20MessageNoAnySelectedEv
                0x00004094       0x1e Screen.o
                0x00004094                _ZN6Screen20MessageNoAnySelectedEv
 .text._ZN6Screen7MessageER8ActivityR7Carrage
                0x000040b2       0x3e Screen.o
                0x000040b2                _ZN6Screen7MessageER8ActivityR7Carrage
 .text._ZN6Screen6RenderER8ActivityR7Carrage
                0x000040f0       0xa8 Screen.o
                0x000040f0                _ZN6Screen6RenderER8ActivityR7Carrage
 .text._ZN5PanelC2Ev
                0x00004198       0x40 Panel.o
                0x00004198                _ZN5PanelC2Ev
                0x00004198                _ZN5PanelC1Ev
 .text._ZN5Panel4InitEv
                0x000041d8       0x6a Panel.o
                0x000041d8                _ZN5Panel4InitEv
 .text._ZN5Panel7PressedEi
                0x00004242       0xa0 Panel.o
                0x00004242                _ZN5Panel7PressedEi
 .text._ZN13SensorsWheelsC2Ev
                0x000042e2        0x2 SensorsWheels.o
                0x000042e2                _ZN13SensorsWheelsC1Ev
                0x000042e2                _ZN13SensorsWheelsC2Ev
 .text._ZN13SensorsWheels4InitEv
                0x000042e4       0x16 SensorsWheels.o
                0x000042e4                _ZN13SensorsWheels4InitEv
 .text._ZN13SensorsWheels9getParamsEi
                0x000042fa       0x8e SensorsWheels.o
                0x000042fa                _ZN13SensorsWheels9getParamsEi
 .text._ZL8send_i2ch
                0x00004388       0x2c Support.o
 .text._ZL9write_i2chh
                0x000043b4       0x44 Support.o
 .text._ZN7SupportC2Ev
                0x000043f8        0x2 Support.o
                0x000043f8                _ZN7SupportC2Ev
                0x000043f8                _ZN7SupportC1Ev
 .text._ZN7Support4InitEv
                0x000043fa        0xa Support.o
                0x000043fa                _ZN7Support4InitEv
 .text._ZN7Support6AdjastEiiiii
                0x00004404       0xc2 Support.o
                0x00004404                _ZN7Support6AdjastEiiiii
 .text._ZN7Support9ForceMoveEiiiii
                0x000044c6       0xc2 Support.o
                0x000044c6                _ZN7Support9ForceMoveEiiiii
 .text._ZN5WheelC2Ev
                0x00004588        0x8 Wheel.o
                0x00004588                _ZN5WheelC2Ev
                0x00004588                _ZN5WheelC1Ev
 .text._ZN5Wheel9get_hightEv
                0x00004590       0x1e Wheel.o
                0x00004590                _ZN5Wheel9get_hightEv
 .text._ZN5Wheel4InitEi
                0x000045ae       0x56 Wheel.o
                0x000045ae                _ZN5Wheel4InitEi
 .text._ZN5Wheel12initialHightEv
                0x00004604       0x20 Wheel.o
                0x00004604                _ZN5Wheel12initialHightEv
 .text._ZN5Wheel13takeDerectionEv
                0x00004624       0xf4 Wheel.o
                0x00004624                _ZN5Wheel13takeDerectionEv
 .text._ZN5Wheel5CheckEv
                0x00004718       0x4e Wheel.o
                0x00004718                _ZN5Wheel5CheckEv
 .text._ZN5Wheel18ControlMalfinctionEi
                0x00004766       0x38 Wheel.o
                0x00004766                _ZN5Wheel18ControlMalfinctionEi
 .text._ZN5Wheel17SetLimitsSetHightEv
                0x0000479e       0x64 Wheel.o
                0x0000479e                _ZN5Wheel17SetLimitsSetHightEv
 .text._ZN5Wheel15IsChanchedHightEv
                0x00004802       0x52 Wheel.o
                0x00004802                _ZN5Wheel15IsChanchedHightEv
 .text._ZN5Wheel6SelectEv
                0x00004854        0xc Wheel.o
                0x00004854                _ZN5Wheel6SelectEv
 .text._ZN5Wheel2UpEf
                0x00004860       0x5c Wheel.o
                0x00004860                _ZN5Wheel2UpEf
 .text._ZN5Wheel4DownEf
                0x000048bc       0x5e Wheel.o
                0x000048bc                _ZN5Wheel4DownEf
 .text._ZN5Wheel20selected_malfinctionEv
                0x0000491a        0xa Wheel.o
                0x0000491a                _ZN5Wheel20selected_malfinctionEv
 .text._ZN5Wheel25MalFunctionAndnotselectedEv
                0x00004924        0xc Wheel.o
                0x00004924                _ZN5Wheel25MalFunctionAndnotselectedEv
 .text.avr-libc.fplib
                0x00004930        0xe c:/program files/atmel/studio/7.0/toolchain/avr8/avr8-gnu-toolchain/bin/../lib/gcc/avr/5.4.0/../../../../avr/lib/avr5\libm.a(addsf3.o)
                0x00004930                __subsf3
                0x00004932                __addsf3
 .text.avr-libc.fplib
                0x0000493e       0xcc c:/program files/atmel/studio/7.0/toolchain/avr8/avr8-gnu-toolchain/bin/../lib/gcc/avr/5.4.0/../../../../avr/lib/avr5\libm.a(addsf3x.o)
                0x00004960                __addsf3x
 .text.avr-libc.fplib
                0x00004a0a        0xa c:/program files/atmel/studio/7.0/toolchain/avr8/avr8-gnu-toolchain/bin/../lib/gcc/avr/5.4.0/../../../../avr/lib/avr5\libm.a(cmpsf2.o)
                0x00004a0a                __nesf2
                0x00004a0a                __eqsf2
                0x00004a0a                __cmpsf2
                0x00004a0a                __ltsf2
                0x00004a0a                __lesf2
 .text.avr-libc.fplib
                0x00004a14        0x8 c:/program files/atmel/studio/7.0/toolchain/avr8/avr8-gnu-toolchain/bin/../lib/gcc/avr/5.4.0/../../../../avr/lib/avr5\libm.a(divsf3.o)
                0x00004a14                __divsf3
 .text.avr-libc.fplib
                0x00004a1c       0xdc c:/program files/atmel/studio/7.0/toolchain/avr8/avr8-gnu-toolchain/bin/../lib/gcc/avr/5.4.0/../../../../avr/lib/avr5\libm.a(divsf3x.o)
                0x00004a3c                __divsf3x
                0x00004a42                __divsf3_pse
 .text.avr-libc.fplib
                0x00004af8        0xe c:/program files/atmel/studio/7.0/toolchain/avr8/avr8-gnu-toolchain/bin/../lib/gcc/avr/5.4.0/../../../../avr/lib/avr5\libm.a(fixsfsi.o)
                0x00004af8                __fixsfsi
 .text.avr-libc.fplib
                0x00004b06       0x5e c:/program files/atmel/studio/7.0/toolchain/avr8/avr8-gnu-toolchain/bin/../lib/gcc/avr/5.4.0/../../../../avr/lib/avr5\libm.a(fixunssfsi.o)
                0x00004b06                __fixunssfsi
 .text.avr-libc.fplib
                0x00004b64       0x7a c:/program files/atmel/studio/7.0/toolchain/avr8/avr8-gnu-toolchain/bin/../lib/gcc/avr/5.4.0/../../../../avr/lib/avr5\libm.a(floatsisf.o)
                0x00004b64                __floatunsisf
                0x00004b68                __floatsisf
 .text.avr-libc.fplib
                0x00004bde       0x48 c:/program files/atmel/studio/7.0/toolchain/avr8/avr8-gnu-toolchain/bin/../lib/gcc/avr/5.4.0/../../../../avr/lib/avr5\libm.a(fp_cmp.o)
                0x00004bde                __fp_cmp
 .text.avr-libc.fplib
                0x00004c26        0xc c:/program files/atmel/studio/7.0/toolchain/avr8/avr8-gnu-toolchain/bin/../lib/gcc/avr/5.4.0/../../../../avr/lib/avr5\libm.a(fp_inf.o)
                0x00004c26                __fp_inf
 .text.avr-libc.fplib
                0x00004c32        0x6 c:/program files/atmel/studio/7.0/toolchain/avr8/avr8-gnu-toolchain/bin/../lib/gcc/avr/5.4.0/../../../../avr/lib/avr5\libm.a(fp_nan.o)
                0x00004c32                __fp_nan
 .text.avr-libc.fplib
                0x00004c38        0xe c:/program files/atmel/studio/7.0/toolchain/avr8/avr8-gnu-toolchain/bin/../lib/gcc/avr/5.4.0/../../../../avr/lib/avr5\libm.a(fp_pscA.o)
                0x00004c38                __fp_pscA
 .text.avr-libc.fplib
                0x00004c46        0xe c:/program files/atmel/studio/7.0/toolchain/avr8/avr8-gnu-toolchain/bin/../lib/gcc/avr/5.4.0/../../../../avr/lib/avr5\libm.a(fp_pscB.o)
                0x00004c46                __fp_pscB
 .text.avr-libc.fplib
                0x00004c54       0x22 c:/program files/atmel/studio/7.0/toolchain/avr8/avr8-gnu-toolchain/bin/../lib/gcc/avr/5.4.0/../../../../avr/lib/avr5\libm.a(fp_round.o)
                0x00004c54                __fp_round
 .text.avr-libc.fplib
                0x00004c76       0x44 c:/program files/atmel/studio/7.0/toolchain/avr8/avr8-gnu-toolchain/bin/../lib/gcc/avr/5.4.0/../../../../avr/lib/avr5\libm.a(fp_split3.o)
                0x00004c76                __fp_split3
                0x00004c86                __fp_splitA
 .text.avr-libc.fplib
                0x00004cba        0xe c:/program files/atmel/studio/7.0/toolchain/avr8/avr8-gnu-toolchain/bin/../lib/gcc/avr/5.4.0/../../../../avr/lib/avr5\libm.a(fp_zero.o)
                0x00004cba                __fp_zero
                0x00004cbc                __fp_szero
 .text.avr-libc.fplib
                0x00004cc8        0xa c:/program files/atmel/studio/7.0/toolchain/avr8/avr8-gnu-toolchain/bin/../lib/gcc/avr/5.4.0/../../../../avr/lib/avr5\libm.a(gesf2.o)
                0x00004cc8                __gesf2
                0x00004cc8                __gtsf2
 .text.avr-libc.fplib
                0x00004cd2        0x8 c:/program files/atmel/studio/7.0/toolchain/avr8/avr8-gnu-toolchain/bin/../lib/gcc/avr/5.4.0/../../../../avr/lib/avr5\libm.a(mulsf3.o)
                0x00004cd2                __mulsf3
 .text.avr-libc.fplib
                0x00004cda       0xd2 c:/program files/atmel/studio/7.0/toolchain/avr8/avr8-gnu-toolchain/bin/../lib/gcc/avr/5.4.0/../../../../avr/lib/avr5\libm.a(mulsf3x.o)
                0x00004cf8                __mulsf3x
                0x00004cfe                __mulsf3_pse
 .text.libgcc.div
                0x00004dac       0x28 c:/program files/atmel/studio/7.0/toolchain/avr8/avr8-gnu-toolchain/bin/../lib/gcc/avr/5.4.0/avr5\libgcc.a(_divmodhi4.o)
                0x00004dac                _div
                0x00004dac                __divmodhi4
 .text.libgcc   0x00004dd4        0xc c:/program files/atmel/studio/7.0/toolchain/avr8/avr8-gnu-toolchain/bin/../lib/gcc/avr/5.4.0/avr5\libgcc.a(_tablejump2.o)
                0x00004dd4                __tablejump2__
 .text.libgcc.div
                0x00004de0       0x28 c:/program files/atmel/studio/7.0/toolchain/avr8/avr8-gnu-toolchain/bin/../lib/gcc/avr/5.4.0/avr5\libgcc.a(_udivmodhi4.o)
                0x00004de0                __udivmodhi4
 .text.avr-libc
                0x00004e08       0x10 C:/Program Files/Atmel/Studio/7.0/Packs/atmel/ATmega_DFP/1.2.209/gcc/dev/atmega328/avr5\libatmega328.a(eerd_byte.o)
                0x00004e08                eeprom_read_byte
 .text.avr-libc
                0x00004e18        0xc C:/Program Files/Atmel/Studio/7.0/Packs/atmel/ATmega_DFP/1.2.209/gcc/dev/atmega328/avr5\libatmega328.a(eerd_dword.o)
                0x00004e18                eeprom_read_float
                0x00004e18                eeprom_read_dword
 .text.avr-libc
                0x00004e24       0x1c C:/Program Files/Atmel/Studio/7.0/Packs/atmel/ATmega_DFP/1.2.209/gcc/dev/atmega328/avr5\libatmega328.a(eewr_byte.o)
                0x00004e24                eeprom_write_byte
                0x00004e26                eeprom_write_r18
 .text.avr-libc
                0x00004e40       0x10 C:/Program Files/Atmel/Studio/7.0/Packs/atmel/ATmega_DFP/1.2.209/gcc/dev/atmega328/avr5\libatmega328.a(eewr_dword.o)
                0x00004e40                eeprom_write_dword
                0x00004e40                eeprom_write_float
 .text.avr-libc
                0x00004e50        0xa C:/Program Files/Atmel/Studio/7.0/Packs/atmel/ATmega_DFP/1.2.209/gcc/dev/atmega328/avr5\libatmega328.a(eewr_word.o)
                0x00004e50                eeprom_write_word
 .text.avr-libc
                0x00004e5a       0x20 C:/Program Files/Atmel/Studio/7.0/Packs/atmel/ATmega_DFP/1.2.209/gcc/dev/atmega328/avr5\libatmega328.a(eerd_block.o)
                0x00004e5a                eeprom_read_block
                0x00004e5e                eeprom_read_blraw
                0x00004e7a                . = ALIGN (0x2)
 *(.fini9)
 .fini9         0x00004e7a        0x0 c:/program files/atmel/studio/7.0/toolchain/avr8/avr8-gnu-toolchain/bin/../lib/gcc/avr/5.4.0/avr5\libgcc.a(_exit.o)
                0x00004e7a                _exit
                0x00004e7a                exit
 *(.fini9)
 *(.fini8)
 *(.fini8)
 *(.fini7)
 *(.fini7)
 *(.fini6)
 *(.fini6)
 *(.fini5)
 *(.fini5)
 *(.fini4)
 *(.fini4)
 *(.fini3)
 *(.fini3)
 *(.fini2)
 *(.fini2)
 *(.fini1)
 *(.fini1)
 *(.fini0)
 .fini0         0x00004e7a        0x4 c:/program files/atmel/studio/7.0/toolchain/avr8/avr8-gnu-toolchain/bin/../lib/gcc/avr/5.4.0/avr5\libgcc.a(_exit.o)
 *(.fini0)
                0x00004e7e                _etext = .

.data           0x00800100      0x242 load address 0x00004e7e
                0x00800100                PROVIDE (__data_start, .)
 *(.data)
 *(.data*)
 *(.gnu.linkonce.d*)
 *(.rodata)
 *(.rodata*)
 .rodata.str1.1
                0x00800100      0x241 Screen.o
 *(.gnu.linkonce.r*)
                0x00800342                . = ALIGN (0x2)
 *fill*         0x00800341        0x1 
                0x00800342                _edata = .
                0x00800342                PROVIDE (__data_end, .)

.bss            0x00800342      0x3b8
                0x00800342                PROVIDE (__bss_start, .)
 *(.bss)
 *(.bss*)
 .bss._ZZ5gftoafiE3buf
                0x00800342       0x10 LCDn5110.o
 .bss._ZL11LcdCacheIdx
                0x00800352        0x2 LCDn5110.o
 .bss._ZL11HiWaterMark
                0x00800354        0x2 LCDn5110.o
 .bss._ZL11LoWaterMark
                0x00800356        0x2 LCDn5110.o
 .bss._ZL8LcdCache
                0x00800358      0x1f8 LCDn5110.o
 .bss.activity  0x00800550       0x9d main.o
                0x00800550                activity
 .bss.screen    0x008005ed        0x1 main.o
                0x008005ed                screen
 .bss.panel     0x008005ee       0x31 main.o
                0x008005ee                panel
 .bss.carrage   0x0080061f       0xdb main.o
                0x0080061f                carrage
 *(COMMON)
                0x008006fa                PROVIDE (__bss_end, .)
                0x00004e7e                __data_load_start = LOADADDR (.data)
                0x000050c0                __data_load_end = (__data_load_start + SIZEOF (.data))

.noinit         0x008006fa        0x0
                [!provide]                PROVIDE (__noinit_start, .)
 *(.noinit*)
                [!provide]                PROVIDE (__noinit_end, .)
                0x008006fa                _end = .
                [!provide]                PROVIDE (__heap_start, .)

.eeprom         0x00810000       0x4d
 *(.eeprom*)
 .eeprom        0x00810000       0x4d main.o
                0x00810000                PositionsStates
                0x0081003c                countToMalfunctionLimit
                0x00810040                OnOffMalfunction
                0x00810041                CarrajeMax
                0x00810045                CarrajeMin
                0x00810049                Tunning_rate
                0x0081004d                __eeprom_end = .

.fuse
 *(.fuse)
 *(.lfuse)
 *(.hfuse)
 *(.efuse)

.lock
 *(.lock*)

.signature
 *(.signature*)

.user_signatures
 *(.user_signatures*)

.stab
 *(.stab)

.stabstr
 *(.stabstr)

.stab.excl
 *(.stab.excl)

.stab.exclstr
 *(.stab.exclstr)

.stab.index
 *(.stab.index)

.stab.indexstr
 *(.stab.indexstr)

.comment        0x00000000       0x30
 *(.comment)
 .comment       0x00000000       0x30 Activity.o
                                 0x31 (size before relaxing)
 .comment       0x00000030       0x31 Button.o
 .comment       0x00000030       0x31 Carrage.o
 .comment       0x00000030       0x31 LCDn5110.o
 .comment       0x00000030       0x31 main.o
 .comment       0x00000030       0x31 Screen.o
 .comment       0x00000030       0x31 Panel.o
 .comment       0x00000030       0x31 SensorsWheels.o
 .comment       0x00000030       0x31 Support.o
 .comment       0x00000030       0x31 Wheel.o

.note.gnu.avr.deviceinfo
                0x00000000       0x3c
 .note.gnu.avr.deviceinfo
                0x00000000       0x3c C:/Program Files/Atmel/Studio/7.0/Packs/atmel/ATmega_DFP/1.2.209/gcc/dev/atmega328/avr5/crtatmega328.o

.note.gnu.build-id
 *(.note.gnu.build-id)

.debug
 *(.debug)

.line
 *(.line)

.debug_srcinfo
 *(.debug_srcinfo)

.debug_sfnames
 *(.debug_sfnames)

.debug_aranges  0x00000000      0x5d0
 *(.debug_aranges)
 .debug_aranges
                0x00000000       0xc0 Activity.o
 .debug_aranges
                0x000000c0       0x30 Button.o
 .debug_aranges
                0x000000f0       0xd8 Carrage.o
 .debug_aranges
                0x000001c8       0xa0 LCDn5110.o
 .debug_aranges
                0x00000268       0x80 main.o
 .debug_aranges
                0x000002e8       0xe8 Screen.o
 .debug_aranges
                0x000003d0       0x30 Panel.o
 .debug_aranges
                0x00000400       0x30 SensorsWheels.o
 .debug_aranges
                0x00000430       0x58 Support.o
 .debug_aranges
                0x00000488       0x88 Wheel.o
 .debug_aranges
                0x00000510       0x20 C:/Program Files/Atmel/Studio/7.0/Packs/atmel/ATmega_DFP/1.2.209/gcc/dev/atmega328/avr5\libatmega328.a(eerd_byte.o)
 .debug_aranges
                0x00000530       0x20 C:/Program Files/Atmel/Studio/7.0/Packs/atmel/ATmega_DFP/1.2.209/gcc/dev/atmega328/avr5\libatmega328.a(eerd_dword.o)
 .debug_aranges
                0x00000550       0x20 C:/Program Files/Atmel/Studio/7.0/Packs/atmel/ATmega_DFP/1.2.209/gcc/dev/atmega328/avr5\libatmega328.a(eewr_byte.o)
 .debug_aranges
                0x00000570       0x20 C:/Program Files/Atmel/Studio/7.0/Packs/atmel/ATmega_DFP/1.2.209/gcc/dev/atmega328/avr5\libatmega328.a(eewr_dword.o)
 .debug_aranges
                0x00000590       0x20 C:/Program Files/Atmel/Studio/7.0/Packs/atmel/ATmega_DFP/1.2.209/gcc/dev/atmega328/avr5\libatmega328.a(eewr_word.o)
 .debug_aranges
                0x000005b0       0x20 C:/Program Files/Atmel/Studio/7.0/Packs/atmel/ATmega_DFP/1.2.209/gcc/dev/atmega328/avr5\libatmega328.a(eerd_block.o)

.debug_pubnames
 *(.debug_pubnames)

.debug_info     0x00000000     0xe7fa
 *(.debug_info .gnu.linkonce.wi.*)
 .debug_info    0x00000000      0x5f4 C:/Program Files/Atmel/Studio/7.0/Packs/atmel/ATmega_DFP/1.2.209/gcc/dev/atmega328/avr5/crtatmega328.o
 .debug_info    0x000005f4     0x26fd Activity.o
 .debug_info    0x00002cf1      0x297 Button.o
 .debug_info    0x00002f88     0x2057 Carrage.o
 .debug_info    0x00004fdf      0xb72 LCDn5110.o
 .debug_info    0x00005b51     0x2ff3 main.o
 .debug_info    0x00008b44     0x4257 Screen.o
 .debug_info    0x0000cd9b      0x56f Panel.o
 .debug_info    0x0000d30a      0x1a6 SensorsWheels.o
 .debug_info    0x0000d4b0      0x813 Support.o
 .debug_info    0x0000dcc3      0x732 Wheel.o
 .debug_info    0x0000e3f5       0xab C:/Program Files/Atmel/Studio/7.0/Packs/atmel/ATmega_DFP/1.2.209/gcc/dev/atmega328/avr5\libatmega328.a(eerd_byte.o)
 .debug_info    0x0000e4a0       0xac C:/Program Files/Atmel/Studio/7.0/Packs/atmel/ATmega_DFP/1.2.209/gcc/dev/atmega328/avr5\libatmega328.a(eerd_dword.o)
 .debug_info    0x0000e54c       0xab C:/Program Files/Atmel/Studio/7.0/Packs/atmel/ATmega_DFP/1.2.209/gcc/dev/atmega328/avr5\libatmega328.a(eewr_byte.o)
 .debug_info    0x0000e5f7       0xac C:/Program Files/Atmel/Studio/7.0/Packs/atmel/ATmega_DFP/1.2.209/gcc/dev/atmega328/avr5\libatmega328.a(eewr_dword.o)
 .debug_info    0x0000e6a3       0xab C:/Program Files/Atmel/Studio/7.0/Packs/atmel/ATmega_DFP/1.2.209/gcc/dev/atmega328/avr5\libatmega328.a(eewr_word.o)
 .debug_info    0x0000e74e       0xac C:/Program Files/Atmel/Studio/7.0/Packs/atmel/ATmega_DFP/1.2.209/gcc/dev/atmega328/avr5\libatmega328.a(eerd_block.o)

.debug_abbrev   0x00000000     0x1f83
 *(.debug_abbrev)
 .debug_abbrev  0x00000000      0x5a2 C:/Program Files/Atmel/Studio/7.0/Packs/atmel/ATmega_DFP/1.2.209/gcc/dev/atmega328/avr5/crtatmega328.o
 .debug_abbrev  0x000005a2      0x368 Activity.o
 .debug_abbrev  0x0000090a      0x1bf Button.o
 .debug_abbrev  0x00000ac9      0x351 Carrage.o
 .debug_abbrev  0x00000e1a      0x2dc LCDn5110.o
 .debug_abbrev  0x000010f6      0x3bb main.o
 .debug_abbrev  0x000014b1      0x372 Screen.o
 .debug_abbrev  0x00001823      0x15c Panel.o
 .debug_abbrev  0x0000197f      0x12d SensorsWheels.o
 .debug_abbrev  0x00001aac      0x28e Support.o
 .debug_abbrev  0x00001d3a      0x1d1 Wheel.o
 .debug_abbrev  0x00001f0b       0x14 C:/Program Files/Atmel/Studio/7.0/Packs/atmel/ATmega_DFP/1.2.209/gcc/dev/atmega328/avr5\libatmega328.a(eerd_byte.o)
 .debug_abbrev  0x00001f1f       0x14 C:/Program Files/Atmel/Studio/7.0/Packs/atmel/ATmega_DFP/1.2.209/gcc/dev/atmega328/avr5\libatmega328.a(eerd_dword.o)
 .debug_abbrev  0x00001f33       0x14 C:/Program Files/Atmel/Studio/7.0/Packs/atmel/ATmega_DFP/1.2.209/gcc/dev/atmega328/avr5\libatmega328.a(eewr_byte.o)
 .debug_abbrev  0x00001f47       0x14 C:/Program Files/Atmel/Studio/7.0/Packs/atmel/ATmega_DFP/1.2.209/gcc/dev/atmega328/avr5\libatmega328.a(eewr_dword.o)
 .debug_abbrev  0x00001f5b       0x14 C:/Program Files/Atmel/Studio/7.0/Packs/atmel/ATmega_DFP/1.2.209/gcc/dev/atmega328/avr5\libatmega328.a(eewr_word.o)
 .debug_abbrev  0x00001f6f       0x14 C:/Program Files/Atmel/Studio/7.0/Packs/atmel/ATmega_DFP/1.2.209/gcc/dev/atmega328/avr5\libatmega328.a(eerd_block.o)

.debug_line     0x00000000     0x3a2e
 *(.debug_line .debug_line.* .debug_line_end)
 .debug_line    0x00000000      0x133 C:/Program Files/Atmel/Studio/7.0/Packs/atmel/ATmega_DFP/1.2.209/gcc/dev/atmega328/avr5/crtatmega328.o
 .debug_line    0x00000133      0xd6a Activity.o
 .debug_line    0x00000e9d      0x1eb Button.o
 .debug_line    0x00001088      0x896 Carrage.o
 .debug_line    0x0000191e      0x620 LCDn5110.o
 .debug_line    0x00001f3e      0x660 main.o
 .debug_line    0x0000259e      0x87e Screen.o
 .debug_line    0x00002e1c      0x10f Panel.o
 .debug_line    0x00002f2b       0xdd SensorsWheels.o
 .debug_line    0x00003008      0x3f0 Support.o
 .debug_line    0x000033f8      0x348 Wheel.o
 .debug_line    0x00003740       0x7a C:/Program Files/Atmel/Studio/7.0/Packs/atmel/ATmega_DFP/1.2.209/gcc/dev/atmega328/avr5\libatmega328.a(eerd_byte.o)
 .debug_line    0x000037ba       0x68 C:/Program Files/Atmel/Studio/7.0/Packs/atmel/ATmega_DFP/1.2.209/gcc/dev/atmega328/avr5\libatmega328.a(eerd_dword.o)
 .debug_line    0x00003822       0x9e C:/Program Files/Atmel/Studio/7.0/Packs/atmel/ATmega_DFP/1.2.209/gcc/dev/atmega328/avr5\libatmega328.a(eewr_byte.o)
 .debug_line    0x000038c0       0x68 C:/Program Files/Atmel/Studio/7.0/Packs/atmel/ATmega_DFP/1.2.209/gcc/dev/atmega328/avr5\libatmega328.a(eewr_dword.o)
 .debug_line    0x00003928       0x5b C:/Program Files/Atmel/Studio/7.0/Packs/atmel/ATmega_DFP/1.2.209/gcc/dev/atmega328/avr5\libatmega328.a(eewr_word.o)
 .debug_line    0x00003983       0xab C:/Program Files/Atmel/Studio/7.0/Packs/atmel/ATmega_DFP/1.2.209/gcc/dev/atmega328/avr5\libatmega328.a(eerd_block.o)

.debug_frame    0x00000000     0x11b4
 *(.debug_frame)
 .debug_frame   0x00000000      0x2c4 Activity.o
 .debug_frame   0x000002c4       0x44 Button.o
 .debug_frame   0x00000308      0x3c8 Carrage.o
 .debug_frame   0x000006d0      0x210 LCDn5110.o
 .debug_frame   0x000008e0      0x190 main.o
 .debug_frame   0x00000a70      0x384 Screen.o
 .debug_frame   0x00000df4       0x70 Panel.o
 .debug_frame   0x00000e64       0x44 SensorsWheels.o
 .debug_frame   0x00000ea8      0x124 Support.o
 .debug_frame   0x00000fcc      0x1e8 Wheel.o

.debug_str      0x00000000     0x223b
 *(.debug_str)
 .debug_str     0x00000000      0x208 C:/Program Files/Atmel/Studio/7.0/Packs/atmel/ATmega_DFP/1.2.209/gcc/dev/atmega328/avr5/crtatmega328.o
 .debug_str     0x00000208     0x127f Activity.o
                               0x1405 (size before relaxing)
 .debug_str     0x00001487       0x31 Button.o
                                0x276 (size before relaxing)
 .debug_str     0x000014b8       0xde Carrage.o
                                0xa9b (size before relaxing)
 .debug_str     0x00001596      0x29a LCDn5110.o
                                0x500 (size before relaxing)
 .debug_str     0x00001830      0x881 main.o
                               0x1d30 (size before relaxing)
 .debug_str     0x000020b1       0x28 Screen.o
                               0x1a4e (size before relaxing)
 .debug_str     0x000020d9       0x56 Panel.o
                                0x275 (size before relaxing)
 .debug_str     0x0000212f       0x3b SensorsWheels.o
                                0x242 (size before relaxing)
 .debug_str     0x0000216a       0xb4 Support.o
                                0x347 (size before relaxing)
 .debug_str     0x0000221e       0x1d Wheel.o
                                0x4d3 (size before relaxing)

.debug_loc      0x00000000     0x668a
 *(.debug_loc)
 .debug_loc     0x00000000     0x1702 Activity.o
 .debug_loc     0x00001702      0x147 Button.o
 .debug_loc     0x00001849      0xe4a Carrage.o
 .debug_loc     0x00002693      0xffe LCDn5110.o
 .debug_loc     0x00003691      0x386 main.o
 .debug_loc     0x00003a17     0x18ef Screen.o
 .debug_loc     0x00005306      0x17f Panel.o
 .debug_loc     0x00005485       0xa3 SensorsWheels.o
 .debug_loc     0x00005528      0xab4 Support.o
 .debug_loc     0x00005fdc      0x6ae Wheel.o

.debug_macinfo
 *(.debug_macinfo)

.debug_weaknames
 *(.debug_weaknames)

.debug_funcnames
 *(.debug_funcnames)

.debug_typenames
 *(.debug_typenames)

.debug_varnames
 *(.debug_varnames)

.debug_pubtypes
 *(.debug_pubtypes)

.debug_ranges   0x00000000      0x4a0
 *(.debug_ranges)
 .debug_ranges  0x00000000       0xb0 Activity.o
 .debug_ranges  0x000000b0       0x20 Button.o
 .debug_ranges  0x000000d0       0xc8 Carrage.o
 .debug_ranges  0x00000198       0x90 LCDn5110.o
 .debug_ranges  0x00000228       0x70 main.o
 .debug_ranges  0x00000298       0xd8 Screen.o
 .debug_ranges  0x00000370       0x20 Panel.o
 .debug_ranges  0x00000390       0x20 SensorsWheels.o
 .debug_ranges  0x000003b0       0x78 Support.o
 .debug_ranges  0x00000428       0x78 Wheel.o

.debug_macro
 *(.debug_macro)
OUTPUT(CarSupport.elf elf32-avr)
LOAD linker stubs
