Archive member included to satisfy reference by file (symbol)

c:/program files/atmel/studio/7.0/toolchain/avr8/avr8-gnu-toolchain/bin/../lib/gcc/avr/5.4.0/../../../../avr/lib/avr5\libm.a(addsf3.o)
                              Wheel.o (__subsf3)
c:/program files/atmel/studio/7.0/toolchain/avr8/avr8-gnu-toolchain/bin/../lib/gcc/avr/5.4.0/../../../../avr/lib/avr5\libm.a(addsf3x.o)
                              c:/program files/atmel/studio/7.0/toolchain/avr8/avr8-gnu-toolchain/bin/../lib/gcc/avr/5.4.0/../../../../avr/lib/avr5\libm.a(addsf3.o) (__addsf3x)
c:/program files/atmel/studio/7.0/toolchain/avr8/avr8-gnu-toolchain/bin/../lib/gcc/avr/5.4.0/../../../../avr/lib/avr5\libm.a(cmpsf2.o)
                              Wheel.o (__eqsf2)
c:/program files/atmel/studio/7.0/toolchain/avr8/avr8-gnu-toolchain/bin/../lib/gcc/avr/5.4.0/../../../../avr/lib/avr5\libm.a(fixsfsi.o)
                              LCDn5110.o (__fixsfsi)
c:/program files/atmel/studio/7.0/toolchain/avr8/avr8-gnu-toolchain/bin/../lib/gcc/avr/5.4.0/../../../../avr/lib/avr5\libm.a(fixunssfsi.o)
                              c:/program files/atmel/studio/7.0/toolchain/avr8/avr8-gnu-toolchain/bin/../lib/gcc/avr/5.4.0/../../../../avr/lib/avr5\libm.a(fixsfsi.o) (__fixunssfsi)
c:/program files/atmel/studio/7.0/toolchain/avr8/avr8-gnu-toolchain/bin/../lib/gcc/avr/5.4.0/../../../../avr/lib/avr5\libm.a(floatsisf.o)
                              SensorsWheels.o (__floatunsisf)
c:/program files/atmel/studio/7.0/toolchain/avr8/avr8-gnu-toolchain/bin/../lib/gcc/avr/5.4.0/../../../../avr/lib/avr5\libm.a(fp_cmp.o)
                              c:/program files/atmel/studio/7.0/toolchain/avr8/avr8-gnu-toolchain/bin/../lib/gcc/avr/5.4.0/../../../../avr/lib/avr5\libm.a(cmpsf2.o) (__fp_cmp)
c:/program files/atmel/studio/7.0/toolchain/avr8/avr8-gnu-toolchain/bin/../lib/gcc/avr/5.4.0/../../../../avr/lib/avr5\libm.a(fp_inf.o)
                              c:/program files/atmel/studio/7.0/toolchain/avr8/avr8-gnu-toolchain/bin/../lib/gcc/avr/5.4.0/../../../../avr/lib/avr5\libm.a(addsf3x.o) (__fp_inf)
c:/program files/atmel/studio/7.0/toolchain/avr8/avr8-gnu-toolchain/bin/../lib/gcc/avr/5.4.0/../../../../avr/lib/avr5\libm.a(fp_nan.o)
                              c:/program files/atmel/studio/7.0/toolchain/avr8/avr8-gnu-toolchain/bin/../lib/gcc/avr/5.4.0/../../../../avr/lib/avr5\libm.a(addsf3x.o) (__fp_nan)
c:/program files/atmel/studio/7.0/toolchain/avr8/avr8-gnu-toolchain/bin/../lib/gcc/avr/5.4.0/../../../../avr/lib/avr5\libm.a(fp_pscA.o)
                              c:/program files/atmel/studio/7.0/toolchain/avr8/avr8-gnu-toolchain/bin/../lib/gcc/avr/5.4.0/../../../../avr/lib/avr5\libm.a(addsf3x.o) (__fp_pscA)
c:/program files/atmel/studio/7.0/toolchain/avr8/avr8-gnu-toolchain/bin/../lib/gcc/avr/5.4.0/../../../../avr/lib/avr5\libm.a(fp_pscB.o)
                              c:/program files/atmel/studio/7.0/toolchain/avr8/avr8-gnu-toolchain/bin/../lib/gcc/avr/5.4.0/../../../../avr/lib/avr5\libm.a(addsf3x.o) (__fp_pscB)
c:/program files/atmel/studio/7.0/toolchain/avr8/avr8-gnu-toolchain/bin/../lib/gcc/avr/5.4.0/../../../../avr/lib/avr5\libm.a(fp_round.o)
                              c:/program files/atmel/studio/7.0/toolchain/avr8/avr8-gnu-toolchain/bin/../lib/gcc/avr/5.4.0/../../../../avr/lib/avr5\libm.a(addsf3.o) (__fp_round)
c:/program files/atmel/studio/7.0/toolchain/avr8/avr8-gnu-toolchain/bin/../lib/gcc/avr/5.4.0/../../../../avr/lib/avr5\libm.a(fp_split3.o)
                              c:/program files/atmel/studio/7.0/toolchain/avr8/avr8-gnu-toolchain/bin/../lib/gcc/avr/5.4.0/../../../../avr/lib/avr5\libm.a(addsf3x.o) (__fp_split3)
c:/program files/atmel/studio/7.0/toolchain/avr8/avr8-gnu-toolchain/bin/../lib/gcc/avr/5.4.0/../../../../avr/lib/avr5\libm.a(fp_zero.o)
                              c:/program files/atmel/studio/7.0/toolchain/avr8/avr8-gnu-toolchain/bin/../lib/gcc/avr/5.4.0/../../../../avr/lib/avr5\libm.a(addsf3x.o) (__fp_zero)
c:/program files/atmel/studio/7.0/toolchain/avr8/avr8-gnu-toolchain/bin/../lib/gcc/avr/5.4.0/../../../../avr/lib/avr5\libm.a(gesf2.o)
                              Wheel.o (__gtsf2)
c:/program files/atmel/studio/7.0/toolchain/avr8/avr8-gnu-toolchain/bin/../lib/gcc/avr/5.4.0/../../../../avr/lib/avr5\libm.a(mulsf3.o)
                              LCDn5110.o (__mulsf3)
c:/program files/atmel/studio/7.0/toolchain/avr8/avr8-gnu-toolchain/bin/../lib/gcc/avr/5.4.0/../../../../avr/lib/avr5\libm.a(mulsf3x.o)
                              c:/program files/atmel/studio/7.0/toolchain/avr8/avr8-gnu-toolchain/bin/../lib/gcc/avr/5.4.0/../../../../avr/lib/avr5\libm.a(mulsf3.o) (__mulsf3x)
c:/program files/atmel/studio/7.0/toolchain/avr8/avr8-gnu-toolchain/bin/../lib/gcc/avr/5.4.0/avr5\libgcc.a(_divmodhi4.o)
                              LCDn5110.o (__divmodhi4)
c:/program files/atmel/studio/7.0/toolchain/avr8/avr8-gnu-toolchain/bin/../lib/gcc/avr/5.4.0/avr5\libgcc.a(_exit.o)
                              C:/Program Files/Atmel/Studio/7.0/Packs/atmel/ATmega_DFP/1.2.209/gcc/dev/atmega328/avr5/crtatmega328.o (exit)
c:/program files/atmel/studio/7.0/toolchain/avr8/avr8-gnu-toolchain/bin/../lib/gcc/avr/5.4.0/avr5\libgcc.a(_tablejump2.o)
                              Activity.o (__tablejump2__)
c:/program files/atmel/studio/7.0/toolchain/avr8/avr8-gnu-toolchain/bin/../lib/gcc/avr/5.4.0/avr5\libgcc.a(_copy_data.o)
                              Screen.o (__do_copy_data)
c:/program files/atmel/studio/7.0/toolchain/avr8/avr8-gnu-toolchain/bin/../lib/gcc/avr/5.4.0/avr5\libgcc.a(_clear_bss.o)
                              LCDn5110.o (__do_clear_bss)
c:/program files/atmel/studio/7.0/toolchain/avr8/avr8-gnu-toolchain/bin/../lib/gcc/avr/5.4.0/avr5\libgcc.a(_ctors.o)
                              main.o (__do_global_ctors)
c:/program files/atmel/studio/7.0/toolchain/avr8/avr8-gnu-toolchain/bin/../lib/gcc/avr/5.4.0/avr5\libgcc.a(_udivmodhi4.o)
                              c:/program files/atmel/studio/7.0/toolchain/avr8/avr8-gnu-toolchain/bin/../lib/gcc/avr/5.4.0/avr5\libgcc.a(_divmodhi4.o) (__udivmodhi4)
C:/Program Files/Atmel/Studio/7.0/Packs/atmel/ATmega_DFP/1.2.209/gcc/dev/atmega328/avr5\libatmega328.a(eerd_dword.o)
                              main.o (eeprom_read_float)
C:/Program Files/Atmel/Studio/7.0/Packs/atmel/ATmega_DFP/1.2.209/gcc/dev/atmega328/avr5\libatmega328.a(eewr_dword.o)
                              main.o (eeprom_write_float)
C:/Program Files/Atmel/Studio/7.0/Packs/atmel/ATmega_DFP/1.2.209/gcc/dev/atmega328/avr5\libatmega328.a(eewr_word.o)
                              C:/Program Files/Atmel/Studio/7.0/Packs/atmel/ATmega_DFP/1.2.209/gcc/dev/atmega328/avr5\libatmega328.a(eewr_dword.o) (eeprom_write_word)
C:/Program Files/Atmel/Studio/7.0/Packs/atmel/ATmega_DFP/1.2.209/gcc/dev/atmega328/avr5\libatmega328.a(eerd_block.o)
                              C:/Program Files/Atmel/Studio/7.0/Packs/atmel/ATmega_DFP/1.2.209/gcc/dev/atmega328/avr5\libatmega328.a(eerd_dword.o) (eeprom_read_blraw)
C:/Program Files/Atmel/Studio/7.0/Packs/atmel/ATmega_DFP/1.2.209/gcc/dev/atmega328/avr5\libatmega328.a(eewr_byte.o)
                              C:/Program Files/Atmel/Studio/7.0/Packs/atmel/ATmega_DFP/1.2.209/gcc/dev/atmega328/avr5\libatmega328.a(eewr_word.o) (eeprom_write_byte)

Discarded input sections

 .data          0x00000000        0x0 C:/Program Files/Atmel/Studio/7.0/Packs/atmel/ATmega_DFP/1.2.209/gcc/dev/atmega328/avr5/crtatmega328.o
 .bss           0x00000000        0x0 C:/Program Files/Atmel/Studio/7.0/Packs/atmel/ATmega_DFP/1.2.209/gcc/dev/atmega328/avr5/crtatmega328.o
 .text          0x00000000        0x0 Activity.o
 .data          0x00000000        0x0 Activity.o
 .bss           0x00000000        0x0 Activity.o
 .text          0x00000000        0x0 Button.o
 .data          0x00000000        0x0 Button.o
 .bss           0x00000000        0x0 Button.o
 .text          0x00000000        0x0 Carrage.o
 .data          0x00000000        0x0 Carrage.o
 .bss           0x00000000        0x0 Carrage.o
 .text          0x00000000        0x0 LCDn5110.o
 .data          0x00000000        0x0 LCDn5110.o
 .bss           0x00000000        0x0 LCDn5110.o
 .text._Z4gpowii
                0x00000000       0x2e LCDn5110.o
 .text._Z11LcdContrasth
                0x00000000       0x22 LCDn5110.o
 .text._Z10Lcd_printshh11LcdFontSizePKh
                0x00000000       0x3c LCDn5110.o
 .text._Z9Lcd_pixelhh12LcdPixelMode
                0x00000000       0xb0 LCDn5110.o
 .text          0x00000000        0x0 main.o
 .data          0x00000000        0x0 main.o
 .bss           0x00000000        0x0 main.o
 .text._Z14test_out_timer6Button6Output
                0x00000000       0x4a main.o
 .text._Z12test_Out_Set6Button6Output
                0x00000000       0x52 main.o
 .text._Z10test_panel5Panel6Output
                0x00000000       0x9c main.o
 .text._Z8test_LCDv
                0x00000000       0x2a main.o
 .text._Z14test_LCD_clear5Panel
                0x00000000       0x7e main.o
 .text._Z13test_LCD_weelv
                0x00000000      0x192 main.o
 .text._Z15test_cars_wheel7Carrage
                0x00000000        0xe main.o
 .text          0x00000000        0x0 Screen.o
 .data          0x00000000        0x0 Screen.o
 .bss           0x00000000        0x0 Screen.o
 .text._ZN6Screen4InitEv
                0x00000000        0x2 Screen.o
 .text._ZN6Screen10PtintItemsEv
                0x00000000        0x2 Screen.o
 .text          0x00000000        0x0 Panel.o
 .data          0x00000000        0x0 Panel.o
 .bss           0x00000000        0x0 Panel.o
 .text          0x00000000        0x0 SensorsWheels.o
 .data          0x00000000        0x0 SensorsWheels.o
 .bss           0x00000000        0x0 SensorsWheels.o
 .text          0x00000000        0x0 Support.o
 .data          0x00000000        0x0 Support.o
 .bss           0x00000000        0x0 Support.o
 .text._ZN7Support4DownEibbbb
                0x00000000       0x78 Support.o
 .text._ZN7Support2UpEibbbb
                0x00000000       0x76 Support.o
 .text          0x00000000        0x0 Wheel.o
 .data          0x00000000        0x0 Wheel.o
 .bss           0x00000000        0x0 Wheel.o
 .text          0x00000000        0x0 c:/program files/atmel/studio/7.0/toolchain/avr8/avr8-gnu-toolchain/bin/../lib/gcc/avr/5.4.0/../../../../avr/lib/avr5\libm.a(addsf3.o)
 .data          0x00000000        0x0 c:/program files/atmel/studio/7.0/toolchain/avr8/avr8-gnu-toolchain/bin/../lib/gcc/avr/5.4.0/../../../../avr/lib/avr5\libm.a(addsf3.o)
 .bss           0x00000000        0x0 c:/program files/atmel/studio/7.0/toolchain/avr8/avr8-gnu-toolchain/bin/../lib/gcc/avr/5.4.0/../../../../avr/lib/avr5\libm.a(addsf3.o)
 .text          0x00000000        0x0 c:/program files/atmel/studio/7.0/toolchain/avr8/avr8-gnu-toolchain/bin/../lib/gcc/avr/5.4.0/../../../../avr/lib/avr5\libm.a(addsf3x.o)
 .data          0x00000000        0x0 c:/program files/atmel/studio/7.0/toolchain/avr8/avr8-gnu-toolchain/bin/../lib/gcc/avr/5.4.0/../../../../avr/lib/avr5\libm.a(addsf3x.o)
 .bss           0x00000000        0x0 c:/program files/atmel/studio/7.0/toolchain/avr8/avr8-gnu-toolchain/bin/../lib/gcc/avr/5.4.0/../../../../avr/lib/avr5\libm.a(addsf3x.o)
 .text          0x00000000        0x0 c:/program files/atmel/studio/7.0/toolchain/avr8/avr8-gnu-toolchain/bin/../lib/gcc/avr/5.4.0/../../../../avr/lib/avr5\libm.a(cmpsf2.o)
 .data          0x00000000        0x0 c:/program files/atmel/studio/7.0/toolchain/avr8/avr8-gnu-toolchain/bin/../lib/gcc/avr/5.4.0/../../../../avr/lib/avr5\libm.a(cmpsf2.o)
 .bss           0x00000000        0x0 c:/program files/atmel/studio/7.0/toolchain/avr8/avr8-gnu-toolchain/bin/../lib/gcc/avr/5.4.0/../../../../avr/lib/avr5\libm.a(cmpsf2.o)
 .text          0x00000000        0x0 c:/program files/atmel/studio/7.0/toolchain/avr8/avr8-gnu-toolchain/bin/../lib/gcc/avr/5.4.0/../../../../avr/lib/avr5\libm.a(fixsfsi.o)
 .data          0x00000000        0x0 c:/program files/atmel/studio/7.0/toolchain/avr8/avr8-gnu-toolchain/bin/../lib/gcc/avr/5.4.0/../../../../avr/lib/avr5\libm.a(fixsfsi.o)
 .bss           0x00000000        0x0 c:/program files/atmel/studio/7.0/toolchain/avr8/avr8-gnu-toolchain/bin/../lib/gcc/avr/5.4.0/../../../../avr/lib/avr5\libm.a(fixsfsi.o)
 .text          0x00000000        0x0 c:/program files/atmel/studio/7.0/toolchain/avr8/avr8-gnu-toolchain/bin/../lib/gcc/avr/5.4.0/../../../../avr/lib/avr5\libm.a(fixunssfsi.o)
 .data          0x00000000        0x0 c:/program files/atmel/studio/7.0/toolchain/avr8/avr8-gnu-toolchain/bin/../lib/gcc/avr/5.4.0/../../../../avr/lib/avr5\libm.a(fixunssfsi.o)
 .bss           0x00000000        0x0 c:/program files/atmel/studio/7.0/toolchain/avr8/avr8-gnu-toolchain/bin/../lib/gcc/avr/5.4.0/../../../../avr/lib/avr5\libm.a(fixunssfsi.o)
 .text          0x00000000        0x0 c:/program files/atmel/studio/7.0/toolchain/avr8/avr8-gnu-toolchain/bin/../lib/gcc/avr/5.4.0/../../../../avr/lib/avr5\libm.a(floatsisf.o)
 .data          0x00000000        0x0 c:/program files/atmel/studio/7.0/toolchain/avr8/avr8-gnu-toolchain/bin/../lib/gcc/avr/5.4.0/../../../../avr/lib/avr5\libm.a(floatsisf.o)
 .bss           0x00000000        0x0 c:/program files/atmel/studio/7.0/toolchain/avr8/avr8-gnu-toolchain/bin/../lib/gcc/avr/5.4.0/../../../../avr/lib/avr5\libm.a(floatsisf.o)
 .text          0x00000000        0x0 c:/program files/atmel/studio/7.0/toolchain/avr8/avr8-gnu-toolchain/bin/../lib/gcc/avr/5.4.0/../../../../avr/lib/avr5\libm.a(fp_cmp.o)
 .data          0x00000000        0x0 c:/program files/atmel/studio/7.0/toolchain/avr8/avr8-gnu-toolchain/bin/../lib/gcc/avr/5.4.0/../../../../avr/lib/avr5\libm.a(fp_cmp.o)
 .bss           0x00000000        0x0 c:/program files/atmel/studio/7.0/toolchain/avr8/avr8-gnu-toolchain/bin/../lib/gcc/avr/5.4.0/../../../../avr/lib/avr5\libm.a(fp_cmp.o)
 .text          0x00000000        0x0 c:/program files/atmel/studio/7.0/toolchain/avr8/avr8-gnu-toolchain/bin/../lib/gcc/avr/5.4.0/../../../../avr/lib/avr5\libm.a(fp_inf.o)
 .data          0x00000000        0x0 c:/program files/atmel/studio/7.0/toolchain/avr8/avr8-gnu-toolchain/bin/../lib/gcc/avr/5.4.0/../../../../avr/lib/avr5\libm.a(fp_inf.o)
 .bss           0x00000000        0x0 c:/program files/atmel/studio/7.0/toolchain/avr8/avr8-gnu-toolchain/bin/../lib/gcc/avr/5.4.0/../../../../avr/lib/avr5\libm.a(fp_inf.o)
 .text          0x00000000        0x0 c:/program files/atmel/studio/7.0/toolchain/avr8/avr8-gnu-toolchain/bin/../lib/gcc/avr/5.4.0/../../../../avr/lib/avr5\libm.a(fp_nan.o)
 .data          0x00000000        0x0 c:/program files/atmel/studio/7.0/toolchain/avr8/avr8-gnu-toolchain/bin/../lib/gcc/avr/5.4.0/../../../../avr/lib/avr5\libm.a(fp_nan.o)
 .bss           0x00000000        0x0 c:/program files/atmel/studio/7.0/toolchain/avr8/avr8-gnu-toolchain/bin/../lib/gcc/avr/5.4.0/../../../../avr/lib/avr5\libm.a(fp_nan.o)
 .text          0x00000000        0x0 c:/program files/atmel/studio/7.0/toolchain/avr8/avr8-gnu-toolchain/bin/../lib/gcc/avr/5.4.0/../../../../avr/lib/avr5\libm.a(fp_pscA.o)
 .data          0x00000000        0x0 c:/program files/atmel/studio/7.0/toolchain/avr8/avr8-gnu-toolchain/bin/../lib/gcc/avr/5.4.0/../../../../avr/lib/avr5\libm.a(fp_pscA.o)
 .bss           0x00000000        0x0 c:/program files/atmel/studio/7.0/toolchain/avr8/avr8-gnu-toolchain/bin/../lib/gcc/avr/5.4.0/../../../../avr/lib/avr5\libm.a(fp_pscA.o)
 .text          0x00000000        0x0 c:/program files/atmel/studio/7.0/toolchain/avr8/avr8-gnu-toolchain/bin/../lib/gcc/avr/5.4.0/../../../../avr/lib/avr5\libm.a(fp_pscB.o)
 .data          0x00000000        0x0 c:/program files/atmel/studio/7.0/toolchain/avr8/avr8-gnu-toolchain/bin/../lib/gcc/avr/5.4.0/../../../../avr/lib/avr5\libm.a(fp_pscB.o)
 .bss           0x00000000        0x0 c:/program files/atmel/studio/7.0/toolchain/avr8/avr8-gnu-toolchain/bin/../lib/gcc/avr/5.4.0/../../../../avr/lib/avr5\libm.a(fp_pscB.o)
 .text          0x00000000        0x0 c:/program files/atmel/studio/7.0/toolchain/avr8/avr8-gnu-toolchain/bin/../lib/gcc/avr/5.4.0/../../../../avr/lib/avr5\libm.a(fp_round.o)
 .data          0x00000000        0x0 c:/program files/atmel/studio/7.0/toolchain/avr8/avr8-gnu-toolchain/bin/../lib/gcc/avr/5.4.0/../../../../avr/lib/avr5\libm.a(fp_round.o)
 .bss           0x00000000        0x0 c:/program files/atmel/studio/7.0/toolchain/avr8/avr8-gnu-toolchain/bin/../lib/gcc/avr/5.4.0/../../../../avr/lib/avr5\libm.a(fp_round.o)
 .text          0x00000000        0x0 c:/program files/atmel/studio/7.0/toolchain/avr8/avr8-gnu-toolchain/bin/../lib/gcc/avr/5.4.0/../../../../avr/lib/avr5\libm.a(fp_split3.o)
 .data          0x00000000        0x0 c:/program files/atmel/studio/7.0/toolchain/avr8/avr8-gnu-toolchain/bin/../lib/gcc/avr/5.4.0/../../../../avr/lib/avr5\libm.a(fp_split3.o)
 .bss           0x00000000        0x0 c:/program files/atmel/studio/7.0/toolchain/avr8/avr8-gnu-toolchain/bin/../lib/gcc/avr/5.4.0/../../../../avr/lib/avr5\libm.a(fp_split3.o)
 .text          0x00000000        0x0 c:/program files/atmel/studio/7.0/toolchain/avr8/avr8-gnu-toolchain/bin/../lib/gcc/avr/5.4.0/../../../../avr/lib/avr5\libm.a(fp_zero.o)
 .data          0x00000000        0x0 c:/program files/atmel/studio/7.0/toolchain/avr8/avr8-gnu-toolchain/bin/../lib/gcc/avr/5.4.0/../../../../avr/lib/avr5\libm.a(fp_zero.o)
 .bss           0x00000000        0x0 c:/program files/atmel/studio/7.0/toolchain/avr8/avr8-gnu-toolchain/bin/../lib/gcc/avr/5.4.0/../../../../avr/lib/avr5\libm.a(fp_zero.o)
 .text          0x00000000        0x0 c:/program files/atmel/studio/7.0/toolchain/avr8/avr8-gnu-toolchain/bin/../lib/gcc/avr/5.4.0/../../../../avr/lib/avr5\libm.a(gesf2.o)
 .data          0x00000000        0x0 c:/program files/atmel/studio/7.0/toolchain/avr8/avr8-gnu-toolchain/bin/../lib/gcc/avr/5.4.0/../../../../avr/lib/avr5\libm.a(gesf2.o)
 .bss           0x00000000        0x0 c:/program files/atmel/studio/7.0/toolchain/avr8/avr8-gnu-toolchain/bin/../lib/gcc/avr/5.4.0/../../../../avr/lib/avr5\libm.a(gesf2.o)
 .text          0x00000000        0x0 c:/program files/atmel/studio/7.0/toolchain/avr8/avr8-gnu-toolchain/bin/../lib/gcc/avr/5.4.0/../../../../avr/lib/avr5\libm.a(mulsf3.o)
 .data          0x00000000        0x0 c:/program files/atmel/studio/7.0/toolchain/avr8/avr8-gnu-toolchain/bin/../lib/gcc/avr/5.4.0/../../../../avr/lib/avr5\libm.a(mulsf3.o)
 .bss           0x00000000        0x0 c:/program files/atmel/studio/7.0/toolchain/avr8/avr8-gnu-toolchain/bin/../lib/gcc/avr/5.4.0/../../../../avr/lib/avr5\libm.a(mulsf3.o)
 .text          0x00000000        0x0 c:/program files/atmel/studio/7.0/toolchain/avr8/avr8-gnu-toolchain/bin/../lib/gcc/avr/5.4.0/../../../../avr/lib/avr5\libm.a(mulsf3x.o)
 .data          0x00000000        0x0 c:/program files/atmel/studio/7.0/toolchain/avr8/avr8-gnu-toolchain/bin/../lib/gcc/avr/5.4.0/../../../../avr/lib/avr5\libm.a(mulsf3x.o)
 .bss           0x00000000        0x0 c:/program files/atmel/studio/7.0/toolchain/avr8/avr8-gnu-toolchain/bin/../lib/gcc/avr/5.4.0/../../../../avr/lib/avr5\libm.a(mulsf3x.o)
 .text          0x00000000        0x0 c:/program files/atmel/studio/7.0/toolchain/avr8/avr8-gnu-toolchain/bin/../lib/gcc/avr/5.4.0/avr5\libgcc.a(_divmodhi4.o)
 .data          0x00000000        0x0 c:/program files/atmel/studio/7.0/toolchain/avr8/avr8-gnu-toolchain/bin/../lib/gcc/avr/5.4.0/avr5\libgcc.a(_divmodhi4.o)
 .bss           0x00000000        0x0 c:/program files/atmel/studio/7.0/toolchain/avr8/avr8-gnu-toolchain/bin/../lib/gcc/avr/5.4.0/avr5\libgcc.a(_divmodhi4.o)
 .text.libgcc.mul
                0x00000000        0x0 c:/program files/atmel/studio/7.0/toolchain/avr8/avr8-gnu-toolchain/bin/../lib/gcc/avr/5.4.0/avr5\libgcc.a(_divmodhi4.o)
 .text.libgcc   0x00000000        0x0 c:/program files/atmel/studio/7.0/toolchain/avr8/avr8-gnu-toolchain/bin/../lib/gcc/avr/5.4.0/avr5\libgcc.a(_divmodhi4.o)
 .text.libgcc.prologue
                0x00000000        0x0 c:/program files/atmel/studio/7.0/toolchain/avr8/avr8-gnu-toolchain/bin/../lib/gcc/avr/5.4.0/avr5\libgcc.a(_divmodhi4.o)
 .text.libgcc.builtins
                0x00000000        0x0 c:/program files/atmel/studio/7.0/toolchain/avr8/avr8-gnu-toolchain/bin/../lib/gcc/avr/5.4.0/avr5\libgcc.a(_divmodhi4.o)
 .text.libgcc.fmul
                0x00000000        0x0 c:/program files/atmel/studio/7.0/toolchain/avr8/avr8-gnu-toolchain/bin/../lib/gcc/avr/5.4.0/avr5\libgcc.a(_divmodhi4.o)
 .text.libgcc.fixed
                0x00000000        0x0 c:/program files/atmel/studio/7.0/toolchain/avr8/avr8-gnu-toolchain/bin/../lib/gcc/avr/5.4.0/avr5\libgcc.a(_divmodhi4.o)
 .text          0x00000000        0x0 c:/program files/atmel/studio/7.0/toolchain/avr8/avr8-gnu-toolchain/bin/../lib/gcc/avr/5.4.0/avr5\libgcc.a(_exit.o)
 .data          0x00000000        0x0 c:/program files/atmel/studio/7.0/toolchain/avr8/avr8-gnu-toolchain/bin/../lib/gcc/avr/5.4.0/avr5\libgcc.a(_exit.o)
 .bss           0x00000000        0x0 c:/program files/atmel/studio/7.0/toolchain/avr8/avr8-gnu-toolchain/bin/../lib/gcc/avr/5.4.0/avr5\libgcc.a(_exit.o)
 .text.libgcc.mul
                0x00000000        0x0 c:/program files/atmel/studio/7.0/toolchain/avr8/avr8-gnu-toolchain/bin/../lib/gcc/avr/5.4.0/avr5\libgcc.a(_exit.o)
 .text.libgcc.div
                0x00000000        0x0 c:/program files/atmel/studio/7.0/toolchain/avr8/avr8-gnu-toolchain/bin/../lib/gcc/avr/5.4.0/avr5\libgcc.a(_exit.o)
 .text.libgcc   0x00000000        0x0 c:/program files/atmel/studio/7.0/toolchain/avr8/avr8-gnu-toolchain/bin/../lib/gcc/avr/5.4.0/avr5\libgcc.a(_exit.o)
 .text.libgcc.prologue
                0x00000000        0x0 c:/program files/atmel/studio/7.0/toolchain/avr8/avr8-gnu-toolchain/bin/../lib/gcc/avr/5.4.0/avr5\libgcc.a(_exit.o)
 .text.libgcc.builtins
                0x00000000        0x0 c:/program files/atmel/studio/7.0/toolchain/avr8/avr8-gnu-toolchain/bin/../lib/gcc/avr/5.4.0/avr5\libgcc.a(_exit.o)
 .text.libgcc.fmul
                0x00000000        0x0 c:/program files/atmel/studio/7.0/toolchain/avr8/avr8-gnu-toolchain/bin/../lib/gcc/avr/5.4.0/avr5\libgcc.a(_exit.o)
 .text.libgcc.fixed
                0x00000000        0x0 c:/program files/atmel/studio/7.0/toolchain/avr8/avr8-gnu-toolchain/bin/../lib/gcc/avr/5.4.0/avr5\libgcc.a(_exit.o)
 .text          0x00000000        0x0 c:/program files/atmel/studio/7.0/toolchain/avr8/avr8-gnu-toolchain/bin/../lib/gcc/avr/5.4.0/avr5\libgcc.a(_tablejump2.o)
 .data          0x00000000        0x0 c:/program files/atmel/studio/7.0/toolchain/avr8/avr8-gnu-toolchain/bin/../lib/gcc/avr/5.4.0/avr5\libgcc.a(_tablejump2.o)
 .bss           0x00000000        0x0 c:/program files/atmel/studio/7.0/toolchain/avr8/avr8-gnu-toolchain/bin/../lib/gcc/avr/5.4.0/avr5\libgcc.a(_tablejump2.o)
 .text.libgcc.mul
                0x00000000        0x0 c:/program files/atmel/studio/7.0/toolchain/avr8/avr8-gnu-toolchain/bin/../lib/gcc/avr/5.4.0/avr5\libgcc.a(_tablejump2.o)
 .text.libgcc.div
                0x00000000        0x0 c:/program files/atmel/studio/7.0/toolchain/avr8/avr8-gnu-toolchain/bin/../lib/gcc/avr/5.4.0/avr5\libgcc.a(_tablejump2.o)
 .text.libgcc.prologue
                0x00000000        0x0 c:/program files/atmel/studio/7.0/toolchain/avr8/avr8-gnu-toolchain/bin/../lib/gcc/avr/5.4.0/avr5\libgcc.a(_tablejump2.o)
 .text.libgcc.builtins
                0x00000000        0x0 c:/program files/atmel/studio/7.0/toolchain/avr8/avr8-gnu-toolchain/bin/../lib/gcc/avr/5.4.0/avr5\libgcc.a(_tablejump2.o)
 .text.libgcc.fmul
                0x00000000        0x0 c:/program files/atmel/studio/7.0/toolchain/avr8/avr8-gnu-toolchain/bin/../lib/gcc/avr/5.4.0/avr5\libgcc.a(_tablejump2.o)
 .text.libgcc.fixed
                0x00000000        0x0 c:/program files/atmel/studio/7.0/toolchain/avr8/avr8-gnu-toolchain/bin/../lib/gcc/avr/5.4.0/avr5\libgcc.a(_tablejump2.o)
 .text          0x00000000        0x0 c:/program files/atmel/studio/7.0/toolchain/avr8/avr8-gnu-toolchain/bin/../lib/gcc/avr/5.4.0/avr5\libgcc.a(_copy_data.o)
 .data          0x00000000        0x0 c:/program files/atmel/studio/7.0/toolchain/avr8/avr8-gnu-toolchain/bin/../lib/gcc/avr/5.4.0/avr5\libgcc.a(_copy_data.o)
 .bss           0x00000000        0x0 c:/program files/atmel/studio/7.0/toolchain/avr8/avr8-gnu-toolchain/bin/../lib/gcc/avr/5.4.0/avr5\libgcc.a(_copy_data.o)
 .text.libgcc.mul
                0x00000000        0x0 c:/program files/atmel/studio/7.0/toolchain/avr8/avr8-gnu-toolchain/bin/../lib/gcc/avr/5.4.0/avr5\libgcc.a(_copy_data.o)
 .text.libgcc.div
                0x00000000        0x0 c:/program files/atmel/studio/7.0/toolchain/avr8/avr8-gnu-toolchain/bin/../lib/gcc/avr/5.4.0/avr5\libgcc.a(_copy_data.o)
 .text.libgcc   0x00000000        0x0 c:/program files/atmel/studio/7.0/toolchain/avr8/avr8-gnu-toolchain/bin/../lib/gcc/avr/5.4.0/avr5\libgcc.a(_copy_data.o)
 .text.libgcc.prologue
                0x00000000        0x0 c:/program files/atmel/studio/7.0/toolchain/avr8/avr8-gnu-toolchain/bin/../lib/gcc/avr/5.4.0/avr5\libgcc.a(_copy_data.o)
 .text.libgcc.builtins
                0x00000000        0x0 c:/program files/atmel/studio/7.0/toolchain/avr8/avr8-gnu-toolchain/bin/../lib/gcc/avr/5.4.0/avr5\libgcc.a(_copy_data.o)
 .text.libgcc.fmul
                0x00000000        0x0 c:/program files/atmel/studio/7.0/toolchain/avr8/avr8-gnu-toolchain/bin/../lib/gcc/avr/5.4.0/avr5\libgcc.a(_copy_data.o)
 .text.libgcc.fixed
                0x00000000        0x0 c:/program files/atmel/studio/7.0/toolchain/avr8/avr8-gnu-toolchain/bin/../lib/gcc/avr/5.4.0/avr5\libgcc.a(_copy_data.o)
 .text          0x00000000        0x0 c:/program files/atmel/studio/7.0/toolchain/avr8/avr8-gnu-toolchain/bin/../lib/gcc/avr/5.4.0/avr5\libgcc.a(_clear_bss.o)
 .data          0x00000000        0x0 c:/program files/atmel/studio/7.0/toolchain/avr8/avr8-gnu-toolchain/bin/../lib/gcc/avr/5.4.0/avr5\libgcc.a(_clear_bss.o)
 .bss           0x00000000        0x0 c:/program files/atmel/studio/7.0/toolchain/avr8/avr8-gnu-toolchain/bin/../lib/gcc/avr/5.4.0/avr5\libgcc.a(_clear_bss.o)
 .text.libgcc.mul
                0x00000000        0x0 c:/program files/atmel/studio/7.0/toolchain/avr8/avr8-gnu-toolchain/bin/../lib/gcc/avr/5.4.0/avr5\libgcc.a(_clear_bss.o)
 .text.libgcc.div
                0x00000000        0x0 c:/program files/atmel/studio/7.0/toolchain/avr8/avr8-gnu-toolchain/bin/../lib/gcc/avr/5.4.0/avr5\libgcc.a(_clear_bss.o)
 .text.libgcc   0x00000000        0x0 c:/program files/atmel/studio/7.0/toolchain/avr8/avr8-gnu-toolchain/bin/../lib/gcc/avr/5.4.0/avr5\libgcc.a(_clear_bss.o)
 .text.libgcc.prologue
                0x00000000        0x0 c:/program files/atmel/studio/7.0/toolchain/avr8/avr8-gnu-toolchain/bin/../lib/gcc/avr/5.4.0/avr5\libgcc.a(_clear_bss.o)
 .text.libgcc.builtins
                0x00000000        0x0 c:/program files/atmel/studio/7.0/toolchain/avr8/avr8-gnu-toolchain/bin/../lib/gcc/avr/5.4.0/avr5\libgcc.a(_clear_bss.o)
 .text.libgcc.fmul
                0x00000000        0x0 c:/program files/atmel/studio/7.0/toolchain/avr8/avr8-gnu-toolchain/bin/../lib/gcc/avr/5.4.0/avr5\libgcc.a(_clear_bss.o)
 .text.libgcc.fixed
                0x00000000        0x0 c:/program files/atmel/studio/7.0/toolchain/avr8/avr8-gnu-toolchain/bin/../lib/gcc/avr/5.4.0/avr5\libgcc.a(_clear_bss.o)
 .text          0x00000000        0x0 c:/program files/atmel/studio/7.0/toolchain/avr8/avr8-gnu-toolchain/bin/../lib/gcc/avr/5.4.0/avr5\libgcc.a(_ctors.o)
 .data          0x00000000        0x0 c:/program files/atmel/studio/7.0/toolchain/avr8/avr8-gnu-toolchain/bin/../lib/gcc/avr/5.4.0/avr5\libgcc.a(_ctors.o)
 .bss           0x00000000        0x0 c:/program files/atmel/studio/7.0/toolchain/avr8/avr8-gnu-toolchain/bin/../lib/gcc/avr/5.4.0/avr5\libgcc.a(_ctors.o)
 .text.libgcc.mul
                0x00000000        0x0 c:/program files/atmel/studio/7.0/toolchain/avr8/avr8-gnu-toolchain/bin/../lib/gcc/avr/5.4.0/avr5\libgcc.a(_ctors.o)
 .text.libgcc.div
                0x00000000        0x0 c:/program files/atmel/studio/7.0/toolchain/avr8/avr8-gnu-toolchain/bin/../lib/gcc/avr/5.4.0/avr5\libgcc.a(_ctors.o)
 .text.libgcc   0x00000000        0x0 c:/program files/atmel/studio/7.0/toolchain/avr8/avr8-gnu-toolchain/bin/../lib/gcc/avr/5.4.0/avr5\libgcc.a(_ctors.o)
 .text.libgcc.prologue
                0x00000000        0x0 c:/program files/atmel/studio/7.0/toolchain/avr8/avr8-gnu-toolchain/bin/../lib/gcc/avr/5.4.0/avr5\libgcc.a(_ctors.o)
 .text.libgcc.builtins
                0x00000000        0x0 c:/program files/atmel/studio/7.0/toolchain/avr8/avr8-gnu-toolchain/bin/../lib/gcc/avr/5.4.0/avr5\libgcc.a(_ctors.o)
 .text.libgcc.fmul
                0x00000000        0x0 c:/program files/atmel/studio/7.0/toolchain/avr8/avr8-gnu-toolchain/bin/../lib/gcc/avr/5.4.0/avr5\libgcc.a(_ctors.o)
 .text.libgcc.fixed
                0x00000000        0x0 c:/program files/atmel/studio/7.0/toolchain/avr8/avr8-gnu-toolchain/bin/../lib/gcc/avr/5.4.0/avr5\libgcc.a(_ctors.o)
 .text          0x00000000        0x0 c:/program files/atmel/studio/7.0/toolchain/avr8/avr8-gnu-toolchain/bin/../lib/gcc/avr/5.4.0/avr5\libgcc.a(_udivmodhi4.o)
 .data          0x00000000        0x0 c:/program files/atmel/studio/7.0/toolchain/avr8/avr8-gnu-toolchain/bin/../lib/gcc/avr/5.4.0/avr5\libgcc.a(_udivmodhi4.o)
 .bss           0x00000000        0x0 c:/program files/atmel/studio/7.0/toolchain/avr8/avr8-gnu-toolchain/bin/../lib/gcc/avr/5.4.0/avr5\libgcc.a(_udivmodhi4.o)
 .text.libgcc.mul
                0x00000000        0x0 c:/program files/atmel/studio/7.0/toolchain/avr8/avr8-gnu-toolchain/bin/../lib/gcc/avr/5.4.0/avr5\libgcc.a(_udivmodhi4.o)
 .text.libgcc   0x00000000        0x0 c:/program files/atmel/studio/7.0/toolchain/avr8/avr8-gnu-toolchain/bin/../lib/gcc/avr/5.4.0/avr5\libgcc.a(_udivmodhi4.o)
 .text.libgcc.prologue
                0x00000000        0x0 c:/program files/atmel/studio/7.0/toolchain/avr8/avr8-gnu-toolchain/bin/../lib/gcc/avr/5.4.0/avr5\libgcc.a(_udivmodhi4.o)
 .text.libgcc.builtins
                0x00000000        0x0 c:/program files/atmel/studio/7.0/toolchain/avr8/avr8-gnu-toolchain/bin/../lib/gcc/avr/5.4.0/avr5\libgcc.a(_udivmodhi4.o)
 .text.libgcc.fmul
                0x00000000        0x0 c:/program files/atmel/studio/7.0/toolchain/avr8/avr8-gnu-toolchain/bin/../lib/gcc/avr/5.4.0/avr5\libgcc.a(_udivmodhi4.o)
 .text.libgcc.fixed
                0x00000000        0x0 c:/program files/atmel/studio/7.0/toolchain/avr8/avr8-gnu-toolchain/bin/../lib/gcc/avr/5.4.0/avr5\libgcc.a(_udivmodhi4.o)
 .text          0x00000000        0x0 C:/Program Files/Atmel/Studio/7.0/Packs/atmel/ATmega_DFP/1.2.209/gcc/dev/atmega328/avr5\libatmega328.a(eerd_dword.o)
 .data          0x00000000        0x0 C:/Program Files/Atmel/Studio/7.0/Packs/atmel/ATmega_DFP/1.2.209/gcc/dev/atmega328/avr5\libatmega328.a(eerd_dword.o)
 .bss           0x00000000        0x0 C:/Program Files/Atmel/Studio/7.0/Packs/atmel/ATmega_DFP/1.2.209/gcc/dev/atmega328/avr5\libatmega328.a(eerd_dword.o)
 .text          0x00000000        0x0 C:/Program Files/Atmel/Studio/7.0/Packs/atmel/ATmega_DFP/1.2.209/gcc/dev/atmega328/avr5\libatmega328.a(eewr_dword.o)
 .data          0x00000000        0x0 C:/Program Files/Atmel/Studio/7.0/Packs/atmel/ATmega_DFP/1.2.209/gcc/dev/atmega328/avr5\libatmega328.a(eewr_dword.o)
 .bss           0x00000000        0x0 C:/Program Files/Atmel/Studio/7.0/Packs/atmel/ATmega_DFP/1.2.209/gcc/dev/atmega328/avr5\libatmega328.a(eewr_dword.o)
 .text          0x00000000        0x0 C:/Program Files/Atmel/Studio/7.0/Packs/atmel/ATmega_DFP/1.2.209/gcc/dev/atmega328/avr5\libatmega328.a(eewr_word.o)
 .data          0x00000000        0x0 C:/Program Files/Atmel/Studio/7.0/Packs/atmel/ATmega_DFP/1.2.209/gcc/dev/atmega328/avr5\libatmega328.a(eewr_word.o)
 .bss           0x00000000        0x0 C:/Program Files/Atmel/Studio/7.0/Packs/atmel/ATmega_DFP/1.2.209/gcc/dev/atmega328/avr5\libatmega328.a(eewr_word.o)
 .text          0x00000000        0x0 C:/Program Files/Atmel/Studio/7.0/Packs/atmel/ATmega_DFP/1.2.209/gcc/dev/atmega328/avr5\libatmega328.a(eerd_block.o)
 .data          0x00000000        0x0 C:/Program Files/Atmel/Studio/7.0/Packs/atmel/ATmega_DFP/1.2.209/gcc/dev/atmega328/avr5\libatmega328.a(eerd_block.o)
 .bss           0x00000000        0x0 C:/Program Files/Atmel/Studio/7.0/Packs/atmel/ATmega_DFP/1.2.209/gcc/dev/atmega328/avr5\libatmega328.a(eerd_block.o)
 .text          0x00000000        0x0 C:/Program Files/Atmel/Studio/7.0/Packs/atmel/ATmega_DFP/1.2.209/gcc/dev/atmega328/avr5\libatmega328.a(eewr_byte.o)
 .data          0x00000000        0x0 C:/Program Files/Atmel/Studio/7.0/Packs/atmel/ATmega_DFP/1.2.209/gcc/dev/atmega328/avr5\libatmega328.a(eewr_byte.o)
 .bss           0x00000000        0x0 C:/Program Files/Atmel/Studio/7.0/Packs/atmel/ATmega_DFP/1.2.209/gcc/dev/atmega328/avr5\libatmega328.a(eewr_byte.o)

Memory Configuration

Name             Origin             Length             Attributes
text             0x00000000         0x00020000         xr
data             0x00800060         0x0000ffa0         rw !x
eeprom           0x00810000         0x00010000         rw !x
fuse             0x00820000         0x00000003         rw !x
lock             0x00830000         0x00000400         rw !x
signature        0x00840000         0x00000400         rw !x
user_signatures  0x00850000         0x00000400         rw !x
*default*        0x00000000         0xffffffff

Linker script and memory map

Address of section .data set to 0x800100
LOAD C:/Program Files/Atmel/Studio/7.0/Packs/atmel/ATmega_DFP/1.2.209/gcc/dev/atmega328/avr5/crtatmega328.o
LOAD Activity.o
LOAD Button.o
LOAD Carrage.o
LOAD LCDn5110.o
LOAD main.o
LOAD Screen.o
LOAD Panel.o
LOAD SensorsWheels.o
LOAD Support.o
LOAD Wheel.o
START GROUP
LOAD c:/program files/atmel/studio/7.0/toolchain/avr8/avr8-gnu-toolchain/bin/../lib/gcc/avr/5.4.0/../../../../avr/lib/avr5\libm.a
END GROUP
LOAD c:/program files/atmel/studio/7.0/toolchain/avr8/avr8-gnu-toolchain/bin/../lib/gcc/avr/5.4.0/avr5\libgcc.a
LOAD c:/program files/atmel/studio/7.0/toolchain/avr8/avr8-gnu-toolchain/bin/../lib/gcc/avr/5.4.0/../../../../avr/lib/avr5\libm.a
START GROUP
LOAD c:/program files/atmel/studio/7.0/toolchain/avr8/avr8-gnu-toolchain/bin/../lib/gcc/avr/5.4.0/avr5\libgcc.a
LOAD c:/program files/atmel/studio/7.0/toolchain/avr8/avr8-gnu-toolchain/bin/../lib/gcc/avr/5.4.0/../../../../avr/lib/avr5\libm.a
LOAD c:/program files/atmel/studio/7.0/toolchain/avr8/avr8-gnu-toolchain/bin/../lib/gcc/avr/5.4.0/../../../../avr/lib/avr5\libc.a
LOAD C:/Program Files/Atmel/Studio/7.0/Packs/atmel/ATmega_DFP/1.2.209/gcc/dev/atmega328/avr5\libatmega328.a
END GROUP
                0x00020000                __TEXT_REGION_LENGTH__ = DEFINED (__TEXT_REGION_LENGTH__)?__TEXT_REGION_LENGTH__:0x20000
                0x0000ffa0                __DATA_REGION_LENGTH__ = DEFINED (__DATA_REGION_LENGTH__)?__DATA_REGION_LENGTH__:0xffa0
                0x00010000                __EEPROM_REGION_LENGTH__ = DEFINED (__EEPROM_REGION_LENGTH__)?__EEPROM_REGION_LENGTH__:0x10000
                [0x00000003]                __FUSE_REGION_LENGTH__ = DEFINED (__FUSE_REGION_LENGTH__)?__FUSE_REGION_LENGTH__:0x400
                0x00000400                __LOCK_REGION_LENGTH__ = DEFINED (__LOCK_REGION_LENGTH__)?__LOCK_REGION_LENGTH__:0x400
                0x00000400                __SIGNATURE_REGION_LENGTH__ = DEFINED (__SIGNATURE_REGION_LENGTH__)?__SIGNATURE_REGION_LENGTH__:0x400
                0x00000400                __USER_SIGNATURE_REGION_LENGTH__ = DEFINED (__USER_SIGNATURE_REGION_LENGTH__)?__USER_SIGNATURE_REGION_LENGTH__:0x400

.hash
 *(.hash)

.dynsym
 *(.dynsym)

.dynstr
 *(.dynstr)

.gnu.version
 *(.gnu.version)

.gnu.version_d
 *(.gnu.version_d)

.gnu.version_r
 *(.gnu.version_r)

.rel.init
 *(.rel.init)

.rela.init
 *(.rela.init)

.rel.text
 *(.rel.text)
 *(.rel.text.*)
 *(.rel.gnu.linkonce.t*)

.rela.text
 *(.rela.text)
 *(.rela.text.*)
 *(.rela.gnu.linkonce.t*)

.rel.fini
 *(.rel.fini)

.rela.fini
 *(.rela.fini)

.rel.rodata
 *(.rel.rodata)
 *(.rel.rodata.*)
 *(.rel.gnu.linkonce.r*)

.rela.rodata
 *(.rela.rodata)
 *(.rela.rodata.*)
 *(.rela.gnu.linkonce.r*)

.rel.data
 *(.rel.data)
 *(.rel.data.*)
 *(.rel.gnu.linkonce.d*)

.rela.data
 *(.rela.data)
 *(.rela.data.*)
 *(.rela.gnu.linkonce.d*)

.rel.ctors
 *(.rel.ctors)

.rela.ctors
 *(.rela.ctors)

.rel.dtors
 *(.rel.dtors)

.rela.dtors
 *(.rela.dtors)

.rel.got
 *(.rel.got)

.rela.got
 *(.rela.got)

.rel.bss
 *(.rel.bss)

.rela.bss
 *(.rela.bss)

.rel.plt
 *(.rel.plt)

.rela.plt
 *(.rela.plt)

.text           0x00000000     0x3518
 *(.vectors)
 .vectors       0x00000000       0x68 C:/Program Files/Atmel/Studio/7.0/Packs/atmel/ATmega_DFP/1.2.209/gcc/dev/atmega328/avr5/crtatmega328.o
                0x00000000                __vector_default
                0x00000000                __vectors
 *(.vectors)
 *(.progmem.gcc*)
 .progmem.gcc_sw_table._ZN8Activity16Menu_Screen_MoveE5PanelR7Carrage
                0x00000068        0xe Activity.o
 .progmem.gcc_sw_table._ZN6Screen21Draw_CursorMenuScreenEv
                0x00000076       0x22 Screen.o
                0x00000098                . = ALIGN (0x2)
                0x00000098                __trampolines_start = .
 *(.trampolines)
 .trampolines   0x00000098        0x0 linker stubs
 *(.trampolines*)
                0x00000098                __trampolines_end = .
 *libprintf_flt.a:*(.progmem.data)
 *libc.a:*(.progmem.data)
 *(.progmem*)
 .progmem.data._ZL5Steps
                0x00000098       0x50 Activity.o
 .progmem.data._ZL10StepLevels
                0x000000e8      0x1e0 LCDn5110.o
 .progmem.data._ZL10FontLookup
                0x000002c8      0x547 LCDn5110.o
                0x00000810                . = ALIGN (0x2)
 *fill*         0x0000080f        0x1 
 *(.jumptables)
 *(.jumptables*)
 *(.lowtext)
 *(.lowtext*)
                0x00000810                __ctors_start = .
 *(.ctors)
 .ctors         0x00000810        0x2 main.o
                0x00000812                __ctors_end = .
                0x00000812                __dtors_start = .
 *(.dtors)
                0x00000812                __dtors_end = .
 SORT(*)(.ctors)
 SORT(*)(.dtors)
 *(.init0)
 .init0         0x00000812        0x0 C:/Program Files/Atmel/Studio/7.0/Packs/atmel/ATmega_DFP/1.2.209/gcc/dev/atmega328/avr5/crtatmega328.o
                0x00000812                __init
 *(.init0)
 *(.init1)
 *(.init1)
 *(.init2)
 .init2         0x00000812        0xc C:/Program Files/Atmel/Studio/7.0/Packs/atmel/ATmega_DFP/1.2.209/gcc/dev/atmega328/avr5/crtatmega328.o
 *(.init2)
 *(.init3)
 *(.init3)
 *(.init4)
 .init4         0x0000081e       0x16 c:/program files/atmel/studio/7.0/toolchain/avr8/avr8-gnu-toolchain/bin/../lib/gcc/avr/5.4.0/avr5\libgcc.a(_copy_data.o)
                0x0000081e                __do_copy_data
 .init4         0x00000834       0x10 c:/program files/atmel/studio/7.0/toolchain/avr8/avr8-gnu-toolchain/bin/../lib/gcc/avr/5.4.0/avr5\libgcc.a(_clear_bss.o)
                0x00000834                __do_clear_bss
 *(.init4)
 *(.init5)
 *(.init5)
 *(.init6)
 .init6         0x00000844       0x16 c:/program files/atmel/studio/7.0/toolchain/avr8/avr8-gnu-toolchain/bin/../lib/gcc/avr/5.4.0/avr5\libgcc.a(_ctors.o)
                0x00000844                __do_global_ctors
 *(.init6)
 *(.init7)
 *(.init7)
 *(.init8)
 *(.init8)
 *(.init9)
 .init9         0x0000085a        0x8 C:/Program Files/Atmel/Studio/7.0/Packs/atmel/ATmega_DFP/1.2.209/gcc/dev/atmega328/avr5/crtatmega328.o
 *(.init9)
 *(.text)
 .text          0x00000862        0x4 C:/Program Files/Atmel/Studio/7.0/Packs/atmel/ATmega_DFP/1.2.209/gcc/dev/atmega328/avr5/crtatmega328.o
                0x00000862                __vector_22
                0x00000862                __vector_1
                0x00000862                __vector_24
                0x00000862                __vector_12
                0x00000862                __bad_interrupt
                0x00000862                __vector_6
                0x00000862                __vector_3
                0x00000862                __vector_23
                0x00000862                __vector_25
                0x00000862                __vector_11
                0x00000862                __vector_13
                0x00000862                __vector_17
                0x00000862                __vector_19
                0x00000862                __vector_7
                0x00000862                __vector_5
                0x00000862                __vector_4
                0x00000862                __vector_9
                0x00000862                __vector_2
                0x00000862                __vector_21
                0x00000862                __vector_15
                0x00000862                __vector_8
                0x00000862                __vector_14
                0x00000862                __vector_10
                0x00000862                __vector_16
                0x00000862                __vector_18
                0x00000862                __vector_20
                0x00000866                . = ALIGN (0x2)
 *(.text.*)
 .text._ZN8ActivityC2Ev
                0x00000866        0x2 Activity.o
                0x00000866                _ZN8ActivityC2Ev
                0x00000866                _ZN8ActivityC1Ev
 .text._ZN8Activity4InitEv
                0x00000868      0x154 Activity.o
                0x00000868                _ZN8Activity4InitEv
 .text._ZN8Activity4SaveEv
                0x000009bc       0x50 Activity.o
                0x000009bc                _ZN8Activity4SaveEv
 .text._ZN8Activity3SetEv
                0x00000a0c       0x54 Activity.o
                0x00000a0c                _ZN8Activity3SetEv
 .text._ZN8Activity16Menu_Screen_MoveE5PanelR7Carrage
                0x00000a60      0x124 Activity.o
                0x00000a60                _ZN8Activity16Menu_Screen_MoveE5PanelR7Carrage
 .text._ZN8Activity11SelectWheelER7Carrage
                0x00000b84       0x4a Activity.o
                0x00000b84                _ZN8Activity11SelectWheelER7Carrage
 .text._ZN8Activity16Main_Screen_MoveE5PanelR7Carrage
                0x00000bce      0x100 Activity.o
                0x00000bce                _ZN8Activity16Main_Screen_MoveE5PanelR7Carrage
 .text._ZN8Activity12get_val_stepEv
                0x00000cce       0x20 Activity.o
                0x00000cce                _ZN8Activity12get_val_stepEv
 .text._ZN8Activity17Adjusting_CarrageE5PanelR7Carrage
                0x00000cee      0x116 Activity.o
                0x00000cee                _ZN8Activity17Adjusting_CarrageE5PanelR7Carrage
 .text._ZN8Activity13Cursor_ActionE5PanelR7Carrage
                0x00000e04      0x10a Activity.o
                0x00000e04                _ZN8Activity13Cursor_ActionE5PanelR7Carrage
 .text._ZN6ButtonC2Ev
                0x00000f0e        0x2 Button.o
                0x00000f0e                _ZN6ButtonC2Ev
                0x00000f0e                _ZN6ButtonC1Ev
 .text._ZN6Button4InitEci
                0x00000f10       0x74 Button.o
                0x00000f10                _ZN6Button4InitEci
 .text._ZN6Button7PressedEi
                0x00000f84       0xb4 Button.o
                0x00000f84                _ZN6Button7PressedEi
 .text._ZN7CarrageC2Ev
                0x00001038       0x36 Carrage.o
                0x00001038                _ZN7CarrageC2Ev
                0x00001038                _ZN7CarrageC1Ev
 .text._ZN7Carrage12beforeAdjastEv
                0x0000106e       0x2c Carrage.o
                0x0000106e                _ZN7Carrage12beforeAdjastEv
 .text._ZN7Carrage8chechAllEv
                0x0000109a      0x13a Carrage.o
                0x0000109a                _ZN7Carrage8chechAllEv
 .text._ZN7Carrage4InitER5WheelS1_S1_S1_
                0x000011d4       0x74 Carrage.o
                0x000011d4                _ZN7Carrage4InitER5WheelS1_S1_S1_
 .text._ZN7Carrage7getStepEv
                0x00001248       0x9a Carrage.o
                0x00001248                _ZN7Carrage7getStepEv
 .text._ZN7Carrage20Fast_print_LSD_hightE5Wheel
                0x000012e2       0x94 Carrage.o
                0x000012e2                _ZN7Carrage20Fast_print_LSD_hightE5Wheel
 .text._ZN7Carrage17chechWheelsBeforeEv
                0x00001376      0x298 Carrage.o
                0x00001376                _ZN7Carrage17chechWheelsBeforeEv
 .text._ZN7Carrage9AjustmentEv
                0x0000160e      0x2ea Carrage.o
                0x0000160e                _ZN7Carrage9AjustmentEv
 .text._ZN7Carrage2UpEf
                0x000018f8       0x52 Carrage.o
                0x000018f8                _ZN7Carrage2UpEf
 .text._ZN7Carrage4DownEf
                0x0000194a       0x52 Carrage.o
                0x0000194a                _ZN7Carrage4DownEf
 .text._ZN7Carrage18ControlMalfinctionEv
                0x0000199c       0x84 Carrage.o
                0x0000199c                _ZN7Carrage18ControlMalfinctionEv
 .text._ZL7LcdSendh10LcdCmdData
                0x00001a20       0x18 LCDn5110.o
 .text._Z5gftoafi
                0x00001a38      0x11a LCDn5110.o
                0x00001a38                _Z5gftoafi
 .text._Z8Lcd_initv
                0x00001b52       0x44 LCDn5110.o
                0x00001b52                _Z8Lcd_initv
 .text._Z9Lcd_clearv
                0x00001b96       0x2a LCDn5110.o
                0x00001b96                _Z9Lcd_clearv
 .text._Z10Lcd_updatev
                0x00001bc0       0xcc LCDn5110.o
                0x00001bc0                _Z10Lcd_updatev
 .text._Z9LcdGotoXYhh
                0x00001c8c       0x36 LCDn5110.o
                0x00001c8c                _Z9LcdGotoXYhh
 .text._Z11LcdChr_fullh
                0x00001cc2       0x3e LCDn5110.o
                0x00001cc2                _Z11LcdChr_fullh
 .text._Z12LcdStepLevelh
                0x00001d00       0x4c LCDn5110.o
                0x00001d00                _Z12LcdStepLevelh
 .text._Z6LcdChr11LcdFontSizeh
                0x00001d4c      0x1c0 LCDn5110.o
                0x00001d4c                _Z6LcdChr11LcdFontSizeh
 .text._Z9Lcd_printhh11LcdFontSizePh
                0x00001f0c       0x42 LCDn5110.o
                0x00001f0c                _Z9Lcd_printhh11LcdFontSizePh
 .text._Z10Lcd_print2hh11LcdFontSizePh
                0x00001f4e       0x4c LCDn5110.o
                0x00001f4e                _Z10Lcd_print2hh11LcdFontSizePh
 .text._Z10Lcd_printfhh11LcdFontSizefi
                0x00001f9a       0x3a LCDn5110.o
                0x00001f9a                _Z10Lcd_printfhh11LcdFontSizefi
 .text._Z11Lcd_printf2hh11LcdFontSizefi
                0x00001fd4       0x3a LCDn5110.o
                0x00001fd4                _Z11Lcd_printf2hh11LcdFontSizefi
 .text._Z14Initialisationv
                0x0000200e      0x11c main.o
                0x0000200e                _Z14Initialisationv
 .text._Z25IFCarrageSaveStateToEEMEMi
                0x0000212a       0x84 main.o
                0x0000212a                _Z25IFCarrageSaveStateToEEMEMi
 .text._Z24IFCarrageSetStateToEEMEMi
                0x000021ae       0xb8 main.o
                0x000021ae                _Z24IFCarrageSetStateToEEMEMi
 .text.main     0x00002266       0x84 main.o
                0x00002266                main
 .text._GLOBAL__sub_I__Z14test_out_timer6Button6Output
                0x000022ea       0x6a main.o
 .text._ZN6ScreenC2Ev
                0x00002354       0x1a Screen.o
                0x00002354                _ZN6ScreenC2Ev
                0x00002354                _ZN6ScreenC1Ev
 .text._ZN6Screen10PrintTitleEv
                0x0000236e      0x144 Screen.o
                0x0000236e                _ZN6Screen10PrintTitleEv
 .text._ZN6Screen21Draw_CursorMenuScreenEv
                0x000024b2      0x12a Screen.o
                0x000024b2                _ZN6Screen21Draw_CursorMenuScreenEv
 .text._ZN6Screen11Render_menuEv
                0x000025dc       0x16 Screen.o
                0x000025dc                _ZN6Screen11Render_menuEv
 .text._ZN6Screen14Draw_icon_menuEv
                0x000025f2       0x1e Screen.o
                0x000025f2                _ZN6Screen14Draw_icon_menuEv
 .text._ZN6Screen10Draw_WheelE5Wheel
                0x00002610      0x1ca Screen.o
                0x00002610                _ZN6Screen10Draw_WheelE5Wheel
 .text._ZN6Screen12Draw_CarrageEv
                0x000027da       0xf0 Screen.o
                0x000027da                _ZN6Screen12Draw_CarrageEv
 .text._ZN6Screen23Draw_adjustment_carrageEv
                0x000028ca       0x7e Screen.o
                0x000028ca                _ZN6Screen23Draw_adjustment_carrageEv
 .text._ZN6Screen21Draw_CursorMainScreenEv
                0x00002948       0xc8 Screen.o
                0x00002948                _ZN6Screen21Draw_CursorMainScreenEv
 .text._ZN6Screen16Print_Step_ValueEv
                0x00002a10       0x54 Screen.o
                0x00002a10                _ZN6Screen16Print_Step_ValueEv
 .text._ZN6Screen11Render_mainEv
                0x00002a64       0x28 Screen.o
                0x00002a64                _ZN6Screen11Render_mainEv
 .text._ZN6Screen6RenderER8ActivityR7Carrage
                0x00002a8c       0x5e Screen.o
                0x00002a8c                _ZN6Screen6RenderER8ActivityR7Carrage
 .text._ZN5PanelC2Ev
                0x00002aea       0x30 Panel.o
                0x00002aea                _ZN5PanelC2Ev
                0x00002aea                _ZN5PanelC1Ev
 .text._ZN5Panel4InitE6ButtonS0_S0_S0_S0_
                0x00002b1a       0x54 Panel.o
                0x00002b1a                _ZN5Panel4InitE6ButtonS0_S0_S0_S0_
 .text._ZN5Panel7PressedEi
                0x00002b6e       0x78 Panel.o
                0x00002b6e                _ZN5Panel7PressedEi
 .text._ZN13SensorsWheelsC2Ev
                0x00002be6        0x2 SensorsWheels.o
                0x00002be6                _ZN13SensorsWheelsC1Ev
                0x00002be6                _ZN13SensorsWheelsC2Ev
 .text._ZN13SensorsWheels4InitEv
                0x00002be8       0x16 SensorsWheels.o
                0x00002be8                _ZN13SensorsWheels4InitEv
 .text._ZN13SensorsWheels9getParamsEi
                0x00002bfe       0x8e SensorsWheels.o
                0x00002bfe                _ZN13SensorsWheels9getParamsEi
 .text._ZL8send_i2ch
                0x00002c8c       0x2c Support.o
 .text._ZL9write_i2chh
                0x00002cb8       0x44 Support.o
 .text._ZN7SupportC2Ev
                0x00002cfc        0x2 Support.o
                0x00002cfc                _ZN7SupportC2Ev
                0x00002cfc                _ZN7SupportC1Ev
 .text._ZN7Support4InitEv
                0x00002cfe        0xa Support.o
                0x00002cfe                _ZN7Support4InitEv
 .text._ZN7Support6AdjastEiiiii
                0x00002d08       0xc2 Support.o
                0x00002d08                _ZN7Support6AdjastEiiiii
 .text._ZN5WheelC2Ev
                0x00002dca        0x8 Wheel.o
                0x00002dca                _ZN5WheelC2Ev
                0x00002dca                _ZN5WheelC1Ev
 .text._ZN5Wheel9get_hightEv
                0x00002dd2       0x1e Wheel.o
                0x00002dd2                _ZN5Wheel9get_hightEv
 .text._ZN5Wheel4InitEi
                0x00002df0       0x5a Wheel.o
                0x00002df0                _ZN5Wheel4InitEi
 .text._ZN5Wheel12initialHightEv
                0x00002e4a       0x20 Wheel.o
                0x00002e4a                _ZN5Wheel12initialHightEv
 .text._ZN5Wheel13takeDerectionEv
                0x00002e6a       0xce Wheel.o
                0x00002e6a                _ZN5Wheel13takeDerectionEv
 .text._ZN5Wheel5CheckEv
                0x00002f38       0x46 Wheel.o
                0x00002f38                _ZN5Wheel5CheckEv
 .text._ZN5Wheel18ControlMalfinctionEv
                0x00002f7e       0x28 Wheel.o
                0x00002f7e                _ZN5Wheel18ControlMalfinctionEv
 .text._ZN5Wheel15IsChanchedHightEv
                0x00002fa6       0x52 Wheel.o
                0x00002fa6                _ZN5Wheel15IsChanchedHightEv
 .text._ZN5Wheel6SelectEv
                0x00002ff8        0xc Wheel.o
                0x00002ff8                _ZN5Wheel6SelectEv
 .text._ZN5Wheel2UpEf
                0x00003004       0x5c Wheel.o
                0x00003004                _ZN5Wheel2UpEf
 .text._ZN5Wheel4DownEf
                0x00003060       0x5e Wheel.o
                0x00003060                _ZN5Wheel4DownEf
 .text.avr-libc.fplib
                0x000030be        0xe c:/program files/atmel/studio/7.0/toolchain/avr8/avr8-gnu-toolchain/bin/../lib/gcc/avr/5.4.0/../../../../avr/lib/avr5\libm.a(addsf3.o)
                0x000030be                __subsf3
                0x000030c0                __addsf3
 .text.avr-libc.fplib
                0x000030cc       0xcc c:/program files/atmel/studio/7.0/toolchain/avr8/avr8-gnu-toolchain/bin/../lib/gcc/avr/5.4.0/../../../../avr/lib/avr5\libm.a(addsf3x.o)
                0x000030ee                __addsf3x
 .text.avr-libc.fplib
                0x00003198        0xa c:/program files/atmel/studio/7.0/toolchain/avr8/avr8-gnu-toolchain/bin/../lib/gcc/avr/5.4.0/../../../../avr/lib/avr5\libm.a(cmpsf2.o)
                0x00003198                __nesf2
                0x00003198                __eqsf2
                0x00003198                __cmpsf2
                0x00003198                __ltsf2
                0x00003198                __lesf2
 .text.avr-libc.fplib
                0x000031a2        0xe c:/program files/atmel/studio/7.0/toolchain/avr8/avr8-gnu-toolchain/bin/../lib/gcc/avr/5.4.0/../../../../avr/lib/avr5\libm.a(fixsfsi.o)
                0x000031a2                __fixsfsi
 .text.avr-libc.fplib
                0x000031b0       0x5e c:/program files/atmel/studio/7.0/toolchain/avr8/avr8-gnu-toolchain/bin/../lib/gcc/avr/5.4.0/../../../../avr/lib/avr5\libm.a(fixunssfsi.o)
                0x000031b0                __fixunssfsi
 .text.avr-libc.fplib
                0x0000320e       0x7a c:/program files/atmel/studio/7.0/toolchain/avr8/avr8-gnu-toolchain/bin/../lib/gcc/avr/5.4.0/../../../../avr/lib/avr5\libm.a(floatsisf.o)
                0x0000320e                __floatunsisf
                0x00003212                __floatsisf
 .text.avr-libc.fplib
                0x00003288       0x48 c:/program files/atmel/studio/7.0/toolchain/avr8/avr8-gnu-toolchain/bin/../lib/gcc/avr/5.4.0/../../../../avr/lib/avr5\libm.a(fp_cmp.o)
                0x00003288                __fp_cmp
 .text.avr-libc.fplib
                0x000032d0        0xc c:/program files/atmel/studio/7.0/toolchain/avr8/avr8-gnu-toolchain/bin/../lib/gcc/avr/5.4.0/../../../../avr/lib/avr5\libm.a(fp_inf.o)
                0x000032d0                __fp_inf
 .text.avr-libc.fplib
                0x000032dc        0x6 c:/program files/atmel/studio/7.0/toolchain/avr8/avr8-gnu-toolchain/bin/../lib/gcc/avr/5.4.0/../../../../avr/lib/avr5\libm.a(fp_nan.o)
                0x000032dc                __fp_nan
 .text.avr-libc.fplib
                0x000032e2        0xe c:/program files/atmel/studio/7.0/toolchain/avr8/avr8-gnu-toolchain/bin/../lib/gcc/avr/5.4.0/../../../../avr/lib/avr5\libm.a(fp_pscA.o)
                0x000032e2                __fp_pscA
 .text.avr-libc.fplib
                0x000032f0        0xe c:/program files/atmel/studio/7.0/toolchain/avr8/avr8-gnu-toolchain/bin/../lib/gcc/avr/5.4.0/../../../../avr/lib/avr5\libm.a(fp_pscB.o)
                0x000032f0                __fp_pscB
 .text.avr-libc.fplib
                0x000032fe       0x22 c:/program files/atmel/studio/7.0/toolchain/avr8/avr8-gnu-toolchain/bin/../lib/gcc/avr/5.4.0/../../../../avr/lib/avr5\libm.a(fp_round.o)
                0x000032fe                __fp_round
 .text.avr-libc.fplib
                0x00003320       0x44 c:/program files/atmel/studio/7.0/toolchain/avr8/avr8-gnu-toolchain/bin/../lib/gcc/avr/5.4.0/../../../../avr/lib/avr5\libm.a(fp_split3.o)
                0x00003320                __fp_split3
                0x00003330                __fp_splitA
 .text.avr-libc.fplib
                0x00003364        0xe c:/program files/atmel/studio/7.0/toolchain/avr8/avr8-gnu-toolchain/bin/../lib/gcc/avr/5.4.0/../../../../avr/lib/avr5\libm.a(fp_zero.o)
                0x00003364                __fp_zero
                0x00003366                __fp_szero
 .text.avr-libc.fplib
                0x00003372        0xa c:/program files/atmel/studio/7.0/toolchain/avr8/avr8-gnu-toolchain/bin/../lib/gcc/avr/5.4.0/../../../../avr/lib/avr5\libm.a(gesf2.o)
                0x00003372                __gesf2
                0x00003372                __gtsf2
 .text.avr-libc.fplib
                0x0000337c        0x8 c:/program files/atmel/studio/7.0/toolchain/avr8/avr8-gnu-toolchain/bin/../lib/gcc/avr/5.4.0/../../../../avr/lib/avr5\libm.a(mulsf3.o)
                0x0000337c                __mulsf3
 .text.avr-libc.fplib
                0x00003384       0xd2 c:/program files/atmel/studio/7.0/toolchain/avr8/avr8-gnu-toolchain/bin/../lib/gcc/avr/5.4.0/../../../../avr/lib/avr5\libm.a(mulsf3x.o)
                0x000033a2                __mulsf3x
                0x000033a8                __mulsf3_pse
 .text.libgcc.div
                0x00003456       0x28 c:/program files/atmel/studio/7.0/toolchain/avr8/avr8-gnu-toolchain/bin/../lib/gcc/avr/5.4.0/avr5\libgcc.a(_divmodhi4.o)
                0x00003456                _div
                0x00003456                __divmodhi4
 .text.libgcc   0x0000347e        0xc c:/program files/atmel/studio/7.0/toolchain/avr8/avr8-gnu-toolchain/bin/../lib/gcc/avr/5.4.0/avr5\libgcc.a(_tablejump2.o)
                0x0000347e                __tablejump2__
 .text.libgcc.div
                0x0000348a       0x28 c:/program files/atmel/studio/7.0/toolchain/avr8/avr8-gnu-toolchain/bin/../lib/gcc/avr/5.4.0/avr5\libgcc.a(_udivmodhi4.o)
                0x0000348a                __udivmodhi4
 .text.avr-libc
                0x000034b2        0xc C:/Program Files/Atmel/Studio/7.0/Packs/atmel/ATmega_DFP/1.2.209/gcc/dev/atmega328/avr5\libatmega328.a(eerd_dword.o)
                0x000034b2                eeprom_read_float
                0x000034b2                eeprom_read_dword
 .text.avr-libc
                0x000034be       0x10 C:/Program Files/Atmel/Studio/7.0/Packs/atmel/ATmega_DFP/1.2.209/gcc/dev/atmega328/avr5\libatmega328.a(eewr_dword.o)
                0x000034be                eeprom_write_dword
                0x000034be                eeprom_write_float
 .text.avr-libc
                0x000034ce        0xa C:/Program Files/Atmel/Studio/7.0/Packs/atmel/ATmega_DFP/1.2.209/gcc/dev/atmega328/avr5\libatmega328.a(eewr_word.o)
                0x000034ce                eeprom_write_word
 .text.avr-libc
                0x000034d8       0x20 C:/Program Files/Atmel/Studio/7.0/Packs/atmel/ATmega_DFP/1.2.209/gcc/dev/atmega328/avr5\libatmega328.a(eerd_block.o)
                0x000034d8                eeprom_read_block
                0x000034dc                eeprom_read_blraw
 .text.avr-libc
                0x000034f8       0x1c C:/Program Files/Atmel/Studio/7.0/Packs/atmel/ATmega_DFP/1.2.209/gcc/dev/atmega328/avr5\libatmega328.a(eewr_byte.o)
                0x000034f8                eeprom_write_byte
                0x000034fa                eeprom_write_r18
                0x00003514                . = ALIGN (0x2)
 *(.fini9)
 .fini9         0x00003514        0x0 c:/program files/atmel/studio/7.0/toolchain/avr8/avr8-gnu-toolchain/bin/../lib/gcc/avr/5.4.0/avr5\libgcc.a(_exit.o)
                0x00003514                _exit
                0x00003514                exit
 *(.fini9)
 *(.fini8)
 *(.fini8)
 *(.fini7)
 *(.fini7)
 *(.fini6)
 *(.fini6)
 *(.fini5)
 *(.fini5)
 *(.fini4)
 *(.fini4)
 *(.fini3)
 *(.fini3)
 *(.fini2)
 *(.fini2)
 *(.fini1)
 *(.fini1)
 *(.fini0)
 .fini0         0x00003514        0x4 c:/program files/atmel/studio/7.0/toolchain/avr8/avr8-gnu-toolchain/bin/../lib/gcc/avr/5.4.0/avr5\libgcc.a(_exit.o)
 *(.fini0)
                0x00003518                _etext = .

.data           0x00800100       0x7c load address 0x00003518
                0x00800100                PROVIDE (__data_start, .)
 *(.data)
 *(.data*)
 *(.gnu.linkonce.d*)
 *(.rodata)
 *(.rodata*)
 .rodata.str1.1
                0x00800100       0x7c Screen.o
 *(.gnu.linkonce.r*)
                0x0080017c                . = ALIGN (0x2)
                0x0080017c                _edata = .
                0x0080017c                PROVIDE (__data_end, .)

.bss            0x0080017c      0x58e
                0x0080017c                PROVIDE (__bss_start, .)
 *(.bss)
 *(.bss*)
 .bss._ZZ5gftoafiE3buf
                0x0080017c       0x10 LCDn5110.o
 .bss._ZL11LcdCacheIdx
                0x0080018c        0x2 LCDn5110.o
 .bss._ZL11HiWaterMark
                0x0080018e        0x2 LCDn5110.o
 .bss._ZL11LoWaterMark
                0x00800190        0x2 LCDn5110.o
 .bss._ZL8LcdCache
                0x00800192      0x1f8 LCDn5110.o
 .bss.activity  0x0080038a       0x92 main.o
                0x0080038a                activity
 .bss.screen    0x0080041c      0x15b main.o
                0x0080041c                screen
 .bss.panel     0x00800577        0xf main.o
                0x00800577                panel
 .bss.carrage   0x00800586       0xc9 main.o
                0x00800586                carrage
 .bss.wheel_lr  0x0080064f       0x2b main.o
                0x0080064f                wheel_lr
 .bss.wheel_rr  0x0080067a       0x2b main.o
                0x0080067a                wheel_rr
 .bss.wheel_rf  0x008006a5       0x2b main.o
                0x008006a5                wheel_rf
 .bss.wheel_lf  0x008006d0       0x2b main.o
                0x008006d0                wheel_lf
 .bss.rightButton
                0x008006fb        0x3 main.o
                0x008006fb                rightButton
 .bss.leftButton
                0x008006fe        0x3 main.o
                0x008006fe                leftButton
 .bss.downButton
                0x00800701        0x3 main.o
                0x00800701                downButton
 .bss.upButton  0x00800704        0x3 main.o
                0x00800704                upButton
 .bss.okButton  0x00800707        0x3 main.o
                0x00800707                okButton
 *(COMMON)
                0x0080070a                PROVIDE (__bss_end, .)
                0x00003518                __data_load_start = LOADADDR (.data)
                0x00003594                __data_load_end = (__data_load_start + SIZEOF (.data))

.noinit         0x0080070a        0x0
                [!provide]                PROVIDE (__noinit_start, .)
 *(.noinit*)
                [!provide]                PROVIDE (__noinit_end, .)
                0x0080070a                _end = .
                [!provide]                PROVIDE (__heap_start, .)

.eeprom         0x00810000       0x3c
 *(.eeprom*)
 .eeprom        0x00810000       0x3c main.o
                0x00810000                PositionsStates
                0x0081003c                __eeprom_end = .

.fuse
 *(.fuse)
 *(.lfuse)
 *(.hfuse)
 *(.efuse)

.lock
 *(.lock*)

.signature
 *(.signature*)

.user_signatures
 *(.user_signatures*)

.stab
 *(.stab)

.stabstr
 *(.stabstr)

.stab.excl
 *(.stab.excl)

.stab.exclstr
 *(.stab.exclstr)

.stab.index
 *(.stab.index)

.stab.indexstr
 *(.stab.indexstr)

.comment        0x00000000       0x30
 *(.comment)
 .comment       0x00000000       0x30 Activity.o
                                 0x31 (size before relaxing)
 .comment       0x00000030       0x31 Button.o
 .comment       0x00000030       0x31 Carrage.o
 .comment       0x00000030       0x31 LCDn5110.o
 .comment       0x00000030       0x31 main.o
 .comment       0x00000030       0x31 Screen.o
 .comment       0x00000030       0x31 Panel.o
 .comment       0x00000030       0x31 SensorsWheels.o
 .comment       0x00000030       0x31 Support.o
 .comment       0x00000030       0x31 Wheel.o

.note.gnu.avr.deviceinfo
                0x00000000       0x3c
 .note.gnu.avr.deviceinfo
                0x00000000       0x3c C:/Program Files/Atmel/Studio/7.0/Packs/atmel/ATmega_DFP/1.2.209/gcc/dev/atmega328/avr5/crtatmega328.o

.note.gnu.build-id
 *(.note.gnu.build-id)

.debug
 *(.debug)

.line
 *(.line)

.debug_srcinfo
 *(.debug_srcinfo)

.debug_sfnames
 *(.debug_sfnames)

.debug_aranges  0x00000000      0x468
 *(.debug_aranges)
 .debug_aranges
                0x00000000       0x68 Activity.o
 .debug_aranges
                0x00000068       0x30 Button.o
 .debug_aranges
                0x00000098       0x70 Carrage.o
 .debug_aranges
                0x00000108       0xa0 LCDn5110.o
 .debug_aranges
                0x000001a8       0x78 main.o
 .debug_aranges
                0x00000220       0x88 Screen.o
 .debug_aranges
                0x000002a8       0x30 Panel.o
 .debug_aranges
                0x000002d8       0x30 SensorsWheels.o
 .debug_aranges
                0x00000308       0x50 Support.o
 .debug_aranges
                0x00000358       0x70 Wheel.o
 .debug_aranges
                0x000003c8       0x20 C:/Program Files/Atmel/Studio/7.0/Packs/atmel/ATmega_DFP/1.2.209/gcc/dev/atmega328/avr5\libatmega328.a(eerd_dword.o)
 .debug_aranges
                0x000003e8       0x20 C:/Program Files/Atmel/Studio/7.0/Packs/atmel/ATmega_DFP/1.2.209/gcc/dev/atmega328/avr5\libatmega328.a(eewr_dword.o)
 .debug_aranges
                0x00000408       0x20 C:/Program Files/Atmel/Studio/7.0/Packs/atmel/ATmega_DFP/1.2.209/gcc/dev/atmega328/avr5\libatmega328.a(eewr_word.o)
 .debug_aranges
                0x00000428       0x20 C:/Program Files/Atmel/Studio/7.0/Packs/atmel/ATmega_DFP/1.2.209/gcc/dev/atmega328/avr5\libatmega328.a(eerd_block.o)
 .debug_aranges
                0x00000448       0x20 C:/Program Files/Atmel/Studio/7.0/Packs/atmel/ATmega_DFP/1.2.209/gcc/dev/atmega328/avr5\libatmega328.a(eewr_byte.o)

.debug_pubnames
 *(.debug_pubnames)

.debug_info     0x00000000     0xa5bb
 *(.debug_info .gnu.linkonce.wi.*)
 .debug_info    0x00000000      0x5f4 C:/Program Files/Atmel/Studio/7.0/Packs/atmel/ATmega_DFP/1.2.209/gcc/dev/atmega328/avr5/crtatmega328.o
 .debug_info    0x000005f4     0x191d Activity.o
 .debug_info    0x00001f11      0x1e8 Button.o
 .debug_info    0x000020f9     0x1955 Carrage.o
 .debug_info    0x00003a4e      0xb72 LCDn5110.o
 .debug_info    0x000045c0     0x253d main.o
 .debug_info    0x00006afd     0x24e7 Screen.o
 .debug_info    0x00008fe4      0x3f9 Panel.o
 .debug_info    0x000093dd      0x1a6 SensorsWheels.o
 .debug_info    0x00009583      0x6a4 Support.o
 .debug_info    0x00009c27      0x63a Wheel.o
 .debug_info    0x0000a261       0xac C:/Program Files/Atmel/Studio/7.0/Packs/atmel/ATmega_DFP/1.2.209/gcc/dev/atmega328/avr5\libatmega328.a(eerd_dword.o)
 .debug_info    0x0000a30d       0xac C:/Program Files/Atmel/Studio/7.0/Packs/atmel/ATmega_DFP/1.2.209/gcc/dev/atmega328/avr5\libatmega328.a(eewr_dword.o)
 .debug_info    0x0000a3b9       0xab C:/Program Files/Atmel/Studio/7.0/Packs/atmel/ATmega_DFP/1.2.209/gcc/dev/atmega328/avr5\libatmega328.a(eewr_word.o)
 .debug_info    0x0000a464       0xac C:/Program Files/Atmel/Studio/7.0/Packs/atmel/ATmega_DFP/1.2.209/gcc/dev/atmega328/avr5\libatmega328.a(eerd_block.o)
 .debug_info    0x0000a510       0xab C:/Program Files/Atmel/Studio/7.0/Packs/atmel/ATmega_DFP/1.2.209/gcc/dev/atmega328/avr5\libatmega328.a(eewr_byte.o)

.debug_abbrev   0x00000000     0x1d89
 *(.debug_abbrev)
 .debug_abbrev  0x00000000      0x5a2 C:/Program Files/Atmel/Studio/7.0/Packs/atmel/ATmega_DFP/1.2.209/gcc/dev/atmega328/avr5/crtatmega328.o
 .debug_abbrev  0x000005a2      0x2e1 Activity.o
 .debug_abbrev  0x00000883      0x147 Button.o
 .debug_abbrev  0x000009ca      0x293 Carrage.o
 .debug_abbrev  0x00000c5d      0x2dc LCDn5110.o
 .debug_abbrev  0x00000f39      0x3a7 main.o
 .debug_abbrev  0x000012e0      0x33f Screen.o
 .debug_abbrev  0x0000161f      0x189 Panel.o
 .debug_abbrev  0x000017a8      0x12d SensorsWheels.o
 .debug_abbrev  0x000018d5      0x28e Support.o
 .debug_abbrev  0x00001b63      0x1c2 Wheel.o
 .debug_abbrev  0x00001d25       0x14 C:/Program Files/Atmel/Studio/7.0/Packs/atmel/ATmega_DFP/1.2.209/gcc/dev/atmega328/avr5\libatmega328.a(eerd_dword.o)
 .debug_abbrev  0x00001d39       0x14 C:/Program Files/Atmel/Studio/7.0/Packs/atmel/ATmega_DFP/1.2.209/gcc/dev/atmega328/avr5\libatmega328.a(eewr_dword.o)
 .debug_abbrev  0x00001d4d       0x14 C:/Program Files/Atmel/Studio/7.0/Packs/atmel/ATmega_DFP/1.2.209/gcc/dev/atmega328/avr5\libatmega328.a(eewr_word.o)
 .debug_abbrev  0x00001d61       0x14 C:/Program Files/Atmel/Studio/7.0/Packs/atmel/ATmega_DFP/1.2.209/gcc/dev/atmega328/avr5\libatmega328.a(eerd_block.o)
 .debug_abbrev  0x00001d75       0x14 C:/Program Files/Atmel/Studio/7.0/Packs/atmel/ATmega_DFP/1.2.209/gcc/dev/atmega328/avr5\libatmega328.a(eewr_byte.o)

.debug_line     0x00000000     0x2803
 *(.debug_line .debug_line.* .debug_line_end)
 .debug_line    0x00000000      0x133 C:/Program Files/Atmel/Studio/7.0/Packs/atmel/ATmega_DFP/1.2.209/gcc/dev/atmega328/avr5/crtatmega328.o
 .debug_line    0x00000133      0x608 Activity.o
 .debug_line    0x0000073b       0xf9 Button.o
 .debug_line    0x00000834      0x4bf Carrage.o
 .debug_line    0x00000cf3      0x620 LCDn5110.o
 .debug_line    0x00001313      0x613 main.o
 .debug_line    0x00001926      0x50f Screen.o
 .debug_line    0x00001e35       0xeb Panel.o
 .debug_line    0x00001f20       0xdd SensorsWheels.o
 .debug_line    0x00001ffd      0x30d Support.o
 .debug_line    0x0000230a      0x285 Wheel.o
 .debug_line    0x0000258f       0x68 C:/Program Files/Atmel/Studio/7.0/Packs/atmel/ATmega_DFP/1.2.209/gcc/dev/atmega328/avr5\libatmega328.a(eerd_dword.o)
 .debug_line    0x000025f7       0x68 C:/Program Files/Atmel/Studio/7.0/Packs/atmel/ATmega_DFP/1.2.209/gcc/dev/atmega328/avr5\libatmega328.a(eewr_dword.o)
 .debug_line    0x0000265f       0x5b C:/Program Files/Atmel/Studio/7.0/Packs/atmel/ATmega_DFP/1.2.209/gcc/dev/atmega328/avr5\libatmega328.a(eewr_word.o)
 .debug_line    0x000026ba       0xab C:/Program Files/Atmel/Studio/7.0/Packs/atmel/ATmega_DFP/1.2.209/gcc/dev/atmega328/avr5\libatmega328.a(eerd_block.o)
 .debug_line    0x00002765       0x9e C:/Program Files/Atmel/Studio/7.0/Packs/atmel/ATmega_DFP/1.2.209/gcc/dev/atmega328/avr5\libatmega328.a(eewr_byte.o)

.debug_frame    0x00000000      0xdcc
 *(.debug_frame)
 .debug_frame   0x00000000      0x1e8 Activity.o
 .debug_frame   0x000001e8       0x44 Button.o
 .debug_frame   0x0000022c      0x2a8 Carrage.o
 .debug_frame   0x000004d4      0x210 LCDn5110.o
 .debug_frame   0x000006e4      0x1dc main.o
 .debug_frame   0x000008c0      0x1a0 Screen.o
 .debug_frame   0x00000a60       0x9c Panel.o
 .debug_frame   0x00000afc       0x44 SensorsWheels.o
 .debug_frame   0x00000b40       0xf4 Support.o
 .debug_frame   0x00000c34      0x198 Wheel.o

.debug_str      0x00000000     0x17c9
 *(.debug_str)
 .debug_str     0x00000000      0x208 C:/Program Files/Atmel/Studio/7.0/Packs/atmel/ATmega_DFP/1.2.209/gcc/dev/atmega328/avr5/crtatmega328.o
 .debug_str     0x00000208      0xabe Activity.o
                                0xbe9 (size before relaxing)
 .debug_str     0x00000cc6       0x31 Button.o
                                0x219 (size before relaxing)
 .debug_str     0x00000cf7      0x102 Carrage.o
                                0x78a (size before relaxing)
 .debug_str     0x00000df9      0x29a LCDn5110.o
                                0x500 (size before relaxing)
 .debug_str     0x00001093      0x5a8 main.o
                               0x1009 (size before relaxing)
 .debug_str     0x0000163b       0x3e Screen.o
                                0xea7 (size before relaxing)
 .debug_str     0x00001679       0x44 Panel.o
                                0x251 (size before relaxing)
 .debug_str     0x000016bd       0x3b SensorsWheels.o
                                0x242 (size before relaxing)
 .debug_str     0x000016f8       0xb4 Support.o
                                0x321 (size before relaxing)
 .debug_str     0x000017ac       0x1d Wheel.o
                                0x424 (size before relaxing)

.debug_loc      0x00000000     0x45cf
 *(.debug_loc)
 .debug_loc     0x00000000      0x7f1 Activity.o
 .debug_loc     0x000007f1      0x12b Button.o
 .debug_loc     0x0000091c      0xb5d Carrage.o
 .debug_loc     0x00001479      0xffe LCDn5110.o
 .debug_loc     0x00002477      0x495 main.o
 .debug_loc     0x0000290c      0xbeb Screen.o
 .debug_loc     0x000034f7      0x236 Panel.o
 .debug_loc     0x0000372d       0xa3 SensorsWheels.o
 .debug_loc     0x000037d0      0x83a Support.o
 .debug_loc     0x0000400a      0x5c5 Wheel.o

.debug_macinfo
 *(.debug_macinfo)

.debug_weaknames
 *(.debug_weaknames)

.debug_funcnames
 *(.debug_funcnames)

.debug_typenames
 *(.debug_typenames)

.debug_varnames
 *(.debug_varnames)

.debug_pubtypes
 *(.debug_pubtypes)

.debug_ranges   0x00000000      0x340
 *(.debug_ranges)
 .debug_ranges  0x00000000       0x58 Activity.o
 .debug_ranges  0x00000058       0x20 Button.o
 .debug_ranges  0x00000078       0x60 Carrage.o
 .debug_ranges  0x000000d8       0x90 LCDn5110.o
 .debug_ranges  0x00000168       0x68 main.o
 .debug_ranges  0x000001d0       0x78 Screen.o
 .debug_ranges  0x00000248       0x20 Panel.o
 .debug_ranges  0x00000268       0x20 SensorsWheels.o
 .debug_ranges  0x00000288       0x58 Support.o
 .debug_ranges  0x000002e0       0x60 Wheel.o

.debug_macro
 *(.debug_macro)
OUTPUT(CarSupport.elf elf32-avr)
LOAD linker stubs
