Archive member included to satisfy reference by file (symbol)

c:/program files/atmel/studio/7.0/toolchain/avr8/avr8-gnu-toolchain/bin/../lib/gcc/avr/5.4.0/../../../../avr/lib/avr5\libm.a(addsf3.o)
                              Activity.o (__subsf3)
c:/program files/atmel/studio/7.0/toolchain/avr8/avr8-gnu-toolchain/bin/../lib/gcc/avr/5.4.0/../../../../avr/lib/avr5\libm.a(addsf3x.o)
                              c:/program files/atmel/studio/7.0/toolchain/avr8/avr8-gnu-toolchain/bin/../lib/gcc/avr/5.4.0/../../../../avr/lib/avr5\libm.a(addsf3.o) (__addsf3x)
c:/program files/atmel/studio/7.0/toolchain/avr8/avr8-gnu-toolchain/bin/../lib/gcc/avr/5.4.0/../../../../avr/lib/avr5\libm.a(cmpsf2.o)
                              Wheel.o (__eqsf2)
c:/program files/atmel/studio/7.0/toolchain/avr8/avr8-gnu-toolchain/bin/../lib/gcc/avr/5.4.0/../../../../avr/lib/avr5\libm.a(fixsfsi.o)
                              LCDn5110.o (__fixsfsi)
c:/program files/atmel/studio/7.0/toolchain/avr8/avr8-gnu-toolchain/bin/../lib/gcc/avr/5.4.0/../../../../avr/lib/avr5\libm.a(fixunssfsi.o)
                              c:/program files/atmel/studio/7.0/toolchain/avr8/avr8-gnu-toolchain/bin/../lib/gcc/avr/5.4.0/../../../../avr/lib/avr5\libm.a(fixsfsi.o) (__fixunssfsi)
c:/program files/atmel/studio/7.0/toolchain/avr8/avr8-gnu-toolchain/bin/../lib/gcc/avr/5.4.0/../../../../avr/lib/avr5\libm.a(floatsisf.o)
                              SensorsWheels.o (__floatunsisf)
c:/program files/atmel/studio/7.0/toolchain/avr8/avr8-gnu-toolchain/bin/../lib/gcc/avr/5.4.0/../../../../avr/lib/avr5\libm.a(fp_cmp.o)
                              c:/program files/atmel/studio/7.0/toolchain/avr8/avr8-gnu-toolchain/bin/../lib/gcc/avr/5.4.0/../../../../avr/lib/avr5\libm.a(cmpsf2.o) (__fp_cmp)
c:/program files/atmel/studio/7.0/toolchain/avr8/avr8-gnu-toolchain/bin/../lib/gcc/avr/5.4.0/../../../../avr/lib/avr5\libm.a(fp_inf.o)
                              c:/program files/atmel/studio/7.0/toolchain/avr8/avr8-gnu-toolchain/bin/../lib/gcc/avr/5.4.0/../../../../avr/lib/avr5\libm.a(addsf3x.o) (__fp_inf)
c:/program files/atmel/studio/7.0/toolchain/avr8/avr8-gnu-toolchain/bin/../lib/gcc/avr/5.4.0/../../../../avr/lib/avr5\libm.a(fp_nan.o)
                              c:/program files/atmel/studio/7.0/toolchain/avr8/avr8-gnu-toolchain/bin/../lib/gcc/avr/5.4.0/../../../../avr/lib/avr5\libm.a(addsf3x.o) (__fp_nan)
c:/program files/atmel/studio/7.0/toolchain/avr8/avr8-gnu-toolchain/bin/../lib/gcc/avr/5.4.0/../../../../avr/lib/avr5\libm.a(fp_pscA.o)
                              c:/program files/atmel/studio/7.0/toolchain/avr8/avr8-gnu-toolchain/bin/../lib/gcc/avr/5.4.0/../../../../avr/lib/avr5\libm.a(addsf3x.o) (__fp_pscA)
c:/program files/atmel/studio/7.0/toolchain/avr8/avr8-gnu-toolchain/bin/../lib/gcc/avr/5.4.0/../../../../avr/lib/avr5\libm.a(fp_pscB.o)
                              c:/program files/atmel/studio/7.0/toolchain/avr8/avr8-gnu-toolchain/bin/../lib/gcc/avr/5.4.0/../../../../avr/lib/avr5\libm.a(addsf3x.o) (__fp_pscB)
c:/program files/atmel/studio/7.0/toolchain/avr8/avr8-gnu-toolchain/bin/../lib/gcc/avr/5.4.0/../../../../avr/lib/avr5\libm.a(fp_round.o)
                              c:/program files/atmel/studio/7.0/toolchain/avr8/avr8-gnu-toolchain/bin/../lib/gcc/avr/5.4.0/../../../../avr/lib/avr5\libm.a(addsf3.o) (__fp_round)
c:/program files/atmel/studio/7.0/toolchain/avr8/avr8-gnu-toolchain/bin/../lib/gcc/avr/5.4.0/../../../../avr/lib/avr5\libm.a(fp_split3.o)
                              c:/program files/atmel/studio/7.0/toolchain/avr8/avr8-gnu-toolchain/bin/../lib/gcc/avr/5.4.0/../../../../avr/lib/avr5\libm.a(addsf3x.o) (__fp_split3)
c:/program files/atmel/studio/7.0/toolchain/avr8/avr8-gnu-toolchain/bin/../lib/gcc/avr/5.4.0/../../../../avr/lib/avr5\libm.a(fp_zero.o)
                              c:/program files/atmel/studio/7.0/toolchain/avr8/avr8-gnu-toolchain/bin/../lib/gcc/avr/5.4.0/../../../../avr/lib/avr5\libm.a(addsf3x.o) (__fp_zero)
c:/program files/atmel/studio/7.0/toolchain/avr8/avr8-gnu-toolchain/bin/../lib/gcc/avr/5.4.0/../../../../avr/lib/avr5\libm.a(gesf2.o)
                              Activity.o (__gesf2)
c:/program files/atmel/studio/7.0/toolchain/avr8/avr8-gnu-toolchain/bin/../lib/gcc/avr/5.4.0/../../../../avr/lib/avr5\libm.a(mulsf3.o)
                              LCDn5110.o (__mulsf3)
c:/program files/atmel/studio/7.0/toolchain/avr8/avr8-gnu-toolchain/bin/../lib/gcc/avr/5.4.0/../../../../avr/lib/avr5\libm.a(mulsf3x.o)
                              c:/program files/atmel/studio/7.0/toolchain/avr8/avr8-gnu-toolchain/bin/../lib/gcc/avr/5.4.0/../../../../avr/lib/avr5\libm.a(mulsf3.o) (__mulsf3x)
c:/program files/atmel/studio/7.0/toolchain/avr8/avr8-gnu-toolchain/bin/../lib/gcc/avr/5.4.0/avr5\libgcc.a(_divmodhi4.o)
                              LCDn5110.o (__divmodhi4)
c:/program files/atmel/studio/7.0/toolchain/avr8/avr8-gnu-toolchain/bin/../lib/gcc/avr/5.4.0/avr5\libgcc.a(_exit.o)
                              C:/Program Files/Atmel/Studio/7.0/Packs/atmel/ATmega_DFP/1.2.209/gcc/dev/atmega328/avr5/crtatmega328.o (exit)
c:/program files/atmel/studio/7.0/toolchain/avr8/avr8-gnu-toolchain/bin/../lib/gcc/avr/5.4.0/avr5\libgcc.a(_tablejump2.o)
                              Activity.o (__tablejump2__)
c:/program files/atmel/studio/7.0/toolchain/avr8/avr8-gnu-toolchain/bin/../lib/gcc/avr/5.4.0/avr5\libgcc.a(_copy_data.o)
                              Screen.o (__do_copy_data)
c:/program files/atmel/studio/7.0/toolchain/avr8/avr8-gnu-toolchain/bin/../lib/gcc/avr/5.4.0/avr5\libgcc.a(_clear_bss.o)
                              LCDn5110.o (__do_clear_bss)
c:/program files/atmel/studio/7.0/toolchain/avr8/avr8-gnu-toolchain/bin/../lib/gcc/avr/5.4.0/avr5\libgcc.a(_ctors.o)
                              main.o (__do_global_ctors)
c:/program files/atmel/studio/7.0/toolchain/avr8/avr8-gnu-toolchain/bin/../lib/gcc/avr/5.4.0/avr5\libgcc.a(_udivmodhi4.o)
                              c:/program files/atmel/studio/7.0/toolchain/avr8/avr8-gnu-toolchain/bin/../lib/gcc/avr/5.4.0/avr5\libgcc.a(_divmodhi4.o) (__udivmodhi4)
C:/Program Files/Atmel/Studio/7.0/Packs/atmel/ATmega_DFP/1.2.209/gcc/dev/atmega328/avr5\libatmega328.a(eerd_dword.o)
                              main.o (eeprom_read_float)
C:/Program Files/Atmel/Studio/7.0/Packs/atmel/ATmega_DFP/1.2.209/gcc/dev/atmega328/avr5\libatmega328.a(eewr_dword.o)
                              main.o (eeprom_write_float)
C:/Program Files/Atmel/Studio/7.0/Packs/atmel/ATmega_DFP/1.2.209/gcc/dev/atmega328/avr5\libatmega328.a(eewr_word.o)
                              C:/Program Files/Atmel/Studio/7.0/Packs/atmel/ATmega_DFP/1.2.209/gcc/dev/atmega328/avr5\libatmega328.a(eewr_dword.o) (eeprom_write_word)
C:/Program Files/Atmel/Studio/7.0/Packs/atmel/ATmega_DFP/1.2.209/gcc/dev/atmega328/avr5\libatmega328.a(eerd_block.o)
                              C:/Program Files/Atmel/Studio/7.0/Packs/atmel/ATmega_DFP/1.2.209/gcc/dev/atmega328/avr5\libatmega328.a(eerd_dword.o) (eeprom_read_blraw)
C:/Program Files/Atmel/Studio/7.0/Packs/atmel/ATmega_DFP/1.2.209/gcc/dev/atmega328/avr5\libatmega328.a(eewr_byte.o)
                              C:/Program Files/Atmel/Studio/7.0/Packs/atmel/ATmega_DFP/1.2.209/gcc/dev/atmega328/avr5\libatmega328.a(eewr_word.o) (eeprom_write_byte)

Discarded input sections

 .data          0x00000000        0x0 C:/Program Files/Atmel/Studio/7.0/Packs/atmel/ATmega_DFP/1.2.209/gcc/dev/atmega328/avr5/crtatmega328.o
 .bss           0x00000000        0x0 C:/Program Files/Atmel/Studio/7.0/Packs/atmel/ATmega_DFP/1.2.209/gcc/dev/atmega328/avr5/crtatmega328.o
 .text          0x00000000        0x0 Activity.o
 .data          0x00000000        0x0 Activity.o
 .bss           0x00000000        0x0 Activity.o
 .text          0x00000000        0x0 Button.o
 .data          0x00000000        0x0 Button.o
 .bss           0x00000000        0x0 Button.o
 .text          0x00000000        0x0 Carrage.o
 .data          0x00000000        0x0 Carrage.o
 .bss           0x00000000        0x0 Carrage.o
 .text          0x00000000        0x0 LCDn5110.o
 .data          0x00000000        0x0 LCDn5110.o
 .bss           0x00000000        0x0 LCDn5110.o
 .text._Z4gpowii
                0x00000000       0x2e LCDn5110.o
 .text._Z11LcdContrasth
                0x00000000       0x22 LCDn5110.o
 .text._Z10Lcd_printshh11LcdFontSizePKh
                0x00000000       0x3c LCDn5110.o
 .text._Z9Lcd_pixelhh12LcdPixelMode
                0x00000000       0xb0 LCDn5110.o
 .text          0x00000000        0x0 main.o
 .data          0x00000000        0x0 main.o
 .bss           0x00000000        0x0 main.o
 .text._Z14test_out_timer6Button6Output
                0x00000000       0x64 main.o
 .text._Z12test_Out_Set6Button6Output
                0x00000000       0x6c main.o
 .text._Z10test_panel5Panel6Output
                0x00000000       0x46 main.o
 .text._Z8test_LCDv
                0x00000000       0x2a main.o
 .text._Z14test_LCD_clear5Panel
                0x00000000       0x28 main.o
 .text._Z13test_LCD_weelv
                0x00000000      0x192 main.o
 .text._Z15test_cars_wheel7Carrage
                0x00000000        0xe main.o
 .text          0x00000000        0x0 Screen.o
 .data          0x00000000        0x0 Screen.o
 .bss           0x00000000        0x0 Screen.o
 .text._ZN6Screen4InitEv
                0x00000000        0x2 Screen.o
 .text._ZN6Screen10PtintItemsEv
                0x00000000        0x2 Screen.o
 .text          0x00000000        0x0 Panel.o
 .data          0x00000000        0x0 Panel.o
 .bss           0x00000000        0x0 Panel.o
 .text          0x00000000        0x0 SensorsWheels.o
 .data          0x00000000        0x0 SensorsWheels.o
 .bss           0x00000000        0x0 SensorsWheels.o
 .text          0x00000000        0x0 Support.o
 .data          0x00000000        0x0 Support.o
 .bss           0x00000000        0x0 Support.o
 .text._ZN7Support4DownEibbbb
                0x00000000       0x78 Support.o
 .text._ZN7Support2UpEibbbb
                0x00000000       0x76 Support.o
 .text          0x00000000        0x0 Wheel.o
 .data          0x00000000        0x0 Wheel.o
 .bss           0x00000000        0x0 Wheel.o
 .text          0x00000000        0x0 c:/program files/atmel/studio/7.0/toolchain/avr8/avr8-gnu-toolchain/bin/../lib/gcc/avr/5.4.0/../../../../avr/lib/avr5\libm.a(addsf3.o)
 .data          0x00000000        0x0 c:/program files/atmel/studio/7.0/toolchain/avr8/avr8-gnu-toolchain/bin/../lib/gcc/avr/5.4.0/../../../../avr/lib/avr5\libm.a(addsf3.o)
 .bss           0x00000000        0x0 c:/program files/atmel/studio/7.0/toolchain/avr8/avr8-gnu-toolchain/bin/../lib/gcc/avr/5.4.0/../../../../avr/lib/avr5\libm.a(addsf3.o)
 .text          0x00000000        0x0 c:/program files/atmel/studio/7.0/toolchain/avr8/avr8-gnu-toolchain/bin/../lib/gcc/avr/5.4.0/../../../../avr/lib/avr5\libm.a(addsf3x.o)
 .data          0x00000000        0x0 c:/program files/atmel/studio/7.0/toolchain/avr8/avr8-gnu-toolchain/bin/../lib/gcc/avr/5.4.0/../../../../avr/lib/avr5\libm.a(addsf3x.o)
 .bss           0x00000000        0x0 c:/program files/atmel/studio/7.0/toolchain/avr8/avr8-gnu-toolchain/bin/../lib/gcc/avr/5.4.0/../../../../avr/lib/avr5\libm.a(addsf3x.o)
 .text          0x00000000        0x0 c:/program files/atmel/studio/7.0/toolchain/avr8/avr8-gnu-toolchain/bin/../lib/gcc/avr/5.4.0/../../../../avr/lib/avr5\libm.a(cmpsf2.o)
 .data          0x00000000        0x0 c:/program files/atmel/studio/7.0/toolchain/avr8/avr8-gnu-toolchain/bin/../lib/gcc/avr/5.4.0/../../../../avr/lib/avr5\libm.a(cmpsf2.o)
 .bss           0x00000000        0x0 c:/program files/atmel/studio/7.0/toolchain/avr8/avr8-gnu-toolchain/bin/../lib/gcc/avr/5.4.0/../../../../avr/lib/avr5\libm.a(cmpsf2.o)
 .text          0x00000000        0x0 c:/program files/atmel/studio/7.0/toolchain/avr8/avr8-gnu-toolchain/bin/../lib/gcc/avr/5.4.0/../../../../avr/lib/avr5\libm.a(fixsfsi.o)
 .data          0x00000000        0x0 c:/program files/atmel/studio/7.0/toolchain/avr8/avr8-gnu-toolchain/bin/../lib/gcc/avr/5.4.0/../../../../avr/lib/avr5\libm.a(fixsfsi.o)
 .bss           0x00000000        0x0 c:/program files/atmel/studio/7.0/toolchain/avr8/avr8-gnu-toolchain/bin/../lib/gcc/avr/5.4.0/../../../../avr/lib/avr5\libm.a(fixsfsi.o)
 .text          0x00000000        0x0 c:/program files/atmel/studio/7.0/toolchain/avr8/avr8-gnu-toolchain/bin/../lib/gcc/avr/5.4.0/../../../../avr/lib/avr5\libm.a(fixunssfsi.o)
 .data          0x00000000        0x0 c:/program files/atmel/studio/7.0/toolchain/avr8/avr8-gnu-toolchain/bin/../lib/gcc/avr/5.4.0/../../../../avr/lib/avr5\libm.a(fixunssfsi.o)
 .bss           0x00000000        0x0 c:/program files/atmel/studio/7.0/toolchain/avr8/avr8-gnu-toolchain/bin/../lib/gcc/avr/5.4.0/../../../../avr/lib/avr5\libm.a(fixunssfsi.o)
 .text          0x00000000        0x0 c:/program files/atmel/studio/7.0/toolchain/avr8/avr8-gnu-toolchain/bin/../lib/gcc/avr/5.4.0/../../../../avr/lib/avr5\libm.a(floatsisf.o)
 .data          0x00000000        0x0 c:/program files/atmel/studio/7.0/toolchain/avr8/avr8-gnu-toolchain/bin/../lib/gcc/avr/5.4.0/../../../../avr/lib/avr5\libm.a(floatsisf.o)
 .bss           0x00000000        0x0 c:/program files/atmel/studio/7.0/toolchain/avr8/avr8-gnu-toolchain/bin/../lib/gcc/avr/5.4.0/../../../../avr/lib/avr5\libm.a(floatsisf.o)
 .text          0x00000000        0x0 c:/program files/atmel/studio/7.0/toolchain/avr8/avr8-gnu-toolchain/bin/../lib/gcc/avr/5.4.0/../../../../avr/lib/avr5\libm.a(fp_cmp.o)
 .data          0x00000000        0x0 c:/program files/atmel/studio/7.0/toolchain/avr8/avr8-gnu-toolchain/bin/../lib/gcc/avr/5.4.0/../../../../avr/lib/avr5\libm.a(fp_cmp.o)
 .bss           0x00000000        0x0 c:/program files/atmel/studio/7.0/toolchain/avr8/avr8-gnu-toolchain/bin/../lib/gcc/avr/5.4.0/../../../../avr/lib/avr5\libm.a(fp_cmp.o)
 .text          0x00000000        0x0 c:/program files/atmel/studio/7.0/toolchain/avr8/avr8-gnu-toolchain/bin/../lib/gcc/avr/5.4.0/../../../../avr/lib/avr5\libm.a(fp_inf.o)
 .data          0x00000000        0x0 c:/program files/atmel/studio/7.0/toolchain/avr8/avr8-gnu-toolchain/bin/../lib/gcc/avr/5.4.0/../../../../avr/lib/avr5\libm.a(fp_inf.o)
 .bss           0x00000000        0x0 c:/program files/atmel/studio/7.0/toolchain/avr8/avr8-gnu-toolchain/bin/../lib/gcc/avr/5.4.0/../../../../avr/lib/avr5\libm.a(fp_inf.o)
 .text          0x00000000        0x0 c:/program files/atmel/studio/7.0/toolchain/avr8/avr8-gnu-toolchain/bin/../lib/gcc/avr/5.4.0/../../../../avr/lib/avr5\libm.a(fp_nan.o)
 .data          0x00000000        0x0 c:/program files/atmel/studio/7.0/toolchain/avr8/avr8-gnu-toolchain/bin/../lib/gcc/avr/5.4.0/../../../../avr/lib/avr5\libm.a(fp_nan.o)
 .bss           0x00000000        0x0 c:/program files/atmel/studio/7.0/toolchain/avr8/avr8-gnu-toolchain/bin/../lib/gcc/avr/5.4.0/../../../../avr/lib/avr5\libm.a(fp_nan.o)
 .text          0x00000000        0x0 c:/program files/atmel/studio/7.0/toolchain/avr8/avr8-gnu-toolchain/bin/../lib/gcc/avr/5.4.0/../../../../avr/lib/avr5\libm.a(fp_pscA.o)
 .data          0x00000000        0x0 c:/program files/atmel/studio/7.0/toolchain/avr8/avr8-gnu-toolchain/bin/../lib/gcc/avr/5.4.0/../../../../avr/lib/avr5\libm.a(fp_pscA.o)
 .bss           0x00000000        0x0 c:/program files/atmel/studio/7.0/toolchain/avr8/avr8-gnu-toolchain/bin/../lib/gcc/avr/5.4.0/../../../../avr/lib/avr5\libm.a(fp_pscA.o)
 .text          0x00000000        0x0 c:/program files/atmel/studio/7.0/toolchain/avr8/avr8-gnu-toolchain/bin/../lib/gcc/avr/5.4.0/../../../../avr/lib/avr5\libm.a(fp_pscB.o)
 .data          0x00000000        0x0 c:/program files/atmel/studio/7.0/toolchain/avr8/avr8-gnu-toolchain/bin/../lib/gcc/avr/5.4.0/../../../../avr/lib/avr5\libm.a(fp_pscB.o)
 .bss           0x00000000        0x0 c:/program files/atmel/studio/7.0/toolchain/avr8/avr8-gnu-toolchain/bin/../lib/gcc/avr/5.4.0/../../../../avr/lib/avr5\libm.a(fp_pscB.o)
 .text          0x00000000        0x0 c:/program files/atmel/studio/7.0/toolchain/avr8/avr8-gnu-toolchain/bin/../lib/gcc/avr/5.4.0/../../../../avr/lib/avr5\libm.a(fp_round.o)
 .data          0x00000000        0x0 c:/program files/atmel/studio/7.0/toolchain/avr8/avr8-gnu-toolchain/bin/../lib/gcc/avr/5.4.0/../../../../avr/lib/avr5\libm.a(fp_round.o)
 .bss           0x00000000        0x0 c:/program files/atmel/studio/7.0/toolchain/avr8/avr8-gnu-toolchain/bin/../lib/gcc/avr/5.4.0/../../../../avr/lib/avr5\libm.a(fp_round.o)
 .text          0x00000000        0x0 c:/program files/atmel/studio/7.0/toolchain/avr8/avr8-gnu-toolchain/bin/../lib/gcc/avr/5.4.0/../../../../avr/lib/avr5\libm.a(fp_split3.o)
 .data          0x00000000        0x0 c:/program files/atmel/studio/7.0/toolchain/avr8/avr8-gnu-toolchain/bin/../lib/gcc/avr/5.4.0/../../../../avr/lib/avr5\libm.a(fp_split3.o)
 .bss           0x00000000        0x0 c:/program files/atmel/studio/7.0/toolchain/avr8/avr8-gnu-toolchain/bin/../lib/gcc/avr/5.4.0/../../../../avr/lib/avr5\libm.a(fp_split3.o)
 .text          0x00000000        0x0 c:/program files/atmel/studio/7.0/toolchain/avr8/avr8-gnu-toolchain/bin/../lib/gcc/avr/5.4.0/../../../../avr/lib/avr5\libm.a(fp_zero.o)
 .data          0x00000000        0x0 c:/program files/atmel/studio/7.0/toolchain/avr8/avr8-gnu-toolchain/bin/../lib/gcc/avr/5.4.0/../../../../avr/lib/avr5\libm.a(fp_zero.o)
 .bss           0x00000000        0x0 c:/program files/atmel/studio/7.0/toolchain/avr8/avr8-gnu-toolchain/bin/../lib/gcc/avr/5.4.0/../../../../avr/lib/avr5\libm.a(fp_zero.o)
 .text          0x00000000        0x0 c:/program files/atmel/studio/7.0/toolchain/avr8/avr8-gnu-toolchain/bin/../lib/gcc/avr/5.4.0/../../../../avr/lib/avr5\libm.a(gesf2.o)
 .data          0x00000000        0x0 c:/program files/atmel/studio/7.0/toolchain/avr8/avr8-gnu-toolchain/bin/../lib/gcc/avr/5.4.0/../../../../avr/lib/avr5\libm.a(gesf2.o)
 .bss           0x00000000        0x0 c:/program files/atmel/studio/7.0/toolchain/avr8/avr8-gnu-toolchain/bin/../lib/gcc/avr/5.4.0/../../../../avr/lib/avr5\libm.a(gesf2.o)
 .text          0x00000000        0x0 c:/program files/atmel/studio/7.0/toolchain/avr8/avr8-gnu-toolchain/bin/../lib/gcc/avr/5.4.0/../../../../avr/lib/avr5\libm.a(mulsf3.o)
 .data          0x00000000        0x0 c:/program files/atmel/studio/7.0/toolchain/avr8/avr8-gnu-toolchain/bin/../lib/gcc/avr/5.4.0/../../../../avr/lib/avr5\libm.a(mulsf3.o)
 .bss           0x00000000        0x0 c:/program files/atmel/studio/7.0/toolchain/avr8/avr8-gnu-toolchain/bin/../lib/gcc/avr/5.4.0/../../../../avr/lib/avr5\libm.a(mulsf3.o)
 .text          0x00000000        0x0 c:/program files/atmel/studio/7.0/toolchain/avr8/avr8-gnu-toolchain/bin/../lib/gcc/avr/5.4.0/../../../../avr/lib/avr5\libm.a(mulsf3x.o)
 .data          0x00000000        0x0 c:/program files/atmel/studio/7.0/toolchain/avr8/avr8-gnu-toolchain/bin/../lib/gcc/avr/5.4.0/../../../../avr/lib/avr5\libm.a(mulsf3x.o)
 .bss           0x00000000        0x0 c:/program files/atmel/studio/7.0/toolchain/avr8/avr8-gnu-toolchain/bin/../lib/gcc/avr/5.4.0/../../../../avr/lib/avr5\libm.a(mulsf3x.o)
 .text          0x00000000        0x0 c:/program files/atmel/studio/7.0/toolchain/avr8/avr8-gnu-toolchain/bin/../lib/gcc/avr/5.4.0/avr5\libgcc.a(_divmodhi4.o)
 .data          0x00000000        0x0 c:/program files/atmel/studio/7.0/toolchain/avr8/avr8-gnu-toolchain/bin/../lib/gcc/avr/5.4.0/avr5\libgcc.a(_divmodhi4.o)
 .bss           0x00000000        0x0 c:/program files/atmel/studio/7.0/toolchain/avr8/avr8-gnu-toolchain/bin/../lib/gcc/avr/5.4.0/avr5\libgcc.a(_divmodhi4.o)
 .text.libgcc.mul
                0x00000000        0x0 c:/program files/atmel/studio/7.0/toolchain/avr8/avr8-gnu-toolchain/bin/../lib/gcc/avr/5.4.0/avr5\libgcc.a(_divmodhi4.o)
 .text.libgcc   0x00000000        0x0 c:/program files/atmel/studio/7.0/toolchain/avr8/avr8-gnu-toolchain/bin/../lib/gcc/avr/5.4.0/avr5\libgcc.a(_divmodhi4.o)
 .text.libgcc.prologue
                0x00000000        0x0 c:/program files/atmel/studio/7.0/toolchain/avr8/avr8-gnu-toolchain/bin/../lib/gcc/avr/5.4.0/avr5\libgcc.a(_divmodhi4.o)
 .text.libgcc.builtins
                0x00000000        0x0 c:/program files/atmel/studio/7.0/toolchain/avr8/avr8-gnu-toolchain/bin/../lib/gcc/avr/5.4.0/avr5\libgcc.a(_divmodhi4.o)
 .text.libgcc.fmul
                0x00000000        0x0 c:/program files/atmel/studio/7.0/toolchain/avr8/avr8-gnu-toolchain/bin/../lib/gcc/avr/5.4.0/avr5\libgcc.a(_divmodhi4.o)
 .text.libgcc.fixed
                0x00000000        0x0 c:/program files/atmel/studio/7.0/toolchain/avr8/avr8-gnu-toolchain/bin/../lib/gcc/avr/5.4.0/avr5\libgcc.a(_divmodhi4.o)
 .text          0x00000000        0x0 c:/program files/atmel/studio/7.0/toolchain/avr8/avr8-gnu-toolchain/bin/../lib/gcc/avr/5.4.0/avr5\libgcc.a(_exit.o)
 .data          0x00000000        0x0 c:/program files/atmel/studio/7.0/toolchain/avr8/avr8-gnu-toolchain/bin/../lib/gcc/avr/5.4.0/avr5\libgcc.a(_exit.o)
 .bss           0x00000000        0x0 c:/program files/atmel/studio/7.0/toolchain/avr8/avr8-gnu-toolchain/bin/../lib/gcc/avr/5.4.0/avr5\libgcc.a(_exit.o)
 .text.libgcc.mul
                0x00000000        0x0 c:/program files/atmel/studio/7.0/toolchain/avr8/avr8-gnu-toolchain/bin/../lib/gcc/avr/5.4.0/avr5\libgcc.a(_exit.o)
 .text.libgcc.div
                0x00000000        0x0 c:/program files/atmel/studio/7.0/toolchain/avr8/avr8-gnu-toolchain/bin/../lib/gcc/avr/5.4.0/avr5\libgcc.a(_exit.o)
 .text.libgcc   0x00000000        0x0 c:/program files/atmel/studio/7.0/toolchain/avr8/avr8-gnu-toolchain/bin/../lib/gcc/avr/5.4.0/avr5\libgcc.a(_exit.o)
 .text.libgcc.prologue
                0x00000000        0x0 c:/program files/atmel/studio/7.0/toolchain/avr8/avr8-gnu-toolchain/bin/../lib/gcc/avr/5.4.0/avr5\libgcc.a(_exit.o)
 .text.libgcc.builtins
                0x00000000        0x0 c:/program files/atmel/studio/7.0/toolchain/avr8/avr8-gnu-toolchain/bin/../lib/gcc/avr/5.4.0/avr5\libgcc.a(_exit.o)
 .text.libgcc.fmul
                0x00000000        0x0 c:/program files/atmel/studio/7.0/toolchain/avr8/avr8-gnu-toolchain/bin/../lib/gcc/avr/5.4.0/avr5\libgcc.a(_exit.o)
 .text.libgcc.fixed
                0x00000000        0x0 c:/program files/atmel/studio/7.0/toolchain/avr8/avr8-gnu-toolchain/bin/../lib/gcc/avr/5.4.0/avr5\libgcc.a(_exit.o)
 .text          0x00000000        0x0 c:/program files/atmel/studio/7.0/toolchain/avr8/avr8-gnu-toolchain/bin/../lib/gcc/avr/5.4.0/avr5\libgcc.a(_tablejump2.o)
 .data          0x00000000        0x0 c:/program files/atmel/studio/7.0/toolchain/avr8/avr8-gnu-toolchain/bin/../lib/gcc/avr/5.4.0/avr5\libgcc.a(_tablejump2.o)
 .bss           0x00000000        0x0 c:/program files/atmel/studio/7.0/toolchain/avr8/avr8-gnu-toolchain/bin/../lib/gcc/avr/5.4.0/avr5\libgcc.a(_tablejump2.o)
 .text.libgcc.mul
                0x00000000        0x0 c:/program files/atmel/studio/7.0/toolchain/avr8/avr8-gnu-toolchain/bin/../lib/gcc/avr/5.4.0/avr5\libgcc.a(_tablejump2.o)
 .text.libgcc.div
                0x00000000        0x0 c:/program files/atmel/studio/7.0/toolchain/avr8/avr8-gnu-toolchain/bin/../lib/gcc/avr/5.4.0/avr5\libgcc.a(_tablejump2.o)
 .text.libgcc.prologue
                0x00000000        0x0 c:/program files/atmel/studio/7.0/toolchain/avr8/avr8-gnu-toolchain/bin/../lib/gcc/avr/5.4.0/avr5\libgcc.a(_tablejump2.o)
 .text.libgcc.builtins
                0x00000000        0x0 c:/program files/atmel/studio/7.0/toolchain/avr8/avr8-gnu-toolchain/bin/../lib/gcc/avr/5.4.0/avr5\libgcc.a(_tablejump2.o)
 .text.libgcc.fmul
                0x00000000        0x0 c:/program files/atmel/studio/7.0/toolchain/avr8/avr8-gnu-toolchain/bin/../lib/gcc/avr/5.4.0/avr5\libgcc.a(_tablejump2.o)
 .text.libgcc.fixed
                0x00000000        0x0 c:/program files/atmel/studio/7.0/toolchain/avr8/avr8-gnu-toolchain/bin/../lib/gcc/avr/5.4.0/avr5\libgcc.a(_tablejump2.o)
 .text          0x00000000        0x0 c:/program files/atmel/studio/7.0/toolchain/avr8/avr8-gnu-toolchain/bin/../lib/gcc/avr/5.4.0/avr5\libgcc.a(_copy_data.o)
 .data          0x00000000        0x0 c:/program files/atmel/studio/7.0/toolchain/avr8/avr8-gnu-toolchain/bin/../lib/gcc/avr/5.4.0/avr5\libgcc.a(_copy_data.o)
 .bss           0x00000000        0x0 c:/program files/atmel/studio/7.0/toolchain/avr8/avr8-gnu-toolchain/bin/../lib/gcc/avr/5.4.0/avr5\libgcc.a(_copy_data.o)
 .text.libgcc.mul
                0x00000000        0x0 c:/program files/atmel/studio/7.0/toolchain/avr8/avr8-gnu-toolchain/bin/../lib/gcc/avr/5.4.0/avr5\libgcc.a(_copy_data.o)
 .text.libgcc.div
                0x00000000        0x0 c:/program files/atmel/studio/7.0/toolchain/avr8/avr8-gnu-toolchain/bin/../lib/gcc/avr/5.4.0/avr5\libgcc.a(_copy_data.o)
 .text.libgcc   0x00000000        0x0 c:/program files/atmel/studio/7.0/toolchain/avr8/avr8-gnu-toolchain/bin/../lib/gcc/avr/5.4.0/avr5\libgcc.a(_copy_data.o)
 .text.libgcc.prologue
                0x00000000        0x0 c:/program files/atmel/studio/7.0/toolchain/avr8/avr8-gnu-toolchain/bin/../lib/gcc/avr/5.4.0/avr5\libgcc.a(_copy_data.o)
 .text.libgcc.builtins
                0x00000000        0x0 c:/program files/atmel/studio/7.0/toolchain/avr8/avr8-gnu-toolchain/bin/../lib/gcc/avr/5.4.0/avr5\libgcc.a(_copy_data.o)
 .text.libgcc.fmul
                0x00000000        0x0 c:/program files/atmel/studio/7.0/toolchain/avr8/avr8-gnu-toolchain/bin/../lib/gcc/avr/5.4.0/avr5\libgcc.a(_copy_data.o)
 .text.libgcc.fixed
                0x00000000        0x0 c:/program files/atmel/studio/7.0/toolchain/avr8/avr8-gnu-toolchain/bin/../lib/gcc/avr/5.4.0/avr5\libgcc.a(_copy_data.o)
 .text          0x00000000        0x0 c:/program files/atmel/studio/7.0/toolchain/avr8/avr8-gnu-toolchain/bin/../lib/gcc/avr/5.4.0/avr5\libgcc.a(_clear_bss.o)
 .data          0x00000000        0x0 c:/program files/atmel/studio/7.0/toolchain/avr8/avr8-gnu-toolchain/bin/../lib/gcc/avr/5.4.0/avr5\libgcc.a(_clear_bss.o)
 .bss           0x00000000        0x0 c:/program files/atmel/studio/7.0/toolchain/avr8/avr8-gnu-toolchain/bin/../lib/gcc/avr/5.4.0/avr5\libgcc.a(_clear_bss.o)
 .text.libgcc.mul
                0x00000000        0x0 c:/program files/atmel/studio/7.0/toolchain/avr8/avr8-gnu-toolchain/bin/../lib/gcc/avr/5.4.0/avr5\libgcc.a(_clear_bss.o)
 .text.libgcc.div
                0x00000000        0x0 c:/program files/atmel/studio/7.0/toolchain/avr8/avr8-gnu-toolchain/bin/../lib/gcc/avr/5.4.0/avr5\libgcc.a(_clear_bss.o)
 .text.libgcc   0x00000000        0x0 c:/program files/atmel/studio/7.0/toolchain/avr8/avr8-gnu-toolchain/bin/../lib/gcc/avr/5.4.0/avr5\libgcc.a(_clear_bss.o)
 .text.libgcc.prologue
                0x00000000        0x0 c:/program files/atmel/studio/7.0/toolchain/avr8/avr8-gnu-toolchain/bin/../lib/gcc/avr/5.4.0/avr5\libgcc.a(_clear_bss.o)
 .text.libgcc.builtins
                0x00000000        0x0 c:/program files/atmel/studio/7.0/toolchain/avr8/avr8-gnu-toolchain/bin/../lib/gcc/avr/5.4.0/avr5\libgcc.a(_clear_bss.o)
 .text.libgcc.fmul
                0x00000000        0x0 c:/program files/atmel/studio/7.0/toolchain/avr8/avr8-gnu-toolchain/bin/../lib/gcc/avr/5.4.0/avr5\libgcc.a(_clear_bss.o)
 .text.libgcc.fixed
                0x00000000        0x0 c:/program files/atmel/studio/7.0/toolchain/avr8/avr8-gnu-toolchain/bin/../lib/gcc/avr/5.4.0/avr5\libgcc.a(_clear_bss.o)
 .text          0x00000000        0x0 c:/program files/atmel/studio/7.0/toolchain/avr8/avr8-gnu-toolchain/bin/../lib/gcc/avr/5.4.0/avr5\libgcc.a(_ctors.o)
 .data          0x00000000        0x0 c:/program files/atmel/studio/7.0/toolchain/avr8/avr8-gnu-toolchain/bin/../lib/gcc/avr/5.4.0/avr5\libgcc.a(_ctors.o)
 .bss           0x00000000        0x0 c:/program files/atmel/studio/7.0/toolchain/avr8/avr8-gnu-toolchain/bin/../lib/gcc/avr/5.4.0/avr5\libgcc.a(_ctors.o)
 .text.libgcc.mul
                0x00000000        0x0 c:/program files/atmel/studio/7.0/toolchain/avr8/avr8-gnu-toolchain/bin/../lib/gcc/avr/5.4.0/avr5\libgcc.a(_ctors.o)
 .text.libgcc.div
                0x00000000        0x0 c:/program files/atmel/studio/7.0/toolchain/avr8/avr8-gnu-toolchain/bin/../lib/gcc/avr/5.4.0/avr5\libgcc.a(_ctors.o)
 .text.libgcc   0x00000000        0x0 c:/program files/atmel/studio/7.0/toolchain/avr8/avr8-gnu-toolchain/bin/../lib/gcc/avr/5.4.0/avr5\libgcc.a(_ctors.o)
 .text.libgcc.prologue
                0x00000000        0x0 c:/program files/atmel/studio/7.0/toolchain/avr8/avr8-gnu-toolchain/bin/../lib/gcc/avr/5.4.0/avr5\libgcc.a(_ctors.o)
 .text.libgcc.builtins
                0x00000000        0x0 c:/program files/atmel/studio/7.0/toolchain/avr8/avr8-gnu-toolchain/bin/../lib/gcc/avr/5.4.0/avr5\libgcc.a(_ctors.o)
 .text.libgcc.fmul
                0x00000000        0x0 c:/program files/atmel/studio/7.0/toolchain/avr8/avr8-gnu-toolchain/bin/../lib/gcc/avr/5.4.0/avr5\libgcc.a(_ctors.o)
 .text.libgcc.fixed
                0x00000000        0x0 c:/program files/atmel/studio/7.0/toolchain/avr8/avr8-gnu-toolchain/bin/../lib/gcc/avr/5.4.0/avr5\libgcc.a(_ctors.o)
 .text          0x00000000        0x0 c:/program files/atmel/studio/7.0/toolchain/avr8/avr8-gnu-toolchain/bin/../lib/gcc/avr/5.4.0/avr5\libgcc.a(_udivmodhi4.o)
 .data          0x00000000        0x0 c:/program files/atmel/studio/7.0/toolchain/avr8/avr8-gnu-toolchain/bin/../lib/gcc/avr/5.4.0/avr5\libgcc.a(_udivmodhi4.o)
 .bss           0x00000000        0x0 c:/program files/atmel/studio/7.0/toolchain/avr8/avr8-gnu-toolchain/bin/../lib/gcc/avr/5.4.0/avr5\libgcc.a(_udivmodhi4.o)
 .text.libgcc.mul
                0x00000000        0x0 c:/program files/atmel/studio/7.0/toolchain/avr8/avr8-gnu-toolchain/bin/../lib/gcc/avr/5.4.0/avr5\libgcc.a(_udivmodhi4.o)
 .text.libgcc   0x00000000        0x0 c:/program files/atmel/studio/7.0/toolchain/avr8/avr8-gnu-toolchain/bin/../lib/gcc/avr/5.4.0/avr5\libgcc.a(_udivmodhi4.o)
 .text.libgcc.prologue
                0x00000000        0x0 c:/program files/atmel/studio/7.0/toolchain/avr8/avr8-gnu-toolchain/bin/../lib/gcc/avr/5.4.0/avr5\libgcc.a(_udivmodhi4.o)
 .text.libgcc.builtins
                0x00000000        0x0 c:/program files/atmel/studio/7.0/toolchain/avr8/avr8-gnu-toolchain/bin/../lib/gcc/avr/5.4.0/avr5\libgcc.a(_udivmodhi4.o)
 .text.libgcc.fmul
                0x00000000        0x0 c:/program files/atmel/studio/7.0/toolchain/avr8/avr8-gnu-toolchain/bin/../lib/gcc/avr/5.4.0/avr5\libgcc.a(_udivmodhi4.o)
 .text.libgcc.fixed
                0x00000000        0x0 c:/program files/atmel/studio/7.0/toolchain/avr8/avr8-gnu-toolchain/bin/../lib/gcc/avr/5.4.0/avr5\libgcc.a(_udivmodhi4.o)
 .text          0x00000000        0x0 C:/Program Files/Atmel/Studio/7.0/Packs/atmel/ATmega_DFP/1.2.209/gcc/dev/atmega328/avr5\libatmega328.a(eerd_dword.o)
 .data          0x00000000        0x0 C:/Program Files/Atmel/Studio/7.0/Packs/atmel/ATmega_DFP/1.2.209/gcc/dev/atmega328/avr5\libatmega328.a(eerd_dword.o)
 .bss           0x00000000        0x0 C:/Program Files/Atmel/Studio/7.0/Packs/atmel/ATmega_DFP/1.2.209/gcc/dev/atmega328/avr5\libatmega328.a(eerd_dword.o)
 .text          0x00000000        0x0 C:/Program Files/Atmel/Studio/7.0/Packs/atmel/ATmega_DFP/1.2.209/gcc/dev/atmega328/avr5\libatmega328.a(eewr_dword.o)
 .data          0x00000000        0x0 C:/Program Files/Atmel/Studio/7.0/Packs/atmel/ATmega_DFP/1.2.209/gcc/dev/atmega328/avr5\libatmega328.a(eewr_dword.o)
 .bss           0x00000000        0x0 C:/Program Files/Atmel/Studio/7.0/Packs/atmel/ATmega_DFP/1.2.209/gcc/dev/atmega328/avr5\libatmega328.a(eewr_dword.o)
 .text          0x00000000        0x0 C:/Program Files/Atmel/Studio/7.0/Packs/atmel/ATmega_DFP/1.2.209/gcc/dev/atmega328/avr5\libatmega328.a(eewr_word.o)
 .data          0x00000000        0x0 C:/Program Files/Atmel/Studio/7.0/Packs/atmel/ATmega_DFP/1.2.209/gcc/dev/atmega328/avr5\libatmega328.a(eewr_word.o)
 .bss           0x00000000        0x0 C:/Program Files/Atmel/Studio/7.0/Packs/atmel/ATmega_DFP/1.2.209/gcc/dev/atmega328/avr5\libatmega328.a(eewr_word.o)
 .text          0x00000000        0x0 C:/Program Files/Atmel/Studio/7.0/Packs/atmel/ATmega_DFP/1.2.209/gcc/dev/atmega328/avr5\libatmega328.a(eerd_block.o)
 .data          0x00000000        0x0 C:/Program Files/Atmel/Studio/7.0/Packs/atmel/ATmega_DFP/1.2.209/gcc/dev/atmega328/avr5\libatmega328.a(eerd_block.o)
 .bss           0x00000000        0x0 C:/Program Files/Atmel/Studio/7.0/Packs/atmel/ATmega_DFP/1.2.209/gcc/dev/atmega328/avr5\libatmega328.a(eerd_block.o)
 .text          0x00000000        0x0 C:/Program Files/Atmel/Studio/7.0/Packs/atmel/ATmega_DFP/1.2.209/gcc/dev/atmega328/avr5\libatmega328.a(eewr_byte.o)
 .data          0x00000000        0x0 C:/Program Files/Atmel/Studio/7.0/Packs/atmel/ATmega_DFP/1.2.209/gcc/dev/atmega328/avr5\libatmega328.a(eewr_byte.o)
 .bss           0x00000000        0x0 C:/Program Files/Atmel/Studio/7.0/Packs/atmel/ATmega_DFP/1.2.209/gcc/dev/atmega328/avr5\libatmega328.a(eewr_byte.o)

Memory Configuration

Name             Origin             Length             Attributes
text             0x00000000         0x00020000         xr
data             0x00800060         0x0000ffa0         rw !x
eeprom           0x00810000         0x00010000         rw !x
fuse             0x00820000         0x00000003         rw !x
lock             0x00830000         0x00000400         rw !x
signature        0x00840000         0x00000400         rw !x
user_signatures  0x00850000         0x00000400         rw !x
*default*        0x00000000         0xffffffff

Linker script and memory map

Address of section .data set to 0x800100
LOAD C:/Program Files/Atmel/Studio/7.0/Packs/atmel/ATmega_DFP/1.2.209/gcc/dev/atmega328/avr5/crtatmega328.o
LOAD Activity.o
LOAD Button.o
LOAD Carrage.o
LOAD LCDn5110.o
LOAD main.o
LOAD Screen.o
LOAD Panel.o
LOAD SensorsWheels.o
LOAD Support.o
LOAD Wheel.o
START GROUP
LOAD c:/program files/atmel/studio/7.0/toolchain/avr8/avr8-gnu-toolchain/bin/../lib/gcc/avr/5.4.0/../../../../avr/lib/avr5\libm.a
END GROUP
LOAD c:/program files/atmel/studio/7.0/toolchain/avr8/avr8-gnu-toolchain/bin/../lib/gcc/avr/5.4.0/avr5\libgcc.a
LOAD c:/program files/atmel/studio/7.0/toolchain/avr8/avr8-gnu-toolchain/bin/../lib/gcc/avr/5.4.0/../../../../avr/lib/avr5\libm.a
START GROUP
LOAD c:/program files/atmel/studio/7.0/toolchain/avr8/avr8-gnu-toolchain/bin/../lib/gcc/avr/5.4.0/avr5\libgcc.a
LOAD c:/program files/atmel/studio/7.0/toolchain/avr8/avr8-gnu-toolchain/bin/../lib/gcc/avr/5.4.0/../../../../avr/lib/avr5\libm.a
LOAD c:/program files/atmel/studio/7.0/toolchain/avr8/avr8-gnu-toolchain/bin/../lib/gcc/avr/5.4.0/../../../../avr/lib/avr5\libc.a
LOAD C:/Program Files/Atmel/Studio/7.0/Packs/atmel/ATmega_DFP/1.2.209/gcc/dev/atmega328/avr5\libatmega328.a
END GROUP
                0x00020000                __TEXT_REGION_LENGTH__ = DEFINED (__TEXT_REGION_LENGTH__)?__TEXT_REGION_LENGTH__:0x20000
                0x0000ffa0                __DATA_REGION_LENGTH__ = DEFINED (__DATA_REGION_LENGTH__)?__DATA_REGION_LENGTH__:0xffa0
                0x00010000                __EEPROM_REGION_LENGTH__ = DEFINED (__EEPROM_REGION_LENGTH__)?__EEPROM_REGION_LENGTH__:0x10000
                [0x00000003]                __FUSE_REGION_LENGTH__ = DEFINED (__FUSE_REGION_LENGTH__)?__FUSE_REGION_LENGTH__:0x400
                0x00000400                __LOCK_REGION_LENGTH__ = DEFINED (__LOCK_REGION_LENGTH__)?__LOCK_REGION_LENGTH__:0x400
                0x00000400                __SIGNATURE_REGION_LENGTH__ = DEFINED (__SIGNATURE_REGION_LENGTH__)?__SIGNATURE_REGION_LENGTH__:0x400
                0x00000400                __USER_SIGNATURE_REGION_LENGTH__ = DEFINED (__USER_SIGNATURE_REGION_LENGTH__)?__USER_SIGNATURE_REGION_LENGTH__:0x400

.hash
 *(.hash)

.dynsym
 *(.dynsym)

.dynstr
 *(.dynstr)

.gnu.version
 *(.gnu.version)

.gnu.version_d
 *(.gnu.version_d)

.gnu.version_r
 *(.gnu.version_r)

.rel.init
 *(.rel.init)

.rela.init
 *(.rela.init)

.rel.text
 *(.rel.text)
 *(.rel.text.*)
 *(.rel.gnu.linkonce.t*)

.rela.text
 *(.rela.text)
 *(.rela.text.*)
 *(.rela.gnu.linkonce.t*)

.rel.fini
 *(.rel.fini)

.rela.fini
 *(.rela.fini)

.rel.rodata
 *(.rel.rodata)
 *(.rel.rodata.*)
 *(.rel.gnu.linkonce.r*)

.rela.rodata
 *(.rela.rodata)
 *(.rela.rodata.*)
 *(.rela.gnu.linkonce.r*)

.rel.data
 *(.rel.data)
 *(.rel.data.*)
 *(.rel.gnu.linkonce.d*)

.rela.data
 *(.rela.data)
 *(.rela.data.*)
 *(.rela.gnu.linkonce.d*)

.rel.ctors
 *(.rel.ctors)

.rela.ctors
 *(.rela.ctors)

.rel.dtors
 *(.rel.dtors)

.rela.dtors
 *(.rela.dtors)

.rel.got
 *(.rel.got)

.rela.got
 *(.rela.got)

.rel.bss
 *(.rel.bss)

.rela.bss
 *(.rela.bss)

.rel.plt
 *(.rel.plt)

.rela.plt
 *(.rela.plt)

.text           0x00000000     0x35ae
 *(.vectors)
 .vectors       0x00000000       0x68 C:/Program Files/Atmel/Studio/7.0/Packs/atmel/ATmega_DFP/1.2.209/gcc/dev/atmega328/avr5/crtatmega328.o
                0x00000000                __vector_default
                0x00000000                __vectors
 *(.vectors)
 *(.progmem.gcc*)
 .progmem.gcc_sw_table._ZN8Activity16Menu_Screen_MoveER5PanelR7Carrage
                0x00000068       0x10 Activity.o
 .progmem.gcc_sw_table._ZN6Screen21Draw_CursorMenuScreenEv
                0x00000078       0x22 Screen.o
                0x0000009a                . = ALIGN (0x2)
                0x0000009a                __trampolines_start = .
 *(.trampolines)
 .trampolines   0x0000009a        0x0 linker stubs
 *(.trampolines*)
                0x0000009a                __trampolines_end = .
 *libprintf_flt.a:*(.progmem.data)
 *libc.a:*(.progmem.data)
 *(.progmem*)
 .progmem.data._ZL5Steps
                0x0000009a       0x50 Activity.o
 .progmem.data._ZL10StepLevels
                0x000000ea      0x1e0 LCDn5110.o
 .progmem.data._ZL10FontLookup
                0x000002ca      0x547 LCDn5110.o
                0x00000812                . = ALIGN (0x2)
 *fill*         0x00000811        0x1 
 *(.jumptables)
 *(.jumptables*)
 *(.lowtext)
 *(.lowtext*)
                0x00000812                __ctors_start = .
 *(.ctors)
 .ctors         0x00000812        0x2 main.o
                0x00000814                __ctors_end = .
                0x00000814                __dtors_start = .
 *(.dtors)
                0x00000814                __dtors_end = .
 SORT(*)(.ctors)
 SORT(*)(.dtors)
 *(.init0)
 .init0         0x00000814        0x0 C:/Program Files/Atmel/Studio/7.0/Packs/atmel/ATmega_DFP/1.2.209/gcc/dev/atmega328/avr5/crtatmega328.o
                0x00000814                __init
 *(.init0)
 *(.init1)
 *(.init1)
 *(.init2)
 .init2         0x00000814        0xc C:/Program Files/Atmel/Studio/7.0/Packs/atmel/ATmega_DFP/1.2.209/gcc/dev/atmega328/avr5/crtatmega328.o
 *(.init2)
 *(.init3)
 *(.init3)
 *(.init4)
 .init4         0x00000820       0x16 c:/program files/atmel/studio/7.0/toolchain/avr8/avr8-gnu-toolchain/bin/../lib/gcc/avr/5.4.0/avr5\libgcc.a(_copy_data.o)
                0x00000820                __do_copy_data
 .init4         0x00000836       0x10 c:/program files/atmel/studio/7.0/toolchain/avr8/avr8-gnu-toolchain/bin/../lib/gcc/avr/5.4.0/avr5\libgcc.a(_clear_bss.o)
                0x00000836                __do_clear_bss
 *(.init4)
 *(.init5)
 *(.init5)
 *(.init6)
 .init6         0x00000846       0x16 c:/program files/atmel/studio/7.0/toolchain/avr8/avr8-gnu-toolchain/bin/../lib/gcc/avr/5.4.0/avr5\libgcc.a(_ctors.o)
                0x00000846                __do_global_ctors
 *(.init6)
 *(.init7)
 *(.init7)
 *(.init8)
 *(.init8)
 *(.init9)
 .init9         0x0000085c        0x8 C:/Program Files/Atmel/Studio/7.0/Packs/atmel/ATmega_DFP/1.2.209/gcc/dev/atmega328/avr5/crtatmega328.o
 *(.init9)
 *(.text)
 .text          0x00000864        0x4 C:/Program Files/Atmel/Studio/7.0/Packs/atmel/ATmega_DFP/1.2.209/gcc/dev/atmega328/avr5/crtatmega328.o
                0x00000864                __vector_22
                0x00000864                __vector_1
                0x00000864                __vector_24
                0x00000864                __vector_12
                0x00000864                __bad_interrupt
                0x00000864                __vector_6
                0x00000864                __vector_3
                0x00000864                __vector_23
                0x00000864                __vector_25
                0x00000864                __vector_11
                0x00000864                __vector_13
                0x00000864                __vector_17
                0x00000864                __vector_19
                0x00000864                __vector_7
                0x00000864                __vector_5
                0x00000864                __vector_4
                0x00000864                __vector_9
                0x00000864                __vector_2
                0x00000864                __vector_21
                0x00000864                __vector_15
                0x00000864                __vector_8
                0x00000864                __vector_14
                0x00000864                __vector_10
                0x00000864                __vector_16
                0x00000864                __vector_18
                0x00000864                __vector_20
                0x00000868                . = ALIGN (0x2)
 *(.text.*)
 .text._ZN8ActivityC2Ev
                0x00000868        0x2 Activity.o
                0x00000868                _ZN8ActivityC2Ev
                0x00000868                _ZN8ActivityC1Ev
 .text._ZN8Activity4InitEv
                0x0000086a      0x1da Activity.o
                0x0000086a                _ZN8Activity4InitEv
 .text._ZN8Activity4SaveEv
                0x00000a44       0x50 Activity.o
                0x00000a44                _ZN8Activity4SaveEv
 .text._ZN8Activity3SetEv
                0x00000a94       0x54 Activity.o
                0x00000a94                _ZN8Activity3SetEv
 .text._ZN8Activity16Menu_Screen_MoveER5PanelR7Carrage
                0x00000ae8       0xd0 Activity.o
                0x00000ae8                _ZN8Activity16Menu_Screen_MoveER5PanelR7Carrage
 .text._ZN8Activity11SelectWheelER7Carrage
                0x00000bb8       0x4a Activity.o
                0x00000bb8                _ZN8Activity11SelectWheelER7Carrage
 .text._ZN8Activity16Main_Screen_MoveER5PanelR7Carrage
                0x00000c02       0x9a Activity.o
                0x00000c02                _ZN8Activity16Main_Screen_MoveER5PanelR7Carrage
 .text._ZN8Activity12Tunning_rateER5PanelR7Carrage
                0x00000c9c      0x158 Activity.o
                0x00000c9c                _ZN8Activity12Tunning_rateER5PanelR7Carrage
 .text._ZN8Activity12get_val_stepEv
                0x00000df4       0x20 Activity.o
                0x00000df4                _ZN8Activity12get_val_stepEv
 .text._ZN8Activity17Adjusting_CarrageER5PanelR7Carrage
                0x00000e14       0xa6 Activity.o
                0x00000e14                _ZN8Activity17Adjusting_CarrageER5PanelR7Carrage
 .text._ZN8Activity13Cursor_ActionER5PanelR7Carrage
                0x00000eba       0x3a Activity.o
                0x00000eba                _ZN8Activity13Cursor_ActionER5PanelR7Carrage
 .text._ZN6ButtonC2Ev
                0x00000ef4        0x2 Button.o
                0x00000ef4                _ZN6ButtonC2Ev
                0x00000ef4                _ZN6ButtonC1Ev
 .text._ZN6Button4InitEci
                0x00000ef6       0x7c Button.o
                0x00000ef6                _ZN6Button4InitEci
 .text._ZN6Button7PressedEi
                0x00000f72       0xf8 Button.o
                0x00000f72                _ZN6Button7PressedEi
 .text._ZN7CarrageC2Ev
                0x0000106a       0x36 Carrage.o
                0x0000106a                _ZN7CarrageC2Ev
                0x0000106a                _ZN7CarrageC1Ev
 .text._ZN7Carrage12beforeAdjastEv
                0x000010a0       0x2c Carrage.o
                0x000010a0                _ZN7Carrage12beforeAdjastEv
 .text._ZN7Carrage8chechAllEv
                0x000010cc      0x13a Carrage.o
                0x000010cc                _ZN7Carrage8chechAllEv
 .text._ZN7Carrage4InitER5WheelS1_S1_S1_
                0x00001206       0x74 Carrage.o
                0x00001206                _ZN7Carrage4InitER5WheelS1_S1_S1_
 .text._ZN7Carrage7getStepEv
                0x0000127a       0x9a Carrage.o
                0x0000127a                _ZN7Carrage7getStepEv
 .text._ZN7Carrage20Fast_print_LSD_hightE5Wheel
                0x00001314       0x94 Carrage.o
                0x00001314                _ZN7Carrage20Fast_print_LSD_hightE5Wheel
 .text._ZN7Carrage17chechWheelsBeforeEv
                0x000013a8      0x298 Carrage.o
                0x000013a8                _ZN7Carrage17chechWheelsBeforeEv
 .text._ZN7Carrage9AjustmentEv
                0x00001640      0x2ea Carrage.o
                0x00001640                _ZN7Carrage9AjustmentEv
 .text._ZN7Carrage2UpEf
                0x0000192a       0x52 Carrage.o
                0x0000192a                _ZN7Carrage2UpEf
 .text._ZN7Carrage4DownEf
                0x0000197c       0x52 Carrage.o
                0x0000197c                _ZN7Carrage4DownEf
 .text._ZN7Carrage18ControlMalfinctionEv
                0x000019ce       0x84 Carrage.o
                0x000019ce                _ZN7Carrage18ControlMalfinctionEv
 .text._ZL7LcdSendh10LcdCmdData
                0x00001a52       0x18 LCDn5110.o
 .text._Z5gftoafi
                0x00001a6a      0x11a LCDn5110.o
                0x00001a6a                _Z5gftoafi
 .text._Z8Lcd_initv
                0x00001b84       0x44 LCDn5110.o
                0x00001b84                _Z8Lcd_initv
 .text._Z9Lcd_clearv
                0x00001bc8       0x2a LCDn5110.o
                0x00001bc8                _Z9Lcd_clearv
 .text._Z10Lcd_updatev
                0x00001bf2       0xcc LCDn5110.o
                0x00001bf2                _Z10Lcd_updatev
 .text._Z9LcdGotoXYhh
                0x00001cbe       0x36 LCDn5110.o
                0x00001cbe                _Z9LcdGotoXYhh
 .text._Z11LcdChr_fullh
                0x00001cf4       0x3e LCDn5110.o
                0x00001cf4                _Z11LcdChr_fullh
 .text._Z12LcdStepLevelh
                0x00001d32       0x4c LCDn5110.o
                0x00001d32                _Z12LcdStepLevelh
 .text._Z6LcdChr11LcdFontSizeh
                0x00001d7e      0x1c0 LCDn5110.o
                0x00001d7e                _Z6LcdChr11LcdFontSizeh
 .text._Z9Lcd_printhh11LcdFontSizePh
                0x00001f3e       0x42 LCDn5110.o
                0x00001f3e                _Z9Lcd_printhh11LcdFontSizePh
 .text._Z10Lcd_print2hh11LcdFontSizePh
                0x00001f80       0x4c LCDn5110.o
                0x00001f80                _Z10Lcd_print2hh11LcdFontSizePh
 .text._Z10Lcd_printfhh11LcdFontSizefi
                0x00001fcc       0x3a LCDn5110.o
                0x00001fcc                _Z10Lcd_printfhh11LcdFontSizefi
 .text._Z11Lcd_printf2hh11LcdFontSizefi
                0x00002006       0x3a LCDn5110.o
                0x00002006                _Z11Lcd_printf2hh11LcdFontSizefi
 .text._Z14Initialisationv
                0x00002040      0x13e main.o
                0x00002040                _Z14Initialisationv
 .text._Z25IFCarrageSaveStateToEEMEMi
                0x0000217e       0x84 main.o
                0x0000217e                _Z25IFCarrageSaveStateToEEMEMi
 .text._Z24IFCarrageSetStateToEEMEMi
                0x00002202       0xb8 main.o
                0x00002202                _Z24IFCarrageSetStateToEEMEMi
 .text.main     0x000022ba       0x3a main.o
                0x000022ba                main
 .text._GLOBAL__sub_I__Z14test_out_timer6Button6Output
                0x000022f4       0x6a main.o
 .text._ZN6ScreenC2Ev
                0x0000235e       0x1a Screen.o
                0x0000235e                _ZN6ScreenC2Ev
                0x0000235e                _ZN6ScreenC1Ev
 .text._ZN6Screen14Render_tunningEv
                0x00002378       0x64 Screen.o
                0x00002378                _ZN6Screen14Render_tunningEv
 .text._ZN6Screen10PrintTitleEv
                0x000023dc      0x144 Screen.o
                0x000023dc                _ZN6Screen10PrintTitleEv
 .text._ZN6Screen21Draw_CursorMenuScreenEv
                0x00002520      0x12a Screen.o
                0x00002520                _ZN6Screen21Draw_CursorMenuScreenEv
 .text._ZN6Screen11Render_menuEv
                0x0000264a       0x16 Screen.o
                0x0000264a                _ZN6Screen11Render_menuEv
 .text._ZN6Screen14Draw_icon_menuEv
                0x00002660       0x1e Screen.o
                0x00002660                _ZN6Screen14Draw_icon_menuEv
 .text._ZN6Screen10Draw_WheelE5Wheel
                0x0000267e      0x1ca Screen.o
                0x0000267e                _ZN6Screen10Draw_WheelE5Wheel
 .text._ZN6Screen12Draw_CarrageEv
                0x00002848       0xf0 Screen.o
                0x00002848                _ZN6Screen12Draw_CarrageEv
 .text._ZN6Screen23Draw_adjustment_carrageEv
                0x00002938       0x7e Screen.o
                0x00002938                _ZN6Screen23Draw_adjustment_carrageEv
 .text._ZN6Screen21Draw_CursorMainScreenEv
                0x000029b6       0xc8 Screen.o
                0x000029b6                _ZN6Screen21Draw_CursorMainScreenEv
 .text._ZN6Screen16Print_Step_ValueEv
                0x00002a7e       0x54 Screen.o
                0x00002a7e                _ZN6Screen16Print_Step_ValueEv
 .text._ZN6Screen11Render_mainEv
                0x00002ad2       0x28 Screen.o
                0x00002ad2                _ZN6Screen11Render_mainEv
 .text._ZN6Screen6RenderER8ActivityR7Carrage
                0x00002afa       0x70 Screen.o
                0x00002afa                _ZN6Screen6RenderER8ActivityR7Carrage
 .text._ZN5PanelC2Ev
                0x00002b6a       0x30 Panel.o
                0x00002b6a                _ZN5PanelC2Ev
                0x00002b6a                _ZN5PanelC1Ev
 .text._ZN5Panel4InitER6ButtonS1_S1_S1_S1_
                0x00002b9a       0x6a Panel.o
                0x00002b9a                _ZN5Panel4InitER6ButtonS1_S1_S1_S1_
 .text._ZN5Panel7PressedEi
                0x00002c04       0x78 Panel.o
                0x00002c04                _ZN5Panel7PressedEi
 .text._ZN13SensorsWheelsC2Ev
                0x00002c7c        0x2 SensorsWheels.o
                0x00002c7c                _ZN13SensorsWheelsC1Ev
                0x00002c7c                _ZN13SensorsWheelsC2Ev
 .text._ZN13SensorsWheels4InitEv
                0x00002c7e       0x16 SensorsWheels.o
                0x00002c7e                _ZN13SensorsWheels4InitEv
 .text._ZN13SensorsWheels9getParamsEi
                0x00002c94       0x8e SensorsWheels.o
                0x00002c94                _ZN13SensorsWheels9getParamsEi
 .text._ZL8send_i2ch
                0x00002d22       0x2c Support.o
 .text._ZL9write_i2chh
                0x00002d4e       0x44 Support.o
 .text._ZN7SupportC2Ev
                0x00002d92        0x2 Support.o
                0x00002d92                _ZN7SupportC2Ev
                0x00002d92                _ZN7SupportC1Ev
 .text._ZN7Support4InitEv
                0x00002d94        0xa Support.o
                0x00002d94                _ZN7Support4InitEv
 .text._ZN7Support6AdjastEiiiii
                0x00002d9e       0xc2 Support.o
                0x00002d9e                _ZN7Support6AdjastEiiiii
 .text._ZN5WheelC2Ev
                0x00002e60        0x8 Wheel.o
                0x00002e60                _ZN5WheelC2Ev
                0x00002e60                _ZN5WheelC1Ev
 .text._ZN5Wheel9get_hightEv
                0x00002e68       0x1e Wheel.o
                0x00002e68                _ZN5Wheel9get_hightEv
 .text._ZN5Wheel4InitEi
                0x00002e86       0x5a Wheel.o
                0x00002e86                _ZN5Wheel4InitEi
 .text._ZN5Wheel12initialHightEv
                0x00002ee0       0x20 Wheel.o
                0x00002ee0                _ZN5Wheel12initialHightEv
 .text._ZN5Wheel13takeDerectionEv
                0x00002f00       0xce Wheel.o
                0x00002f00                _ZN5Wheel13takeDerectionEv
 .text._ZN5Wheel5CheckEv
                0x00002fce       0x46 Wheel.o
                0x00002fce                _ZN5Wheel5CheckEv
 .text._ZN5Wheel18ControlMalfinctionEv
                0x00003014       0x28 Wheel.o
                0x00003014                _ZN5Wheel18ControlMalfinctionEv
 .text._ZN5Wheel15IsChanchedHightEv
                0x0000303c       0x52 Wheel.o
                0x0000303c                _ZN5Wheel15IsChanchedHightEv
 .text._ZN5Wheel6SelectEv
                0x0000308e        0xc Wheel.o
                0x0000308e                _ZN5Wheel6SelectEv
 .text._ZN5Wheel2UpEf
                0x0000309a       0x5c Wheel.o
                0x0000309a                _ZN5Wheel2UpEf
 .text._ZN5Wheel4DownEf
                0x000030f6       0x5e Wheel.o
                0x000030f6                _ZN5Wheel4DownEf
 .text.avr-libc.fplib
                0x00003154        0xe c:/program files/atmel/studio/7.0/toolchain/avr8/avr8-gnu-toolchain/bin/../lib/gcc/avr/5.4.0/../../../../avr/lib/avr5\libm.a(addsf3.o)
                0x00003154                __subsf3
                0x00003156                __addsf3
 .text.avr-libc.fplib
                0x00003162       0xcc c:/program files/atmel/studio/7.0/toolchain/avr8/avr8-gnu-toolchain/bin/../lib/gcc/avr/5.4.0/../../../../avr/lib/avr5\libm.a(addsf3x.o)
                0x00003184                __addsf3x
 .text.avr-libc.fplib
                0x0000322e        0xa c:/program files/atmel/studio/7.0/toolchain/avr8/avr8-gnu-toolchain/bin/../lib/gcc/avr/5.4.0/../../../../avr/lib/avr5\libm.a(cmpsf2.o)
                0x0000322e                __nesf2
                0x0000322e                __eqsf2
                0x0000322e                __cmpsf2
                0x0000322e                __ltsf2
                0x0000322e                __lesf2
 .text.avr-libc.fplib
                0x00003238        0xe c:/program files/atmel/studio/7.0/toolchain/avr8/avr8-gnu-toolchain/bin/../lib/gcc/avr/5.4.0/../../../../avr/lib/avr5\libm.a(fixsfsi.o)
                0x00003238                __fixsfsi
 .text.avr-libc.fplib
                0x00003246       0x5e c:/program files/atmel/studio/7.0/toolchain/avr8/avr8-gnu-toolchain/bin/../lib/gcc/avr/5.4.0/../../../../avr/lib/avr5\libm.a(fixunssfsi.o)
                0x00003246                __fixunssfsi
 .text.avr-libc.fplib
                0x000032a4       0x7a c:/program files/atmel/studio/7.0/toolchain/avr8/avr8-gnu-toolchain/bin/../lib/gcc/avr/5.4.0/../../../../avr/lib/avr5\libm.a(floatsisf.o)
                0x000032a4                __floatunsisf
                0x000032a8                __floatsisf
 .text.avr-libc.fplib
                0x0000331e       0x48 c:/program files/atmel/studio/7.0/toolchain/avr8/avr8-gnu-toolchain/bin/../lib/gcc/avr/5.4.0/../../../../avr/lib/avr5\libm.a(fp_cmp.o)
                0x0000331e                __fp_cmp
 .text.avr-libc.fplib
                0x00003366        0xc c:/program files/atmel/studio/7.0/toolchain/avr8/avr8-gnu-toolchain/bin/../lib/gcc/avr/5.4.0/../../../../avr/lib/avr5\libm.a(fp_inf.o)
                0x00003366                __fp_inf
 .text.avr-libc.fplib
                0x00003372        0x6 c:/program files/atmel/studio/7.0/toolchain/avr8/avr8-gnu-toolchain/bin/../lib/gcc/avr/5.4.0/../../../../avr/lib/avr5\libm.a(fp_nan.o)
                0x00003372                __fp_nan
 .text.avr-libc.fplib
                0x00003378        0xe c:/program files/atmel/studio/7.0/toolchain/avr8/avr8-gnu-toolchain/bin/../lib/gcc/avr/5.4.0/../../../../avr/lib/avr5\libm.a(fp_pscA.o)
                0x00003378                __fp_pscA
 .text.avr-libc.fplib
                0x00003386        0xe c:/program files/atmel/studio/7.0/toolchain/avr8/avr8-gnu-toolchain/bin/../lib/gcc/avr/5.4.0/../../../../avr/lib/avr5\libm.a(fp_pscB.o)
                0x00003386                __fp_pscB
 .text.avr-libc.fplib
                0x00003394       0x22 c:/program files/atmel/studio/7.0/toolchain/avr8/avr8-gnu-toolchain/bin/../lib/gcc/avr/5.4.0/../../../../avr/lib/avr5\libm.a(fp_round.o)
                0x00003394                __fp_round
 .text.avr-libc.fplib
                0x000033b6       0x44 c:/program files/atmel/studio/7.0/toolchain/avr8/avr8-gnu-toolchain/bin/../lib/gcc/avr/5.4.0/../../../../avr/lib/avr5\libm.a(fp_split3.o)
                0x000033b6                __fp_split3
                0x000033c6                __fp_splitA
 .text.avr-libc.fplib
                0x000033fa        0xe c:/program files/atmel/studio/7.0/toolchain/avr8/avr8-gnu-toolchain/bin/../lib/gcc/avr/5.4.0/../../../../avr/lib/avr5\libm.a(fp_zero.o)
                0x000033fa                __fp_zero
                0x000033fc                __fp_szero
 .text.avr-libc.fplib
                0x00003408        0xa c:/program files/atmel/studio/7.0/toolchain/avr8/avr8-gnu-toolchain/bin/../lib/gcc/avr/5.4.0/../../../../avr/lib/avr5\libm.a(gesf2.o)
                0x00003408                __gesf2
                0x00003408                __gtsf2
 .text.avr-libc.fplib
                0x00003412        0x8 c:/program files/atmel/studio/7.0/toolchain/avr8/avr8-gnu-toolchain/bin/../lib/gcc/avr/5.4.0/../../../../avr/lib/avr5\libm.a(mulsf3.o)
                0x00003412                __mulsf3
 .text.avr-libc.fplib
                0x0000341a       0xd2 c:/program files/atmel/studio/7.0/toolchain/avr8/avr8-gnu-toolchain/bin/../lib/gcc/avr/5.4.0/../../../../avr/lib/avr5\libm.a(mulsf3x.o)
                0x00003438                __mulsf3x
                0x0000343e                __mulsf3_pse
 .text.libgcc.div
                0x000034ec       0x28 c:/program files/atmel/studio/7.0/toolchain/avr8/avr8-gnu-toolchain/bin/../lib/gcc/avr/5.4.0/avr5\libgcc.a(_divmodhi4.o)
                0x000034ec                _div
                0x000034ec                __divmodhi4
 .text.libgcc   0x00003514        0xc c:/program files/atmel/studio/7.0/toolchain/avr8/avr8-gnu-toolchain/bin/../lib/gcc/avr/5.4.0/avr5\libgcc.a(_tablejump2.o)
                0x00003514                __tablejump2__
 .text.libgcc.div
                0x00003520       0x28 c:/program files/atmel/studio/7.0/toolchain/avr8/avr8-gnu-toolchain/bin/../lib/gcc/avr/5.4.0/avr5\libgcc.a(_udivmodhi4.o)
                0x00003520                __udivmodhi4
 .text.avr-libc
                0x00003548        0xc C:/Program Files/Atmel/Studio/7.0/Packs/atmel/ATmega_DFP/1.2.209/gcc/dev/atmega328/avr5\libatmega328.a(eerd_dword.o)
                0x00003548                eeprom_read_float
                0x00003548                eeprom_read_dword
 .text.avr-libc
                0x00003554       0x10 C:/Program Files/Atmel/Studio/7.0/Packs/atmel/ATmega_DFP/1.2.209/gcc/dev/atmega328/avr5\libatmega328.a(eewr_dword.o)
                0x00003554                eeprom_write_dword
                0x00003554                eeprom_write_float
 .text.avr-libc
                0x00003564        0xa C:/Program Files/Atmel/Studio/7.0/Packs/atmel/ATmega_DFP/1.2.209/gcc/dev/atmega328/avr5\libatmega328.a(eewr_word.o)
                0x00003564                eeprom_write_word
 .text.avr-libc
                0x0000356e       0x20 C:/Program Files/Atmel/Studio/7.0/Packs/atmel/ATmega_DFP/1.2.209/gcc/dev/atmega328/avr5\libatmega328.a(eerd_block.o)
                0x0000356e                eeprom_read_block
                0x00003572                eeprom_read_blraw
 .text.avr-libc
                0x0000358e       0x1c C:/Program Files/Atmel/Studio/7.0/Packs/atmel/ATmega_DFP/1.2.209/gcc/dev/atmega328/avr5\libatmega328.a(eewr_byte.o)
                0x0000358e                eeprom_write_byte
                0x00003590                eeprom_write_r18
                0x000035aa                . = ALIGN (0x2)
 *(.fini9)
 .fini9         0x000035aa        0x0 c:/program files/atmel/studio/7.0/toolchain/avr8/avr8-gnu-toolchain/bin/../lib/gcc/avr/5.4.0/avr5\libgcc.a(_exit.o)
                0x000035aa                _exit
                0x000035aa                exit
 *(.fini9)
 *(.fini8)
 *(.fini8)
 *(.fini7)
 *(.fini7)
 *(.fini6)
 *(.fini6)
 *(.fini5)
 *(.fini5)
 *(.fini4)
 *(.fini4)
 *(.fini3)
 *(.fini3)
 *(.fini2)
 *(.fini2)
 *(.fini1)
 *(.fini1)
 *(.fini0)
 .fini0         0x000035aa        0x4 c:/program files/atmel/studio/7.0/toolchain/avr8/avr8-gnu-toolchain/bin/../lib/gcc/avr/5.4.0/avr5\libgcc.a(_exit.o)
 *(.fini0)
                0x000035ae                _etext = .

.data           0x00800100       0x7c load address 0x000035ae
                0x00800100                PROVIDE (__data_start, .)
 *(.data)
 *(.data*)
 *(.gnu.linkonce.d*)
 *(.rodata)
 *(.rodata*)
 .rodata.str1.1
                0x00800100       0x7c Screen.o
 *(.gnu.linkonce.r*)
                0x0080017c                . = ALIGN (0x2)
                0x0080017c                _edata = .
                0x0080017c                PROVIDE (__data_end, .)

.bss            0x0080017c      0x5c6
                0x0080017c                PROVIDE (__bss_start, .)
 *(.bss)
 *(.bss*)
 .bss._ZZ5gftoafiE3buf
                0x0080017c       0x10 LCDn5110.o
 .bss._ZL11LcdCacheIdx
                0x0080018c        0x2 LCDn5110.o
 .bss._ZL11HiWaterMark
                0x0080018e        0x2 LCDn5110.o
 .bss._ZL11LoWaterMark
                0x00800190        0x2 LCDn5110.o
 .bss._ZL8LcdCache
                0x00800192      0x1f8 LCDn5110.o
 .bss.activity  0x0080038a       0x96 main.o
                0x0080038a                activity
 .bss.screen    0x00800420      0x163 main.o
                0x00800420                screen
 .bss.panel     0x00800583       0x23 main.o
                0x00800583                panel
 .bss.carrage   0x008005a6       0xcd main.o
                0x008005a6                carrage
 .bss.wheel_lr  0x00800673       0x2b main.o
                0x00800673                wheel_lr
 .bss.wheel_rr  0x0080069e       0x2b main.o
                0x0080069e                wheel_rr
 .bss.wheel_rf  0x008006c9       0x2b main.o
                0x008006c9                wheel_rf
 .bss.wheel_lf  0x008006f4       0x2b main.o
                0x008006f4                wheel_lf
 .bss.rightButton
                0x0080071f        0x7 main.o
                0x0080071f                rightButton
 .bss.leftButton
                0x00800726        0x7 main.o
                0x00800726                leftButton
 .bss.downButton
                0x0080072d        0x7 main.o
                0x0080072d                downButton
 .bss.upButton  0x00800734        0x7 main.o
                0x00800734                upButton
 .bss.okButton  0x0080073b        0x7 main.o
                0x0080073b                okButton
 *(COMMON)
                0x00800742                PROVIDE (__bss_end, .)
                0x000035ae                __data_load_start = LOADADDR (.data)
                0x0000362a                __data_load_end = (__data_load_start + SIZEOF (.data))

.noinit         0x00800742        0x0
                [!provide]                PROVIDE (__noinit_start, .)
 *(.noinit*)
                [!provide]                PROVIDE (__noinit_end, .)
                0x00800742                _end = .
                [!provide]                PROVIDE (__heap_start, .)

.eeprom         0x00810000       0x40
 *(.eeprom*)
 .eeprom        0x00810000       0x40 main.o
                0x00810000                PositionsStates
                0x0081003c                Tunning_rate
                0x00810040                __eeprom_end = .

.fuse
 *(.fuse)
 *(.lfuse)
 *(.hfuse)
 *(.efuse)

.lock
 *(.lock*)

.signature
 *(.signature*)

.user_signatures
 *(.user_signatures*)

.stab
 *(.stab)

.stabstr
 *(.stabstr)

.stab.excl
 *(.stab.excl)

.stab.exclstr
 *(.stab.exclstr)

.stab.index
 *(.stab.index)

.stab.indexstr
 *(.stab.indexstr)

.comment        0x00000000       0x30
 *(.comment)
 .comment       0x00000000       0x30 Activity.o
                                 0x31 (size before relaxing)
 .comment       0x00000030       0x31 Button.o
 .comment       0x00000030       0x31 Carrage.o
 .comment       0x00000030       0x31 LCDn5110.o
 .comment       0x00000030       0x31 main.o
 .comment       0x00000030       0x31 Screen.o
 .comment       0x00000030       0x31 Panel.o
 .comment       0x00000030       0x31 SensorsWheels.o
 .comment       0x00000030       0x31 Support.o
 .comment       0x00000030       0x31 Wheel.o

.note.gnu.avr.deviceinfo
                0x00000000       0x3c
 .note.gnu.avr.deviceinfo
                0x00000000       0x3c C:/Program Files/Atmel/Studio/7.0/Packs/atmel/ATmega_DFP/1.2.209/gcc/dev/atmega328/avr5/crtatmega328.o

.note.gnu.build-id
 *(.note.gnu.build-id)

.debug
 *(.debug)

.line
 *(.line)

.debug_srcinfo
 *(.debug_srcinfo)

.debug_sfnames
 *(.debug_sfnames)

.debug_aranges  0x00000000      0x478
 *(.debug_aranges)
 .debug_aranges
                0x00000000       0x70 Activity.o
 .debug_aranges
                0x00000070       0x30 Button.o
 .debug_aranges
                0x000000a0       0x70 Carrage.o
 .debug_aranges
                0x00000110       0xa0 LCDn5110.o
 .debug_aranges
                0x000001b0       0x78 main.o
 .debug_aranges
                0x00000228       0x90 Screen.o
 .debug_aranges
                0x000002b8       0x30 Panel.o
 .debug_aranges
                0x000002e8       0x30 SensorsWheels.o
 .debug_aranges
                0x00000318       0x50 Support.o
 .debug_aranges
                0x00000368       0x70 Wheel.o
 .debug_aranges
                0x000003d8       0x20 C:/Program Files/Atmel/Studio/7.0/Packs/atmel/ATmega_DFP/1.2.209/gcc/dev/atmega328/avr5\libatmega328.a(eerd_dword.o)
 .debug_aranges
                0x000003f8       0x20 C:/Program Files/Atmel/Studio/7.0/Packs/atmel/ATmega_DFP/1.2.209/gcc/dev/atmega328/avr5\libatmega328.a(eewr_dword.o)
 .debug_aranges
                0x00000418       0x20 C:/Program Files/Atmel/Studio/7.0/Packs/atmel/ATmega_DFP/1.2.209/gcc/dev/atmega328/avr5\libatmega328.a(eewr_word.o)
 .debug_aranges
                0x00000438       0x20 C:/Program Files/Atmel/Studio/7.0/Packs/atmel/ATmega_DFP/1.2.209/gcc/dev/atmega328/avr5\libatmega328.a(eerd_block.o)
 .debug_aranges
                0x00000458       0x20 C:/Program Files/Atmel/Studio/7.0/Packs/atmel/ATmega_DFP/1.2.209/gcc/dev/atmega328/avr5\libatmega328.a(eewr_byte.o)

.debug_pubnames
 *(.debug_pubnames)

.debug_info     0x00000000     0xaab7
 *(.debug_info .gnu.linkonce.wi.*)
 .debug_info    0x00000000      0x5f4 C:/Program Files/Atmel/Studio/7.0/Packs/atmel/ATmega_DFP/1.2.209/gcc/dev/atmega328/avr5/crtatmega328.o
 .debug_info    0x000005f4     0x1a3d Activity.o
 .debug_info    0x00002031      0x297 Button.o
 .debug_info    0x000022c8     0x1964 Carrage.o
 .debug_info    0x00003c2c      0xb72 LCDn5110.o
 .debug_info    0x0000479e     0x2679 main.o
 .debug_info    0x00006e17     0x268a Screen.o
 .debug_info    0x000094a1      0x438 Panel.o
 .debug_info    0x000098d9      0x1a6 SensorsWheels.o
 .debug_info    0x00009a7f      0x6a4 Support.o
 .debug_info    0x0000a123      0x63a Wheel.o
 .debug_info    0x0000a75d       0xac C:/Program Files/Atmel/Studio/7.0/Packs/atmel/ATmega_DFP/1.2.209/gcc/dev/atmega328/avr5\libatmega328.a(eerd_dword.o)
 .debug_info    0x0000a809       0xac C:/Program Files/Atmel/Studio/7.0/Packs/atmel/ATmega_DFP/1.2.209/gcc/dev/atmega328/avr5\libatmega328.a(eewr_dword.o)
 .debug_info    0x0000a8b5       0xab C:/Program Files/Atmel/Studio/7.0/Packs/atmel/ATmega_DFP/1.2.209/gcc/dev/atmega328/avr5\libatmega328.a(eewr_word.o)
 .debug_info    0x0000a960       0xac C:/Program Files/Atmel/Studio/7.0/Packs/atmel/ATmega_DFP/1.2.209/gcc/dev/atmega328/avr5\libatmega328.a(eerd_block.o)
 .debug_info    0x0000aa0c       0xab C:/Program Files/Atmel/Studio/7.0/Packs/atmel/ATmega_DFP/1.2.209/gcc/dev/atmega328/avr5\libatmega328.a(eewr_byte.o)

.debug_abbrev   0x00000000     0x1e35
 *(.debug_abbrev)
 .debug_abbrev  0x00000000      0x5a2 C:/Program Files/Atmel/Studio/7.0/Packs/atmel/ATmega_DFP/1.2.209/gcc/dev/atmega328/avr5/crtatmega328.o
 .debug_abbrev  0x000005a2      0x2ea Activity.o
 .debug_abbrev  0x0000088c      0x1bf Button.o
 .debug_abbrev  0x00000a4b      0x293 Carrage.o
 .debug_abbrev  0x00000cde      0x2dc LCDn5110.o
 .debug_abbrev  0x00000fba      0x3c2 main.o
 .debug_abbrev  0x0000137c      0x357 Screen.o
 .debug_abbrev  0x000016d3      0x181 Panel.o
 .debug_abbrev  0x00001854      0x12d SensorsWheels.o
 .debug_abbrev  0x00001981      0x28e Support.o
 .debug_abbrev  0x00001c0f      0x1c2 Wheel.o
 .debug_abbrev  0x00001dd1       0x14 C:/Program Files/Atmel/Studio/7.0/Packs/atmel/ATmega_DFP/1.2.209/gcc/dev/atmega328/avr5\libatmega328.a(eerd_dword.o)
 .debug_abbrev  0x00001de5       0x14 C:/Program Files/Atmel/Studio/7.0/Packs/atmel/ATmega_DFP/1.2.209/gcc/dev/atmega328/avr5\libatmega328.a(eewr_dword.o)
 .debug_abbrev  0x00001df9       0x14 C:/Program Files/Atmel/Studio/7.0/Packs/atmel/ATmega_DFP/1.2.209/gcc/dev/atmega328/avr5\libatmega328.a(eewr_word.o)
 .debug_abbrev  0x00001e0d       0x14 C:/Program Files/Atmel/Studio/7.0/Packs/atmel/ATmega_DFP/1.2.209/gcc/dev/atmega328/avr5\libatmega328.a(eerd_block.o)
 .debug_abbrev  0x00001e21       0x14 C:/Program Files/Atmel/Studio/7.0/Packs/atmel/ATmega_DFP/1.2.209/gcc/dev/atmega328/avr5\libatmega328.a(eewr_byte.o)

.debug_line     0x00000000     0x2a68
 *(.debug_line .debug_line.* .debug_line_end)
 .debug_line    0x00000000      0x133 C:/Program Files/Atmel/Studio/7.0/Packs/atmel/ATmega_DFP/1.2.209/gcc/dev/atmega328/avr5/crtatmega328.o
 .debug_line    0x00000133      0x721 Activity.o
 .debug_line    0x00000854      0x1eb Button.o
 .debug_line    0x00000a3f      0x4bf Carrage.o
 .debug_line    0x00000efe      0x620 LCDn5110.o
 .debug_line    0x0000151e      0x626 main.o
 .debug_line    0x00001b44      0x556 Screen.o
 .debug_line    0x0000209a       0xeb Panel.o
 .debug_line    0x00002185       0xdd SensorsWheels.o
 .debug_line    0x00002262      0x30d Support.o
 .debug_line    0x0000256f      0x285 Wheel.o
 .debug_line    0x000027f4       0x68 C:/Program Files/Atmel/Studio/7.0/Packs/atmel/ATmega_DFP/1.2.209/gcc/dev/atmega328/avr5\libatmega328.a(eerd_dword.o)
 .debug_line    0x0000285c       0x68 C:/Program Files/Atmel/Studio/7.0/Packs/atmel/ATmega_DFP/1.2.209/gcc/dev/atmega328/avr5\libatmega328.a(eewr_dword.o)
 .debug_line    0x000028c4       0x5b C:/Program Files/Atmel/Studio/7.0/Packs/atmel/ATmega_DFP/1.2.209/gcc/dev/atmega328/avr5\libatmega328.a(eewr_word.o)
 .debug_line    0x0000291f       0xab C:/Program Files/Atmel/Studio/7.0/Packs/atmel/ATmega_DFP/1.2.209/gcc/dev/atmega328/avr5\libatmega328.a(eerd_block.o)
 .debug_line    0x000029ca       0x9e C:/Program Files/Atmel/Studio/7.0/Packs/atmel/ATmega_DFP/1.2.209/gcc/dev/atmega328/avr5\libatmega328.a(eewr_byte.o)

.debug_frame    0x00000000      0xcec
 *(.debug_frame)
 .debug_frame   0x00000000      0x140 Activity.o
 .debug_frame   0x00000140       0x44 Button.o
 .debug_frame   0x00000184      0x2a8 Carrage.o
 .debug_frame   0x0000042c      0x210 LCDn5110.o
 .debug_frame   0x0000063c      0x18c main.o
 .debug_frame   0x000007c8      0x1d0 Screen.o
 .debug_frame   0x00000998       0x84 Panel.o
 .debug_frame   0x00000a1c       0x44 SensorsWheels.o
 .debug_frame   0x00000a60       0xf4 Support.o
 .debug_frame   0x00000b54      0x198 Wheel.o

.debug_str      0x00000000     0x1872
 *(.debug_str)
 .debug_str     0x00000000      0x208 C:/Program Files/Atmel/Studio/7.0/Packs/atmel/ATmega_DFP/1.2.209/gcc/dev/atmega328/avr5/crtatmega328.o
 .debug_str     0x00000208      0xb3b Activity.o
                                0xc6e (size before relaxing)
 .debug_str     0x00000d43       0x7c Button.o
                                0x276 (size before relaxing)
 .debug_str     0x00000dbf      0x102 Carrage.o
                                0x792 (size before relaxing)
 .debug_str     0x00000ec1      0x29a LCDn5110.o
                                0x500 (size before relaxing)
 .debug_str     0x0000115b      0x589 main.o
                               0x1099 (size before relaxing)
 .debug_str     0x000016e4       0x3e Screen.o
                                0xf4d (size before relaxing)
 .debug_str     0x00001722       0x44 Panel.o
                                0x264 (size before relaxing)
 .debug_str     0x00001766       0x3b SensorsWheels.o
                                0x242 (size before relaxing)
 .debug_str     0x000017a1       0xb4 Support.o
                                0x321 (size before relaxing)
 .debug_str     0x00001855       0x1d Wheel.o
                                0x424 (size before relaxing)

.debug_loc      0x00000000     0x469d
 *(.debug_loc)
 .debug_loc     0x00000000      0x959 Activity.o
 .debug_loc     0x00000959      0x147 Button.o
 .debug_loc     0x00000aa0      0xb5d Carrage.o
 .debug_loc     0x000015fd      0xffe LCDn5110.o
 .debug_loc     0x000025fb      0x36f main.o
 .debug_loc     0x0000296a      0xc92 Screen.o
 .debug_loc     0x000035fc      0x1ff Panel.o
 .debug_loc     0x000037fb       0xa3 SensorsWheels.o
 .debug_loc     0x0000389e      0x83a Support.o
 .debug_loc     0x000040d8      0x5c5 Wheel.o

.debug_macinfo
 *(.debug_macinfo)

.debug_weaknames
 *(.debug_weaknames)

.debug_funcnames
 *(.debug_funcnames)

.debug_typenames
 *(.debug_typenames)

.debug_varnames
 *(.debug_varnames)

.debug_pubtypes
 *(.debug_pubtypes)

.debug_ranges   0x00000000      0x350
 *(.debug_ranges)
 .debug_ranges  0x00000000       0x60 Activity.o
 .debug_ranges  0x00000060       0x20 Button.o
 .debug_ranges  0x00000080       0x60 Carrage.o
 .debug_ranges  0x000000e0       0x90 LCDn5110.o
 .debug_ranges  0x00000170       0x68 main.o
 .debug_ranges  0x000001d8       0x80 Screen.o
 .debug_ranges  0x00000258       0x20 Panel.o
 .debug_ranges  0x00000278       0x20 SensorsWheels.o
 .debug_ranges  0x00000298       0x58 Support.o
 .debug_ranges  0x000002f0       0x60 Wheel.o

.debug_macro
 *(.debug_macro)
OUTPUT(CarSupport.elf elf32-avr)
LOAD linker stubs
